--------- beginning of /dev/log/main
04-11 11:25:07.810  1861  1924 I StvLogReport: MiaoZhenReporter, ===retryCachedRequests===
04-11 11:25:07.910  1820  1820 I AppPlugin: AppWorkspace --  handleMessage : { what=105 when=-22ms }
04-11 11:25:07.910  1820  1820 D AppPlugin: Utilities -- verifySupportSdk currentVersion = 0.5.7
04-11 11:25:07.910  1310  1310 E LETV_DEVICE: int get_device_attr(const char*, char*) name=sn
04-11 11:25:07.910  1310  1310 E LETV_DEVICE: read env sn Failed
04-11 11:25:07.910  1310  1310 D LetvManager-Util: [get_device] get package sn key error
04-11 11:25:07.910  1310  1358 E LETV_DEVICE: int get_device_attr(const char*, char*) name=swversion
04-11 11:25:07.914  1310  1945 E LETV_DEVICE: int get_device_attr(const char*, char*) name=releaseversion
04-11 11:25:07.918  1310  1946 E LETV_DEVICE: int get_device_attr(const char*, char*) name=Model
04-11 11:25:07.922  1310  1310 E LETV_DEVICE: int get_device_attr(const char*, char*) name=uiversion
04-11 11:25:07.926  1310  1358 E LETV_DEVICE: int get_device_attr(const char*, char*) name=hwversion
04-11 11:25:07.926  1310  1945 E LETV_DEVICE: int get_device_attr(const char*, char*) name=eth
04-11 11:25:07.930  1820  1820 I AppPlugin: AppWorkspace -- getRecommendInfoUseNewApi url = http://test.tvapi.letv.com/api/v1/app/mainIcon?version=V2201RCN02C060239B04101T&versionName=6.0.239T_0410&model=S243F&ui=6.0&hwVersion=H5000&mac=c80e777673a7&region=CN&user-prefer-language=zh-cn
04-11 11:25:07.930  1820  1820 D AppPlugin: strDate: Tue, 11 Apr 2017 11:25:07 GMT
04-11 11:25:07.930  1820  1820 D AppPlugin: url http://test.tvapi.letv.com/api/v1/app/mainIcon?version=V2201RCN02C060239B04101T&versionName=6.0.239T_0410&model=S243F&ui=6.0&hwVersion=H5000&mac=c80e777673a7&region=CN&user-prefer-language=zh-cn
04-11 11:25:07.930  1820  1820 D AppPlugin: value version key: V2201RCN02C060239B04101T
04-11 11:25:07.930  1820  1820 D AppPlugin: value versionName key: 6.0.239T_0410
04-11 11:25:07.930  1820  1820 D AppPlugin: value model key: S243F
04-11 11:25:07.930  1820  1820 D AppPlugin: value ui key: 6.0
04-11 11:25:07.930  1820  1820 D AppPlugin: value hwVersion key: H5000
04-11 11:25:07.930  1820  1820 D AppPlugin: value mac key: c80e777673a7
04-11 11:25:07.930  1820  1820 D AppPlugin: value region key: CN
04-11 11:25:07.930  1820  1820 D AppPlugin: value user-prefer-language key: zh-cn
04-11 11:25:07.934  1820  1820 D Launcher: [SDK_HTTP][HttpManager]:com.stv.plugin.app enqueue http://test.tvapi.letv.com/api/v1/app/mainIcon?version=V2201RCN02C060239B04101T&versionName=6.0.239T_0410&model=S243F&ui=6.0&hwVersion=H5000&mac=c80e777673a7&region=CN&user-prefer-language=zh-cn
04-11 11:25:07.962  2377  2381 D dalvikvm: GC_CONCURRENT freed 458K, 22% free 3417K/4340K, paused 5ms+2ms, total 38ms
04-11 11:25:07.994  1820  4765 I AppPlugin: AppWorkspace -- getRecommendInfoUseNewApi response Json = {"errno":10000,"errmsg":"success","data":[{"title":"97","img":"http:\/\/static.scloud.letv.com\/res\/3cf19696-e543-4861-8ed2-49289662d10f.png","position":"3","desk_version":"5.5","index":2},{"title":"130","img":"http:\/\/static.scloud.letv.com\/res\/78859a46-e139-4d66-ad11-0dc0c0559dfa.jpg","position":"1","desk_version":"5.5","index":1},{"title":"132","img":"http:\/\/static.scloud.letv.com\/res\/5629a825-d359-42fa-a22a-d669ea1c8c31.png","position":"2","desk_version":"5.5","index":3}]}
04-11 11:25:07.998  1820  4765 I AppPlugin: AppWorkspace --  getRecommendInfoUseNewApi onSuccess appIconBeanList :  errno = 10000 errmsg = success data = [ title = 97 img = http://static.scloud.letv.com/res/3cf19696-e543-4861-8ed2-49289662d10f.png index = 2 desk_version = 5.5,  title = 130 img = http://static.scloud.letv.com/res/78859a46-e139-4d66-ad11-0dc0c0559dfa.jpg index = 1 desk_version = 5.5,  title = 132 img = http://static.scloud.letv.com/res/5629a825-d359-42fa-a22a-d669ea1c8c31.png index = 3 desk_version = 5.5]
04-11 11:25:08.002  1820  4765 I AppPlugin: AppWorkspace --  getRecommendInfoUseNewApi onSuccess shortcutInfo =  title = 超级游戏大厅 packageName = com.letv.tvos.gamecenter className = com.letv.tvos.gamecenter.SplashActivity type = 0 flags = 10010181 downState = null
04-11 11:25:08.002  1820  4765 I AppPlugin: ShortcutDBHelper --  update  title = 超级游戏大厅 packageName = com.letv.tvos.gamecenter className = com.letv.tvos.gamecenter.SplashActivity type = 0 flags = 10010181 downState = null
04-11 11:25:08.014  1820  4765 I AppPlugin: AppWorkspace --  getRecommendInfoUseNewApi onSuccess shortcutInfo =  title = 超级影视 packageName = com.letv.tv className = com.letv.tv.player.PlayActivity type = 0 flags = 10010181 downState = null
04-11 11:25:08.014  1820  4765 I AppPlugin: ShortcutDBHelper --  update  title = 超级影视 packageName = com.letv.tv className = com.letv.tv.player.PlayActivity type = 0 flags = 10010181 downState = null
04-11 11:25:08.026  1820  4765 I AppPlugin: AppWorkspace --  getRecommendInfoUseNewApi onSuccess shortcutInfo =  title = 应用商店 packageName = com.letv.tvos.appstore className = com.letv.tvos.appstore.appmodule.loading.LoadingActivity type = 0 flags = 10010181 downState = null
04-11 11:25:08.026  1820  4765 I AppPlugin: ShortcutDBHelper --  update  title = 应用商店 packageName = com.letv.tvos.appstore className = com.letv.tvos.appstore.appmodule.loading.LoadingActivity type = 0 flags = 10010181 downState = null
04-11 11:25:08.054  1820  1820 I AppPlugin: AppWorkspace --  handleMessage : { what=104 when=-23ms }
04-11 11:25:08.058  1820  1820 D AppPlugin: AppCellView --  updateRecommendIcon the same url ,only update .
04-11 11:25:08.062  1820  1820 D Launcher: [SDK][EcoFrescoViewImpl]:onFinalImageSet size[400,225] quality=2147483647 good-enough=true full-quality=true
04-11 11:25:08.066  1820  1820 D AppPlugin: AppCellView --  updateRecommendIcon the same url ,only update .
04-11 11:25:08.066  1820  1820 D Launcher: [SDK][EcoFrescoViewImpl]:onFinalImageSet size[540,370] quality=2147483647 good-enough=true full-quality=true
04-11 11:25:08.074  1820  1820 D AppPlugin: AppCellView --  updateRecommendIcon the same url ,only update .
04-11 11:25:08.074  1820  1820 D Launcher: [SDK][EcoFrescoViewImpl]:onFinalImageSet size[540,370] quality=2147483647 good-enough=true full-quality=true
04-11 11:25:08.074  1310  1946 E LETV_DEVICE: int get_device_attr(const char*, char*) name=platform
04-11 11:25:08.098  1587  1625 D InputDispatcher: notifyKey - eventTime=49536032810000, deviceId=5, source=0x301, policyFlags=0x0, action=0x0, flags=0x8, keyCode=21, scanCode=105, metaState=0x0, downTime=49536032810000
--------- beginning of /dev/log/system
04-11 11:25:08.098  1587  1624 W ContextImpl: Calling a method in the system process without a qualified user: android.app.ContextImpl.sendBroadcast:1069 com.android.internal.policy.impl.PhoneWindowManager.interceptKeyBeforeDispatching:2609 com.android.server.wm.InputMonitor.interceptKeyBeforeDispatching:354 com.android.server.input.InputManagerService.interceptKeyBeforeDispatching:1463 dalvik.system.NativeStart.run:-2 
04-11 11:25:08.110  1772  1772 D LetvPinyinIME: record_sound -- onKeyDown keyCode:21
04-11 11:25:08.134  1820  1820 D Launcher: TabSpace -- findNextFocus com.stv.launcher.widget.TabItemNew{435fcf70 V.E...C. ........ 0,7-232,67}
04-11 11:25:08.134  1820  1820 D Launcher: TabSpace -- dispatchKeyEvent handled = false
04-11 11:25:08.134  1820  1820 D Launcher: LauncherActivity -- handle left key to Signal, desktopIndex=0
04-11 11:25:08.138  1820  1820 I SoundEffectUtil: enter : func playSoundEffect
04-11 11:25:08.138  1292 32555 D AudioPolicyManagerBase: STRATEGY_PHONE ====> device 2
04-11 11:25:08.142  1587  1587 V PackageManager: getActivityInfo ComponentInfo{com.stv.signalsourcemanager/com.stv.signalsourcemanager.MainActivity}: Activity{4219fd70 com.stv.signalsourcemanager/.MainActivity}
04-11 11:25:08.142  1587  1587 V PackageManager: isEnabledLock - packageName = com.stv.signalsourcemanager componentName = com.stv.signalsourcemanager.MainActivity
04-11 11:25:08.142  1587  1587 V PackageManager: enabledComponents: []
04-11 11:25:08.142  1587  1587 V PackageManager: disabledComponents: []
04-11 11:25:08.142  1587  1587 I ActivityManager: START u0 {cmp=com.stv.signalsourcemanager/.MainActivity} from pid 1820
04-11 11:25:08.161     0     0 W KERNEL  : <4>[49519.918168] [0012384022][MAD_ALSA][000964]     <6>Wake up Playback Monitor 0
04-11 11:25:08.162  1292  1632 D AudioPolicyManagerBase: STRATEGY_PHONE ====> device 2
04-11 11:25:08.230  1587  1587 D dalvikvm: GC_FOR_ALLOC freed 1653K, 61% free 8118K/20592K, paused 47ms, total 47ms
04-11 11:25:08.234  1820  1820 D Launcher: ReportLogUtil -- reportDesktopDisappear
04-11 11:25:08.234  1820  1820 D Launcher: LauncherAdapterPresenter -- onActivityStop --> currentTab=0 currentShow=0  cf=AppFragment{445077f0 #0 id=0x7f0d001e}
04-11 11:25:08.234  1820  1820 I AppPlugin: AppFragment -- === onFragmentShowChanged === gainShow : false
04-11 11:25:08.234  1820  1820 D LeleVoiceSDK: -exitFullVoice-
--------- beginning of /dev/log/events
04-11 11:25:08.234  1587  1587 I am_pause_activity: [0,1110800432,com.stv.launcher/.activity.Launcher]
04-11 11:25:08.234  1587  1587 I am_task_to_front: [0,4]
04-11 11:25:08.234  1587  1587 I am_new_intent: [0,1112553744,4,com.stv.signalsourcemanager/.MainActivity,NULL,NULL,NULL,4194304]
04-11 11:25:08.238  2230  2242 D LeVoice_WindowService: exitSceneVoice, a284e033-7fdd-4730-ac49-df5271c2d771
04-11 11:25:08.238  2230  2242 I LeVoice_SDK_VoiceHelper:  - exitScene udid:a284e033-7fdd-4730-ac49-df5271c2d771
04-11 11:25:08.238  1820  1820 D LeleVoiceSDK: -unbindService-
04-11 11:25:08.238  1820  1820 W PluginFramework -- WidgetContextWrapper: 框架unbind操作失败，则交给Context自己处理
04-11 11:25:08.238  1310  1310 E LETV_DEVICE: int get_device_attr(const char*, char*) name=platform
04-11 11:25:08.238  1820  1820 I AppPlugin: AppFragment --  onFragmentShowChanged AppWorkspace.mState : STATE_NORMAL AppFolderWorkspace.mState = STATE_NORMAL
04-11 11:25:08.238  1820  2194 W ContextImpl: Calling a method in the system process without a qualified user: android.app.ContextImpl.bindService:1466 android.content.ContextWrapper.bindService:496 com.android.letvmanager.ReportLogManager.connectToService:255 com.android.letvmanager.ReportLogManager.reportToStargazer:352 com.android.letvmanager.LetvManager.onReportToCloud:504 
04-11 11:25:08.242  1820  1820 I AppPlugin: AppWorkspace --  cancelUpdateBroadcast 
04-11 11:25:08.242  1820  1820 D Launcher: [SDK][BaseFragment]:==> onFragmentShowChanged  [null] false, take 5 ms
04-11 11:25:08.242  1820  1820 D Launcher: LauncherActivity -- switch to signal true
04-11 11:25:08.242  1820  2194 D LetvManager-JNI: get postmsg:action=plugDisappear&desktopId=com.stv.plugin.app&plugVersion=1.0.1&totalTime=11, getmsg:NULL, msgType:tvAction
04-11 11:25:08.242  1310  1358 D LetvManager-Service: line:65 fun:onReportLog msgType:tvAction, getmsg:(null), postmsg:action=plugDisappear&desktopId=com.stv.plugin.app&plugVersion=1.0.1&totalTime=11
04-11 11:25:08.242  1820  2194 W ContextImpl: Calling a method in the system process without a qualified user: android.app.ContextImpl.bindService:1466 android.content.ContextWrapper.bindService:496 com.android.letvmanager.ReportLogManager.connectToService:255 com.android.letvmanager.ReportLogManager.reportToAgnes:370 com.android.letvmanager.LetvManager.reportEvent:520 
04-11 11:25:08.246  1310  1945 E LETV_DEVICE: int get_device_attr(const char*, char*) name=sn
04-11 11:25:08.246  1310  1945 E LETV_DEVICE: read env sn Failed
04-11 11:25:08.250  1310  1945 D LetvManager-Util: [get_device] get package sn key error
04-11 11:25:08.254  1861  1960 I [T0.9.9]EuiAgnes_MessageProcessor: dealMsg@42236020,pri:1,sendCond:0
04-11 11:25:08.254  1861  1961 W System.err: java.lang.IllegalArgumentException: Unknown URL content://com.letv.agnes.InfoProvider
04-11 11:25:08.254  1820  1820 D Launcher: LauncherApplication --  onActivityPaused ComponentInfo{com.stv.launcher/com.stv.launcher.activity.Launcher}
04-11 11:25:08.254  1820  1820 V FragmentManager: movefrom RESUMED: AppFragment{445077f0 #0 id=0x7f0d001e}
04-11 11:25:08.254  1861  1961 E ActivityThread: Failed to find provider info for com.letv.agnes.InfoProvider
04-11 11:25:08.258  1820  1820 V FragmentManager: movefrom RESUMED: LauncherFragment{42b9d228 #1 id=0x7f0d001e}
04-11 11:25:08.258  1820  1820 V FragmentManager: movefrom RESUMED: PlayerMainFragment{430debd0 #0 id=0x7f0e0013 PlayerMainFragment}
04-11 11:25:08.258  1820  1820 I TvLiveBaseFragment: onPause
04-11 11:25:08.258  1861  1961 W System.err: 	at android.content.ContentResolver.delete(ContentResolver.java:1002)
04-11 11:25:08.258  1820  1820 I PlayerMainFragment: PlayMainFragment onFragmentPause
04-11 11:25:08.258  1820  1820 D LauncherFragment: LauncherFragment onPause
04-11 11:25:08.258  1820  1820 V FragmentManager: movefrom RESUMED: VideoFragment{42b5f718 #2 id=0x7f0d001e}
04-11 11:25:08.258  1820  1820 V FragmentManager: movefrom RESUMED: SearchFragment{42ac0dc8 #3 id=0x7f0d001e}
04-11 11:25:08.258  1861  1961 W System.err: 	at com.letv.tracker2.agnes.a.d(Unknown Source)
04-11 11:25:08.258  1820  1820 V FragmentManager: movefrom RESUMED: VideoFragment{42f492b0 #4 id=0x7f0d001e}
04-11 11:25:08.258  1820  1820 I Launcher: LauncherActivity -- onPause  mBootSignalFirst=false
04-11 11:25:08.258  1820  1820 I Launcher: ===== enalbeAllKey =====
04-11 11:25:08.258  1861  1961 W System.err: 	at com.letv.tracker2.agnes.a.bg(Unknown Source)
04-11 11:25:08.258  1861  1961 W System.err: 	at com.letv.tracker2.agnes.o.handleMessage(Unknown Source)
04-11 11:25:08.258  1587  2119 D WindowManager: setBlockVoiceKey = false
04-11 11:25:08.258  1861  1961 W System.err: 	at android.os.Handler.dispatchMessage(Handler.java:99)
04-11 11:25:08.258  1587  1739 D WindowManager: setBlockSourceKey = false
04-11 11:25:08.258  1861  1961 W System.err: 	at android.os.Looper.loop(Looper.java:137)
04-11 11:25:08.258  1861  1961 W System.err: 	at com.letv.tracker2.agnes.f.run(Unknown Source)
04-11 11:25:08.258  1587  2130 D WindowManager: setBlockSettingKey = false
04-11 11:25:08.258  1587  1807 D WindowManager: setBlockFunctionKeys = false
04-11 11:25:08.262  1587  1868 D WindowManager: setBlockHomeKey = false
04-11 11:25:08.262  1820  1820 I am_on_paused_called: [0,com.stv.launcher.activity.Launcher]
04-11 11:25:08.270  1587  1587 V ActivityManager: add to pkglist=com.android.gallery3d
04-11 11:25:08.274  1587  1587 I PictureManager_JNI: keepScalerOutput4k2k
04-11 11:25:08.274  1587  1587 V ActivityManager: !!!!!not keep the scalar to 4k2k30hz
04-11 11:25:08.274  1587  1587 V ActivityManager: r1) packageName=com.stv.signalsourcemanager finishing=false
04-11 11:25:08.274  1587  1587 V ActivityManager: r0) packageName=com.stv.launcher finishing=false
04-11 11:25:08.278  1587  1625 D InputDispatcher: notifyKey - eventTime=49536212124000, deviceId=5, source=0x301, policyFlags=0x0, action=0x1, flags=0x8, keyCode=21, scanCode=105, metaState=0x0, downTime=49536032810000
04-11 11:25:08.278  1861  1960 I [T0.9.9]EuiAgnes_sEvt: event:disappear,app:TVDesktop,widget:,Send success.
04-11 11:25:08.278  1587  1624 W ContextImpl: Calling a method in the system process without a qualified user: android.app.ContextImpl.sendBroadcast:1069 com.android.internal.policy.impl.PhoneWindowManager.interceptKeyBeforeDispatching:2609 com.android.server.wm.InputMonitor.interceptKeyBeforeDispatching:354 com.android.server.input.InputManagerService.interceptKeyBeforeDispatching:1463 dalvik.system.NativeStart.run:-2 
04-11 11:25:08.282  1587  1587 V PackageManager: getPackageInfo com.stv.launcher: Package{4230dec0 com.stv.launcher}
04-11 11:25:08.282  1310  1357 D LetvManager-LogReport: send msg to server++++++++ msg type:19
04-11 11:25:08.282  1310  1357 D LetvManager-LogReport: ====================== msg type:19, m_bootstart:0
04-11 11:25:08.282  1310  1357 E LETV_DEVICE: int get_device_attr(const char*, char*) name=uitype
04-11 11:25:08.282  1587  1587 V PackageManager: getApplicationInfo com.stv.launcher: Package{4230dec0 com.stv.launcher}
04-11 11:25:08.282  1310  1946 D LetvManager-Service: line:55 fun:isRunReportLog is call!
04-11 11:25:08.282  1310  1357 D LetvManager-LogReport: [send_msg] ========= m_leurl.ip:1863487699, port:20480, path:/2bx0/api
04-11 11:25:08.282  1310  1357 E LETV_DEVICE: int get_device_attr(const char*, char*) name=uitype
04-11 11:25:08.282  1587  1587 I am_resume_activity: [0,1113194184,4,com.stv.signalsourcemanager/.MainActivity]
04-11 11:25:08.286  1310  1357 D LetvManager-LogReport: [send_msg] report url = http://develop.bigdata.letv.com:80/2bx0/api/log/tvAction
04-11 11:25:08.286  1310  1357 D LetvManager-http: [HTTPCLIENT]ip=1863487699, port=20480, timeout=10000
04-11 11:25:08.286  1310  1357 I LetvManager-http: ===========Log Post=============
04-11 11:25:08.286  1310  1357 I LetvManager-http: action=plugDisappear&desktopId=com.stv.plugin.app&plugVersion=1.0.1&totalTime=11&sv=2.0&mac=c80e777673a7&model=S243F&channel=LETV&version=V2201RCN02C060239B04101T&versionName=6.0.239T_0410&uiVersion=6.0&sessionId=ANNveKTTbkQZZhoWFFluCCaIPxxgOVVd&logreportpid=1310&logtime=49499&lognum=837&retry=0&uid=
04-11 11:25:08.286  1310  1357 I LetvManager-http: =========================
04-11 11:25:08.286  1587  1587 W ContextImpl: Calling a method in the system process without a qualified user: android.app.ContextImpl.bindService:1466 com.android.letvmanager.ReportLogManager.connectToService:255 com.android.letvmanager.ReportLogManager.reportToStargazer:352 com.android.letvmanager.LetvManager.onReportToCloud:504 com.android.letvmanager.LetvManager.onReportLog:468 
04-11 11:25:08.290  1310  1310 E LETV_DEVICE: int get_device_attr(const char*, char*) name=Model
04-11 11:25:08.290 32240 32240 D SignalSourceManager: MainActivity -- onNewIntent
04-11 11:25:08.290 32240 32240 D SignalSourceManager: BaseUIActivity -- onNewIntent
04-11 11:25:08.290 32240 32240 D SignalSourceManager: SourceBase -- onNewIntent
04-11 11:25:08.290  1310  1358 E LETV_DEVICE: int get_device_attr(const char*, char*) name=eth
04-11 11:25:08.290 32240 32240 D SignalSourceManager: MstarSource -- onNewIntent
04-11 11:25:08.294 32240 32240 D SignalManager-mstar: registerCallback 
04-11 11:25:08.294 32240 32240 D TvApp   : setHandler:0
04-11 11:25:08.294 32240 32240 D TvApp   : setHandler:1
04-11 11:25:08.294 32240 32240 D TvApp   : setHandler:5
04-11 11:25:08.294 32240 32240 D SignalSourceManager: MainActivity -- onNewIntent end
04-11 11:25:08.294 32240 32240 D SignalSourceManager: MainActivity -- onStart
04-11 11:25:08.294 32240 32240 D SignalSourceManager: SourceBase -- getParentLockStatus  ----------> in
04-11 11:25:08.294  1587  1599 D DesktopManagerService: getAllLockedDesktopTags
04-11 11:25:08.294 32240 32240 D SignalSourceManager: SourceBase -- getParentLockStatus  ----------> in map = null
04-11 11:25:08.294 32240 32240 D SignalSourceManager: BootFinishUtil -- check boot finishfinish1
04-11 11:25:08.294 32240 32240 D SignalSourceManager: BaseUIActivity -- show loading animation
04-11 11:25:08.294 32240 32240 D SignalSourceManager: BaseUIActivity -- showNoSignal ---> In, isShow:false
04-11 11:25:08.294  1310  1945 E LETV_DEVICE: int get_device_attr(const char*, char*) name=eth
04-11 11:25:08.294 32240 32240 D SignalSourceManager: MainActivity -- closeScreenSaver ---> In
04-11 11:25:08.294 32240 32240 D SignalSourceManager: MainActivity -- mSurfaceView ---> setKeepScreenOn:true
04-11 11:25:08.294 32240 32240 D SignalSourceManager: MainActivity -- mSurfaceHolder ---> setKeepScreenOn:true
04-11 11:25:08.294 32240 32240 D SignalSourceManager: BaseUIActivity -- mPortInfoView.hideNoSignal()
04-11 11:25:08.294 32240 32240 D SignalSourceManager: BaseUIActivity -- adjustLoadingProgressShow() in
04-11 11:25:08.294 32240 32240 D SignalSourceManager: BaseUIActivity -- showLoading true
04-11 11:25:08.294  1587  1587 D LetvManager-JNI: get postmsg:action=appClose&name=桌面&packagename=com.stv.launcher&versionCode=20170215&appVersionName=0.5.7&mark=47, getmsg:NULL, msgType:tvAction
04-11 11:25:08.294 32240 32240 D SignalSourceManager: BaseUIActivity -- showUnsupportTiming ---> isShow:false
04-11 11:25:08.294  1310  1946 D LetvManager-Service: line:65 fun:onReportLog msgType:tvAction, getmsg:(null), postmsg:action=appClose&name=桌面&packagename=com.stv.launcher&versionCode=20170215&appVersionName=0.5.7&mark=47
04-11 11:25:08.294  1310  1946 D LetvManager-LogList: [letv_loglist_write]--------------------list num:1
04-11 11:25:08.294 32240 32240 D SignalSourceManager: BaseUIActivity -- showPortInfo ---> In
04-11 11:25:08.294 32240 32240 D SignalSourceManager: BaseUIActivity -- delay 300ms to avoid error port info
04-11 11:25:08.294 32240 32240 D SignalSourceManager: BaseUIActivity -- onStart
04-11 11:25:08.294 32240 32240 D SignalSourceManager: BaseActivity -- onStart
04-11 11:25:08.298  1310  1310 E LETV_DEVICE: int get_device_attr(const char*, char*) name=releaseversion
04-11 11:25:08.298  1310  1358 E LETV_DEVICE: int get_device_attr(const char*, char*) name=sn
04-11 11:25:08.298  1310  1945 E LETV_DEVICE: int get_device_attr(const char*, char*) name=Model
04-11 11:25:08.298  1310  1358 E LETV_DEVICE: read env sn Failed
04-11 11:25:08.298  1310  1358 D LetvManager-Util: [get_device] get package sn key error
04-11 11:25:08.298  1587  1587 W ContextImpl: Calling a method in the system process without a qualified user: android.app.ContextImpl.bindService:1466 com.android.letvmanager.ReportLogManager.connectToService:255 com.android.letvmanager.ReportLogManager.reportToAgnes:370 com.android.letvmanager.LetvManager.reportEvent:520 com.android.server.am.UsageStatsService.onLetvLogReport:770 
04-11 11:25:08.302  1861  5670 I StvLogReport: StargazerReportTask, action=appClose&name=桌面&packagename=com.stv.launcher&versionCode=20170215&appVersionName=0.5.7&mark=47
04-11 11:25:08.302  1587  1587 V PackageManager: getPackageInfo com.stv.signalsourcemanager: Package{4224ab50 com.stv.signalsourcemanager}
04-11 11:25:08.302  1587  1587 V PackageManager: getApplicationInfo com.stv.signalsourcemanager: Package{4224ab50 com.stv.signalsourcemanager}
04-11 11:25:08.302  1310  1310 D LetvManager-Service: line:55 fun:isRunReportLog is call!
04-11 11:25:08.306  1587  1587 D LetvManager-JNI: get postmsg:action=appOpen&name=SignalSourceManager&packagename=com.stv.signalsourcemanager&versionCode=1&appVersionName=1.0&mark=48, getmsg:NULL, msgType:tvAction
04-11 11:25:08.306  1310  1946 D LetvManager-Service: line:65 fun:onReportLog msgType:tvAction, getmsg:(null), postmsg:action=appOpen&name=SignalSourceManager&packagename=com.stv.signalsourcemanager&versionCode=1&appVersionName=1.0&mark=48
04-11 11:25:08.306  1310  1946 D LetvManager-LogList: [letv_loglist_write]--------------------list num:2
04-11 11:25:08.306  1587  1587 W ContextImpl: Calling a method in the system process without a qualified user: android.app.ContextImpl.bindService:1466 com.android.letvmanager.ReportLogManager.connectToService:255 com.android.letvmanager.ReportLogManager.reportToStargazer:352 com.android.letvmanager.LetvManager.onReportToCloud:504 com.android.letvmanager.LetvManager.onReportLog:468 
04-11 11:25:08.310  1310  1358 E LETV_DEVICE: int get_device_attr(const char*, char*) name=sn
04-11 11:25:08.310  1310  1358 E LETV_DEVICE: read env sn Failed
04-11 11:25:08.310  1310  1358 D LetvManager-Util: [get_device] get package sn key error
04-11 11:25:08.310  1587  1587 W ContextImpl: Calling a method in the system process without a qualified user: android.app.ContextImpl.bindService:1466 com.android.letvmanager.ReportLogManager.connectToService:255 com.android.letvmanager.ReportLogManager.reportToAgnes:370 com.android.letvmanager.LetvManager.reportEvent:520 com.android.server.am.UsageStatsService.onLetvLogReport:773 
04-11 11:25:08.314  1861  5670 I StvLogReport: StargazerReportTask, reponse2 : {"status":"OK","statusCode":200,"message":"succeefully"}
04-11 11:25:08.318  1861  1961 W System.err: java.lang.IllegalArgumentException: Unknown URL content://com.letv.agnes.InfoProvider
04-11 11:25:08.318  1861  1961 W System.err: 	at android.content.ContentResolver.insert(ContentResolver.java:910)
04-11 11:25:08.318  1861  1961 W System.err: 	at com.letv.tracker2.agnes.a.bg(Unknown Source)
04-11 11:25:08.318  1861  1961 W System.err: 	at com.letv.tracker2.agnes.o.handleMessage(Unknown Source)
04-11 11:25:08.318  1861  1961 W System.err: 	at android.os.Handler.dispatchMessage(Handler.java:99)
04-11 11:25:08.318  1861  1961 W System.err: 	at android.os.Looper.loop(Looper.java:137)
04-11 11:25:08.318  1861  1961 W System.err: 	at com.letv.tracker2.agnes.f.run(Unknown Source)
04-11 11:25:08.318  1310  1357 I LetvManager-LogReport: [send_msg]line:518 retcode:200 
04-11 11:25:08.318  1310  1357 I LetvManager-LogReport: Response:
04-11 11:25:08.318  1310  1357 D LetvManager-LogReport: send log to server success!
04-11 11:25:08.318 32240 32240 D SignalSourceManager: BaseActivity -- onStart after register
04-11 11:25:08.318  1861  1961 E ActivityThread: Failed to find provider info for com.letv.agnes.InfoProvider
04-11 11:25:08.318 32240 32240 W ContextImpl: Calling a method in the system process without a qualified user: android.app.ContextImpl.sendStickyBroadcast:1227 android.content.ContextWrapper.sendStickyBroadcast:406 com.stv.signalsourcemanager.BaseActivity.onStart:214 com.stv.signalsourcemanager.BaseUIActivity.onStart:376 com.stv.signalsourcemanager.MainActivity.onStart:308 
04-11 11:25:08.322  1772  1772 D LetvPinyinIME: record_sound -- onKeyUp keyCode:21
04-11 11:25:08.322 32240 32240 D SignalSourceManager: BaseActivity -- onStart after sendStickyBroadcast
04-11 11:25:08.322  1587  2130 D DesktopManagerService: setCurrentDesktopVisibility(isVisible=true)
04-11 11:25:08.322  3232  3232 D identifer-IdentiferService: action = com.letv.identifer.tvstate.enter
04-11 11:25:08.322  1587  1868 D DesktopManagerService: setCurrentDesktopIndex(desktopIndex=0)
04-11 11:25:08.322  3232  3232 D identifer-TvStatus: identify print current tvStatus -->currentScreen=signal,isEnter=true,channelName=null,channel_ename=null
04-11 11:25:08.322  3232  3232 D identifer-IdentiferService: clearTVid
04-11 11:25:08.322  3232  3232 D identifer-App: sendBroadcast...tvId = , tvName = , signal = 0
04-11 11:25:08.326  1587  1598 V PackageManager: isEnabledLock - packageName = com.stv.reportlog componentName = com.stv.reportlog.channel.stargazer.receiver.StargazerCustomReceiver
04-11 11:25:08.326  1587  1598 V PackageManager: enabledComponents: []
04-11 11:25:08.326  1587  1598 V PackageManager: disabledComponents: []
04-11 11:25:08.326  3011  3011 D interact-IdentifyStatusReceiver: tvId=; tvName=;signal=0
04-11 11:25:08.326  3011  3011 D interact-IdentifyStatusReceiver: ***tvName=
04-11 11:25:08.326  3011  3011 D MyService: action = com.kuyun.identifer.info
04-11 11:25:08.326  3011  3011 D interact-MyService: logMsg: tvId=; tvName=;signal=0
04-11 11:25:08.326  3011  3011 D ResourceManager: mInitStateINIT_SUCCESS
04-11 11:25:08.326  3011  3011 I columnmanager: changeTV:null,curent tvid:null
04-11 11:25:08.326  3232  3232 D identifer-IdentiferService: getSignalSourceStatus curScreen: signal -- SignalSourceStatus: letv.desktop.SignalSourceStatus@421bebe0
04-11 11:25:08.326  3011  3011 I columnmanager: set tvid:null
04-11 11:25:08.326  3232  3232 D identifer-IdentiferService: sss.getLifeCycle() = onstop
04-11 11:25:08.326  3011  3011 D WSCardManager: stop
04-11 11:25:08.326  1587  1598 D ActivityManager: isFilterBroadcast com.kuyun.identifer.info
04-11 11:25:08.330  3011  3011 D WSLiveManager: stop
04-11 11:25:08.330  3011  3011 I columnmanager: set tvid:null
04-11 11:25:08.330  3011  3011 D Event   : No subscribers registered for event class com.kuyun.common.androidtv.base.UIMessageDispatchCenter$ChangeTVCloseCardEvent
04-11 11:25:08.330  3011  3011 D Event   : No subscribers registered for event class de.greenrobot.event.NoSubscriberEvent
04-11 11:25:08.330 32240 32240 D SignalSourceManager: BaseActivity -- onStart after setCurrentDesktopIndex
04-11 11:25:08.330 32240 32240 D SignalSourceManager: BaseActivity -- onStart after requestAudioFocus
04-11 11:25:08.330 32240 32240 W ContextImpl: Calling a method in the system process without a qualified user: android.app.ContextImpl.sendBroadcast:1069 android.content.ContextWrapper.sendBroadcast:344 com.stv.signalsourcemanager.BaseActivity.onStart:224 com.stv.signalsourcemanager.BaseUIActivity.onStart:376 com.stv.signalsourcemanager.MainActivity.onStart:308 
04-11 11:25:08.334  1310  1945 E LETV_DEVICE: int get_device_attr(const char*, char*) name=Model
04-11 11:25:08.334  1587  2128 V PackageManager: isEnabledLock - packageName = com.kuyun.identifer componentName = com.kuyun.identifer.TakePictureAble
04-11 11:25:08.334  1587  2128 V PackageManager: enabledComponents: []
04-11 11:25:08.334  1587  2128 V PackageManager: disabledComponents: []
04-11 11:25:08.334 32240 32240 D SignalSourceManager: SourceBase -- onStart
04-11 11:25:08.334 32240 32240 D KktvUtil: exitLiveMatchMode in=> 
04-11 11:25:08.334 32240 32240 W ContextImpl: Calling a method in the system process without a qualified user: android.app.ContextImpl.sendBroadcast:1069 android.content.ContextWrapper.sendBroadcast:344 com.stv.signalsourcemanager.BaseActivity.onStart:230 com.stv.signalsourcemanager.BaseUIActivity.onStart:376 com.stv.signalsourcemanager.MainActivity.onStart:308 
04-11 11:25:08.334  1587  2128 D ActivityManager: isFilterBroadcast com.letv.sourcemanager.start
04-11 11:25:08.338 32240 32240 D SignalSourceManager: KKSDKManager -- total match count is = 0
04-11 11:25:08.338 32240 32240 D SignalSourceManager: SignalFeatureManager -- initRemoteMatchConfig in=>
04-11 11:25:08.338 32240 32240 D SignalSourceManager: KKSDKManager -- initRemoteMatchConfig in=>
04-11 11:25:08.338 32240 32240 D SignalSourceManager: KKSDKManager -- mSDKInited is false,so do nothing!
04-11 11:25:08.338  1310  1310 E LETV_DEVICE: int get_device_attr(const char*, char*) name=eth
04-11 11:25:08.338 32240 32240 W ContextImpl: Calling a method in the system process without a qualified user: android.app.ContextImpl.startService:1412 android.content.ContextWrapper.startService:473 com.stv.signalsourcemanager.SourceBase.startReportService:923 com.stv.signalsourcemanager.SourceBase.onStart:138 com.stv.signalsourcemanager.mstar.MstarSource.onStart:24 
04-11 11:25:08.342  1310  1946 E LETV_DEVICE: int get_device_attr(const char*, char*) name=eth
04-11 11:25:08.342 32240 32240 D SignalSourceManager: SourceBase -- onStart end
04-11 11:25:08.342 32240 32240 D SignalSourceManager: MstarSource -- onStart
04-11 11:25:08.342 32240 32240 D SignalSourceManager: MainActivity -- onStart super end
04-11 11:25:08.342 32240 32240 D SignalSourceManager: Utils -- s928Products MSTAR-918
04-11 11:25:08.342 32240 32240 D SignalSourceManager: MainActivity -- onStart end
04-11 11:25:08.342 32240 32240 D SignalSourceManager: MainActivity -- onResume
04-11 11:25:08.342 32240 32240 D SignalSourceManager: BaseUIActivity -- onResume
04-11 11:25:08.342 32240 32240 D SignalSourceManager: BaseActivity -- onResume
04-11 11:25:08.346  1587  1739 I AudioService:  AudioFocus  requestAudioFocus() from android.media.AudioManager@437cda70com.stv.signalsourcemanager.BaseActivity$3@4218f4d0
04-11 11:25:08.346 32240 32240 D SignalSourceManager: BaseActivity -- AudioManager focus result 1
04-11 11:25:08.346 32240 32240 D SignalSourceManager: BaseActivity -- AudioManager focus granted!!
04-11 11:25:08.346  1587  1652 D WifiStateMachine: handleMessage: E msg.what=131155
04-11 11:25:08.346  1587  1652 D WifiStateMachine: processMsg: ConnectedState
04-11 11:25:08.346  1587  1652 D WifiStateMachine: processMsg: L2ConnectedState
04-11 11:25:08.346  1587  1652 D WifiNative-wlan0: doString: SIGNAL_POLL
04-11 11:25:08.346  1936  1936 D wpa_supplicant: RX ctrl_iface - hexdump(len=11): 53 49 47 4e 41 4c 5f 50 4f 4c 4c
04-11 11:25:08.346  1587  1625 D InputDispatcher: notifyKey - eventTime=49536281052000, deviceId=3, source=0x301, policyFlags=0x2, action=0x0, flags=0x8, keyCode=21, scanCode=105, metaState=0x0, downTime=49536281052000
04-11 11:25:08.346  1936  1936 D wpa_supplicant: nl80211: survey data missing!
04-11 11:25:08.346  1310  1358 E LETV_DEVICE: int get_device_attr(const char*, char*) name=releaseversion
04-11 11:25:08.346  1587  1652 D WifiStateMachine: handleMessage: X
04-11 11:25:08.350  1310  1945 E LETV_DEVICE: int get_device_attr(const char*, char*) name=Model
04-11 11:25:08.354  1861  6500 I StvLogReport: StargazerReportTask, {"uid":"","app":"信号源","channelName":"","time":1491881108,"model":"S243F","status":"播放","devid":"S243F-c80e777673a7-","seq":198,"mac":"c80e777673a7","signalType":"直播","clientVersion":"6.0.239T_0410"}
04-11 11:25:08.354  1820  1820 D Launcher: LauncherActivity -- mIsTopActivity=false
04-11 11:25:08.354  1820  1820 D AppPlugin: AppWorkspace --  onWindowFocusChanged hasWindowFocus = false
04-11 11:25:08.354  1820  1820 D AppPlugin: AppRecyclerView --  onWindowFocusChanged hasWindowFocus = false
04-11 11:25:08.358 32240 32240 D SignalSourceManager: BaseUIActivity -- onResume ---> mExtraPort:null
04-11 11:25:08.358 32240 32240 D SignalSourceManager: Utils -- sUSVersion cibn
04-11 11:25:08.358 32240 32240 D SignalSourceManager: BaseUIActivity -- onResume desktop switching in full mode
04-11 11:25:08.358 32240 32240 D SignalManager-mstar: initEventOnResume TVEventListenerReady
04-11 11:25:08.358  1587  2119 I TvManager_JNI: setTvosCommonCommand
04-11 11:25:08.362 32240 32240 D SignalSourceManager: SourceBase -- onResume
04-11 11:25:08.362 32240 32240 D SignalSourceManager: SourceBase -- switchPort Intent { flg=0x400000 cmp=com.stv.signalsourcemanager/.MainActivity },broadcast false
04-11 11:25:08.362 32240 32240 D SignalSourceManager: SourceBase -- doSwitchPort in=>
04-11 11:25:08.362 32240 32240 D SignalManager-mstar: getCurrentPortStringFromDb
04-11 11:25:08.362 32240 32240 D SignalSourceManager: PortManager -- getCurrentPortFromDB ---> In
04-11 11:25:08.362  1587  1625 D InputDispatcher: notifyKey - eventTime=49536297095000, deviceId=3, source=0x301, policyFlags=0x0, action=0x1, flags=0x8, keyCode=21, scanCode=105, metaState=0x0, downTime=49536281052000
04-11 11:25:08.366  1861  6500 I StvLogReport: StargazerReportTask, reponse1 : {"status":"OK","statusCode":200,"message":"succeefully"}
04-11 11:25:08.374 32240 32240 D SignalSourceManager: Utils -- isS40Products in
04-11 11:25:08.374  1820  1820 D AppPlugin: AppRecyclerView --  onWindowFocusChanged hasWindowFocus = false
04-11 11:25:08.374  1310  1310 E LETV_DEVICE: int get_device_attr(const char*, char*) name=Model
04-11 11:25:08.378  1310  1946 E LETV_DEVICE: int get_device_attr(const char*, char*) name=Model
04-11 11:25:08.378 32240 32240 D SignalSourceManager: PortManager -- getCurrentPortFromDB ---> end
04-11 11:25:08.378 32240 32240 D SignalSourceManager: SourceBase -- curPortInDb=  HDMI 1
04-11 11:25:08.378 32240 32240 D SignalSourceManager: SourceBase -- switchPort extra port null
04-11 11:25:08.378 32240 32240 D SignalSourceManager: SourceBase -- supportPort source SIGNAL_HDMI1
04-11 11:25:08.378 32240 32240 D SignalSourceManager: SourceBase -- supportPort source.ordinal 5
04-11 11:25:08.378 32240 32240 D SignalSourceManager: SourceBase -- supportPort port 0
04-11 11:25:08.378 32240 32240 D SignalSourceManager: SourceBase -- supportPort port 1
04-11 11:25:08.378 32240 32240 D SignalSourceManager: SourceBase -- supportPort port 3
04-11 11:25:08.378 32240 32240 D SignalSourceManager: SourceBase -- supportPort port 5
04-11 11:25:08.378 32240 32240 D SignalSourceManager: SourceBase -- switchPort HDMI 1
04-11 11:25:08.378 32240 32240 D SignalSourceManager: SourceBase -- hideAllViews false
04-11 11:25:08.378 32240 32240 D SignalSourceManager: SourceBase -- clearThreadMessage
04-11 11:25:08.378  1587  1739 D DesktopManagerService: isStorageMode
04-11 11:25:08.378 32240 32240 D SignalSourceManager: SourceBase -- storageMode is true
04-11 11:25:08.378 32240 32240 D SignalSourceManager: TitleBarFrameLayout -- showWithRightArrow ------------->in
04-11 11:25:08.382  1587  8134 D DesktopManagerService: getEnabledDesktopNames
04-11 11:25:08.382 32240 32240 D SignalSourceManager: TitleBarFrameLayout -- getAllDesktopNames 6
04-11 11:25:08.382 32240 32240 D KktvUtil: exitLiveMatchMode in=> 
04-11 11:25:08.386 32240 32240 D LeleVoiceSDK: -inFullVoice-STATE_DISCONNECT
04-11 11:25:08.386 32240 32240 D LeleVoiceSDK: -bindService-
04-11 11:25:08.386 32240 32240 W ContextImpl: Calling a method in the system process without a qualified user: android.app.ContextImpl.bindService:1466 android.content.ContextWrapper.bindService:496 com.stv.voice.LeleVoiceSDK.bindService:143 com.stv.voice.LeleVoiceSDK.enterScene:132 letv.voice.VoiceManager.enterScene:59 
04-11 11:25:08.390 32240 32240 D SignalSourceManager: SourceBase -- onResume end
04-11 11:25:08.390 32240 32240 D SignalSourceManager: MstarSource -- onResume
04-11 11:25:08.390 32240 32240 D SignalSourceManager: MainActivity -- onResume super end
04-11 11:25:08.390 32240 32240 D SignalSourceManager: MainActivity -- onResume end
04-11 11:25:08.390 32240 32256 D SignalSourceManager: SourceBase -- receive msg 100
04-11 11:25:08.390 32240 32256 D SignalSourceManager: BootFinishUtil -- getAndCheck boot finish1
04-11 11:25:08.390 32240 32256 D SignalSourceManager: SourceBase -- handle switchPort begin
04-11 11:25:08.390 32240 32256 D SignalManager-mstar: getInputDeviceSpdifSaved
04-11 11:25:08.390 32240 32240 I am_on_resume_called: [0,com.stv.signalsourcemanager.MainActivity]
04-11 11:25:08.394 32240 32256 D SignalSourceManager: MainApp -- setIsDtv ---> isDtv:false
04-11 11:25:08.394 32240 32256 D SignalManager-mstar: getCurrentPortString
04-11 11:25:08.394 32240 32256 D SignalSourceManager: PortManager -- getCurrentPortName ---> In
04-11 11:25:08.394 32240 32256 D SignalSourceManager: PortManager -- getCurrentPortIndex ---> In
04-11 11:25:08.394 32240 32256 D SignalSourceManager: Utils -- isS40Products in
04-11 11:25:08.394  1310  1358 E LETV_DEVICE: int get_device_attr(const char*, char*) name=Model
04-11 11:25:08.398  1310  1945 E LETV_DEVICE: int get_device_attr(const char*, char*) name=Model
04-11 11:25:08.402 32240 32256 D SignalSourceManager: PortManager -- current port id:34
04-11 11:25:08.402 32240 32256 D SignalSourceManager: PortManager -- current port index:-1
04-11 11:25:08.402 32240 32256 D SignalSourceManager: PortManager -- index:-1
04-11 11:25:08.402 32240 32240 D SignalSourceManager: MainActivity -- on Surface Created
04-11 11:25:08.402 32240 32240 D SignalSourceManager: MainActivity -- closeScreenSaver ---> In
04-11 11:25:08.402 32240 32240 D SignalSourceManager: MainActivity -- mSurfaceView ---> setKeepScreenOn:true
04-11 11:25:08.406 32240 32240 D SignalSourceManager: MainActivity -- mSurfaceHolder ---> setKeepScreenOn:true
04-11 11:25:08.406 32240 32240 D SignalManager-mstar: setDisplayHolder 
04-11 11:25:08.406 32240 32240 D PlayerImpl: MstarPlayer::setVideoSurfaceTexture
04-11 11:25:08.406 32240 32256 D SignalSourceManager: PortManager -- mCurrentInputSource is null,get again!
04-11 11:25:08.406 32240 32240 D PlayerImpl: MstarPlayer::initRender
04-11 11:25:08.406  1587  1599 D DesktopManagerService: setCurrentPortName(HDMI 1)
04-11 11:25:08.406  1587  1909 D DesktopManagerService: setStorageMode false
04-11 11:25:08.406 32240 32256 D SignalManager-mstar: getCurrentPortString
04-11 11:25:08.406 32240 32256 D SignalSourceManager: PortManager -- getCurrentPortName ---> In
04-11 11:25:08.406 32240 32256 D SignalSourceManager: PortManager -- getCurrentPortIndex ---> In
04-11 11:25:08.406 32240 32240 D PlayerImpl: MstarPlayer::initRender Done.
04-11 11:25:08.406 32240 32240 D SignalSourceManager: MainActivity -- surfaceChanged Called. new format, width, height:4,1920,1080
04-11 11:25:08.406 32240 32256 D SignalSourceManager: Utils -- isS40Products in
04-11 11:25:08.406  1310  1310 E LETV_DEVICE: int get_device_attr(const char*, char*) name=Model
04-11 11:25:08.410  1820  1820 D Launcher: LauncherApplication -- ========= onTrimMemory =========
04-11 11:25:08.410  1820  1820 D Launcher: [Frame][FrescoCacheBuilder]:tryTrimMemoryCache
04-11 11:25:08.410  1820  1820 E critical_path_log: superlive_7799adbbe191b8ab_onTrimMemory: level = 20
04-11 11:25:08.410  1310  1946 E LETV_DEVICE: int get_device_attr(const char*, char*) name=Model
04-11 11:25:08.414  1587  1624 W ContextImpl: Calling a method in the system process without a qualified user: android.app.ContextImpl.sendBroadcast:1069 com.android.internal.policy.impl.PhoneWindowManager.interceptKeyBeforeDispatching:2609 com.android.server.wm.InputMonitor.interceptKeyBeforeDispatching:354 com.android.server.input.InputManagerService.interceptKeyBeforeDispatching:1463 dalvik.system.NativeStart.run:-2 
04-11 11:25:08.426 32240 32256 D SignalSourceManager: PortManager -- current port id:34
04-11 11:25:08.426 32240 32256 D SignalSourceManager: PortManager -- current port index:-1
04-11 11:25:08.426 32240 32256 D SignalSourceManager: PortManager -- index:-1
04-11 11:25:08.426 32240 32256 D SignalManager-mstar: switch port from  to HDMI 1
04-11 11:25:08.426 32240 32256 D SignalSourceManager: PortManager -- doPortSwitch ---> portName:HDMI 1
04-11 11:25:08.426 32240 32256 D SignalSourceManager: DisplayManager -- getHdmiEdidVersion in
04-11 11:25:08.426 32240 32256 D TvCommonManager: getHdmiEdidVersion is virtual
04-11 11:25:08.426 32240 32256 D SignalSourceManager: DisplayManager -- getHdmiEdidVersion version:0
04-11 11:25:08.426 32240 32256 D SignalSourceManager: DisplayManager -- getCurrentDisplayMode ---> In
04-11 11:25:08.426 32240 32256 I PictureManager_JNI: getAspectRatio
04-11 11:25:08.430  1121  1121 I tvos    : PictureManagerService::Client::getAspectRatio1
04-11 11:25:08.430  1121  1121 I tvos    : PictureManagerService::Client::getAspectRatio2
04-11 11:25:08.430  1121  1121 I tvos    : PictureManagerService::Client::getAspectRatio 3
04-11 11:25:08.430  1121  1121 I tvos    : PictureManagerService::Client::getAspectRatio 4
04-11 11:25:08.450  1121  1121 I tvos    : PictureManagerService::Client::getAspectRatio=0
04-11 11:25:08.450 32240 32256 D SignalSourceManager: DisplayManager -- modeType:E_AR_DEFAULT
04-11 11:25:08.450 32240 32256 D SignalSourceManager: DisplayManager -- displayModeInfoList[i]:com.stv.signalcommon.DisplayManager$DisplayModeInfo@4217aaa0
04-11 11:25:08.450 32240 32256 D SignalSourceManager: PortManager -- print HDMI property, edid 1.3, aspectRatioIndex 0
04-11 11:25:08.450 32240 32256 D SignalSourceManager: PortManager -- store current port HDMI 1 to database
04-11 11:25:08.454 32240 32256 D SignalSourceManager: PortManager -- updateCurrentPortToDB ---> In, portId:23
04-11 11:25:08.454 32240 32256 D SignalSourceManager: Utils -- isS40Products in
04-11 11:25:08.454  1310  1358 E LETV_DEVICE: int get_device_attr(const char*, char*) name=Model
04-11 11:25:08.458  1310  1945 E LETV_DEVICE: int get_device_attr(const char*, char*) name=Model
04-11 11:25:08.462  1891 32269 E USP     : ~~~~~~~~~@@@@ now updating content://mstar.tv.usersetting/systemsetting
04-11 11:25:08.462  1891 32269 E USP     : ~~~~~~~~~@@@@ now updating enInputSourceType=23
04-11 11:25:08.482  1587  1625 D InputDispatcher: notifyKey - eventTime=49536417240000, deviceId=3, source=0x301, policyFlags=0x2, action=0x0, flags=0x8, keyCode=0, scanCode=193, metaState=0x0, downTime=49536417240000
04-11 11:25:08.494 32240 32256 D SignalSourceManager: PortManager -- updateCurrentPortToDB ---> end, portId:23
04-11 11:25:08.494 32240 32256 D SignalSourceManager: PortManager -- Switch port immediately
04-11 11:25:08.494 32240 32256 D SignalSourceManager: PortManager -- performPortSwitching ---> In, enumInputSource:E_INPUT_SOURCE_HDMI
04-11 11:25:08.494 32240 32256 D SignalSourceManager: PortManager -- SetInputSource ---> enumInputSource:E_INPUT_SOURCE_HDMI
04-11 11:25:08.494 32240 32256 D SignalSourceManager: Utils -- isS40Products in
04-11 11:25:08.498  1310  1310 E LETV_DEVICE: int get_device_attr(const char*, char*) name=Model
04-11 11:25:08.502  1310  1946 E LETV_DEVICE: int get_device_attr(const char*, char*) name=Model
04-11 11:25:08.502 32240 32256 E TvApp   : SetSourceType:E_INPUT_SOURCE_HDMI
04-11 11:25:08.506 32240 32256 I TvManager_JNI: setInputSource
04-11 11:25:08.506  1587  1625 D InputDispatcher: notifyKey - eventTime=49536441206000, deviceId=3, source=0x301, policyFlags=0x0, action=0x1, flags=0x8, keyCode=0, scanCode=193, metaState=0x0, downTime=49536417240000
04-11 11:25:08.506 32240 32256 D TVResHolder: setInputSource(23) LINE:408,time:442915779
04-11 11:25:08.506 32240 32256 V RMClient: #1:requestResourceAsync
04-11 11:25:08.510 32240 32273 V RMClient: #1:onMessageReceived creq
04-11 11:25:08.510 32240 32273 V RMClient: #1:kWhatCmdResourceRequest
04-11 11:25:08.510  1122  1201 V RMAllocator: handleRequest
04-11 11:25:08.510  1122  1201 V RMAllocator: handleRequest new ClientInfo, client=1083035536 id=1
04-11 11:25:08.510  1122  1201 I RMAllocator: ClientInfo this=1083041808, mRMClient=1083035536. id=1
04-11 11:25:08.510  1122  1201 V RMAllocator: handleRequest new ClientInfo=1083041808, client=1083035536 id=1
04-11 11:25:08.510  1122  1201 V RMAllocator: allocateResources
04-11 11:25:08.510  1122  1201 V RMAllocator: allocateOneResource
04-11 11:25:08.514  1122  1201 V RMAllocator: allocateOneResource
04-11 11:25:08.514 32240 32273 V RMClient: #1:Done
04-11 11:25:08.518  1310  1357 D LetvManager-LogReport: send msg to server++++++++ msg type:19
04-11 11:25:08.518  1310  1357 D LetvManager-LogReport: ====================== msg type:19, m_bootstart:0
04-11 11:25:08.518  1310  1357 E LETV_DEVICE: int get_device_attr(const char*, char*) name=uitype
04-11 11:25:08.522  1310  1357 D LetvManager-LogReport: [send_msg] ========= m_leurl.ip:1863487699, port:20480, path:/2bx0/api
04-11 11:25:08.522  1310  1357 E LETV_DEVICE: int get_device_attr(const char*, char*) name=uitype
04-11 11:25:08.522  1310  1357 D LetvManager-LogReport: [send_msg] report url = http://develop.bigdata.letv.com:80/2bx0/api/log/tvAction
04-11 11:25:08.522  1310  1357 D LetvManager-http: [HTTPCLIENT]ip=1863487699, port=20480, timeout=10000
04-11 11:25:08.530  1310  1357 I LetvManager-http: ===========Log Post=============
04-11 11:25:08.530  1310  1357 I LetvManager-http: action=appClose&name=桌面&packagename=com.stv.launcher&versionCode=20170215&appVersionName=0.5.7&mark=47&sv=2.0&mac=c80e777673a7&model=S243F&channel=LETV&version=V2201RCN02C060239B04101T&versionName=6.0.239T_0410&uiVersion=6.0&sessionId=ANNveKTTbkQZZhoWFFluCCaIPxxgOVVd&logreportpid=1310&logtime=49499&lognum=838&retry=0&uid=
04-11 11:25:08.530  1310  1357 I LetvManager-http: =========================
04-11 11:25:08.554 32240 32292 V RMClient: #1:handleRequestDone
04-11 11:25:08.554  1310  1357 I LetvManager-LogReport: [send_msg]line:518 retcode:200 
04-11 11:25:08.554  1310  1357 I LetvManager-LogReport: Response:
04-11 11:25:08.554 32240 32273 V RMClient: #1:onMessageReceived ldon
04-11 11:25:08.554  1310  1357 D LetvManager-LogReport: send log to server success!
04-11 11:25:08.554 32240 32273 V RMClient: #1:kWhatRequestDone
04-11 11:25:08.554 32240 32273 D TVResHolder: handleRequestDone()
04-11 11:25:08.554 32240 32273 D TVResHolder: handleRequestDone() Got vRendResVec size=1
04-11 11:25:08.554 32240 32273 D TVResHolder: videoPlaneId = 0
04-11 11:25:08.558 32240 32273 V RMClient: #1:Done
04-11 11:25:08.558 32240 32256 D TVResHolder: setInputSource(23) LINE:446,time:449329059
04-11 11:25:08.558 32240 32256 D TVResHolder: setInputSource(23) Success
04-11 11:25:08.558 32240 32256 D TvManager: TvManager setInputSource1111
04-11 11:25:08.558 32240 32256 D TvResEngine: g_bResMgrEnable =0
04-11 11:25:08.582  1121  1121 I tvos    : No power-off timer be trigger!!!
04-11 11:25:08.586  1587  1600 V reService: handle report_keyevent
04-11 11:25:08.586  1587  1600 I reService: onReportKeyEvent  type=type3 keycode=21  type=type0 keycode=21*21*21 
04-11 11:25:08.590  1310  1358 E LETV_DEVICE: int get_device_attr(const char*, char*) name=sn
04-11 11:25:08.590  1587  1600 W ContextImpl: Calling a method in the system process without a qualified user: android.app.ContextImpl.bindService:1466 android.content.ContextWrapper.bindService:496 com.android.letvmanager.ReportLogManager.connectToService:255 com.android.letvmanager.ReportLogManager.reportToAgnes:370 com.android.letvmanager.LetvManager.reportEvent:520 
04-11 11:25:08.594  1310  1358 E LETV_DEVICE: read env sn Failed
04-11 11:25:08.594  1310  1358 D LetvManager-Util: [get_device] get package sn key error
04-11 11:25:08.638  1121  1121 I tvos    : [AutoTest][SourceChange][SetInputSourceCmd START][49536567]
04-11 11:25:08.686  1121  1121 I tvos    : setsoundmutestatus, mute hp! 
04-11 11:25:08.686  1121  1121 I tvos    : [CEC] msAPI_CEC_SetMyPhyAddr
04-11 11:25:08.686  1121  1121 I tvos    : [CEC] !H&H msAPI_CEC_RoutingSourceChange->TxMsgRoutingChange
04-11 11:25:08.686  1121  1121 I tvos    : [CEC] __TxMsgSetStreamPath, phyaddr: 1:0
04-11 11:25:08.686  1121  1121 I tvos    : [CEC] Non-adjacent ARC device exist
04-11 11:25:08.686  1121  1121 I tvos    : [AutoTest][SourceChange][player finalize START][49536621]
04-11 11:25:08.686  1121  1121 I tvos    : MM_StopAll 0,0,0,0.
04-11 11:25:08.686  1121  1121 I tvos    : MM_Finalize.
04-11 11:25:08.686  1121  1121 I tvos    : Not initialized
04-11 11:25:08.686  1121  1121 I tvos    : disconnect finalize ok!MsOS_DeleteMutex: do nothing for bshared mutex
04-11 11:25:08.686  1121  1121 I tvos    : MsOS_DeleteMutex: do nothing for bshared mutex
04-11 11:25:08.694  1121  1121 I tvos    : back_light_value = 0xff
04-11 11:25:08.694  1121  1121 I tvos    : sending mailbox message now ...
