04-11 11:25:23.026  1820  1820 I Launcher: LauncherActivity -- onNewIntent [caller=DesktopManager, current=signal, to=com.stv.plugin.app, jumpParams=, jumpType=, mStopped=true, mIsTopActivity=false, mBlockKeyEvent=false]
04-11 11:25:23.026  1820  1820 D Launcher: LauncherActivity -- resetStateWhenFromSignal, to=com.stv.plugin.app
04-11 11:25:23.026  1820  1820 D Launcher: LauncherAdapterPresenter -- notifyScreenSwitched com.stv.plugin.app total=5
04-11 11:25:23.026  1820  1820 D Launcher: TitleView -- onScreenSelected mPreIndex:0,index:0
04-11 11:25:23.026  1820  1820 D Launcher: LauncherState -- onScreenSwitched com.stv.plugin.app mIsLauncherOnStoped=true
04-11 11:25:23.026  1820  1820 D Launcher: ReportLogUtil -- reportDesktopDisappear
04-11 11:25:23.030  1820  1820 D wmg0    : recordStart = ALevelMark [mOneLevel=Activ, mTwoLevel=onStart, mThirdLevel=null]
04-11 11:25:23.030  1820  1820 I AnalysisLog: Activ:onStart----start:time='49550964'
04-11 11:25:23.030  1820  1820 D GrapUtil: GrapUtil getInstance
04-11 11:25:23.030  1587  1908 D DesktopManagerService: setCurrentDesktopVisibility(isVisible=true)
04-11 11:25:23.030  1820  1820 D Launcher: LauncherApplication --  onActivityStarted ComponentInfo{com.stv.launcher/com.stv.launcher.activity.Launcher}
04-11 11:25:23.030  1820  1820 V FragmentManager: moveto STARTED: AppFragment{445077f0 #0 id=0x7f0d001e}
04-11 11:25:23.030  1820  1820 V FragmentManager: moveto STARTED: LauncherFragment{42b9d228 #1 id=0x7f0d001e}
04-11 11:25:23.030  1820  1820 V FragmentManager: moveto STARTED: PlayerMainFragment{430debd0 #0 id=0x7f0e0013 PlayerMainFragment}
04-11 11:25:23.030  1820  1820 I TvLiveBaseFragment: onStart
04-11 11:25:23.030  1820  1820 I TvliveStartSpeedTest: playerMainFragment onFragmentStart
04-11 11:25:23.030  1820  1820 I PlayerMainFragment: onFragmentStart
04-11 11:25:23.030  1820  1820 I LiveVoice: enterScene
04-11 11:25:23.030  1820  1820 D LeleVoiceSDK: -inFullVoice-STATE_CONNECTED
04-11 11:25:23.030  1820  1820 V FragmentManager: moveto STARTED: VideoFragment{42b5f718 #2 id=0x7f0d001e}
04-11 11:25:23.030  1820  1820 V FragmentManager: moveto STARTED: SearchFragment{42ac0dc8 #3 id=0x7f0d001e}
04-11 11:25:23.030  1820  1820 V FragmentManager: moveto STARTED: VideoFragment{42f492b0 #4 id=0x7f0d001e}
04-11 11:25:23.030  1820  1820 D Launcher: LauncherActivity -- onStart, hasChangeTab=false
04-11 11:25:23.030 32240 32240 D SignalSourceManager: BaseUIActivity -- dispatchKeyEvent received, with code:22
04-11 11:25:23.030 32240 32240 D SignalSourceManager: BaseUIActivity -- onKeyUp received, with code : 22
04-11 11:25:23.030 32240 32240 D SignalSourceManager: SourceBase -- onKeyUp KeyEvent { action=ACTION_UP, keyCode=KEYCODE_DPAD_RIGHT, scanCode=106, metaState=0, flags=0x28, repeatCount=0, eventTime=49550933, downTime=49550765, deviceId=3, source=0x301 }
04-11 11:25:23.030 32240 32240 D SignalSourceManager: MstarSource -- onKeyUp KeyEvent { action=ACTION_UP, keyCode=KEYCODE_DPAD_RIGHT, scanCode=106, metaState=0, flags=0x28, repeatCount=0, eventTime=49550933, downTime=49550765, deviceId=3, source=0x301 }
04-11 11:25:23.034  1820  1820 D Launcher: LauncherAdapterPresenter -- onActivityStart --> currentTab=0 currentShow=0  cf=AppFragment{445077f0 #0 id=0x7f0d001e}
04-11 11:25:23.034  1820  1820 I AppPlugin: AppFragment -- === onFragmentShowChanged === gainShow : true
04-11 11:25:23.034  1820  1820 D LeleVoiceSDK: -inFullVoice-STATE_DISCONNECT
04-11 11:25:23.034  1820  1820 D LeleVoiceSDK: -bindService-
04-11 11:25:23.034  1820  1820 I PluginFramework -- WidgetManager: getWidget id =#com.stv.plugin.app#
04-11 11:25:23.034  1820  1820 I PluginFramework -- WidgetManager: getWidget widget = Widget{, mWidgetId=com.stv.plugin.app, mState=15, mLocation='/data/data/com.stv.launcher/files/plugins/com.stv.plugin.app_LetvAppPlugin_1.0.1_2017040714.apk', mVersionName='1.0.1', mVersionCode=2017040714, mName='LetvAppPlugin', mDexDir='/data/data/com.stv.launcher/files/plugins_data/com.stv.plugin.app/dex/', mLibDir='/data/data/com.stv.launcher/files/plugins_data/com.stv.plugin.app/libs/', mDataDir='/data/data/com.stv.launcher/files/plugins_data/com.stv.plugin.app'}
04-11 11:25:23.034  1820  1820 W PluginFramework -- WidgetContextWrapper: Bind other app Service for intent: Intent { act=com.stv.voice.ISceneService pkg=com.stv.voice }
04-11 11:25:23.034  1820  2194 W ContextImpl: Calling a method in the system process without a qualified user: android.app.ContextImpl.bindService:1466 android.content.ContextWrapper.bindService:496 com.android.letvmanager.ReportLogManager.connectToService:255 com.android.letvmanager.ReportLogManager.reportToStargazer:352 com.android.letvmanager.LetvManager.onReportToCloud:504 
04-11 11:25:23.034  1820  1820 W ContextImpl: Calling a method in the system process without a qualified user: android.app.ContextImpl.bindService:1466 letv.plugin.framework.core.WidgetContextWrapper.bindService:509 com.stv.voice.LeleVoiceSDK.bindService:143 com.stv.voice.LeleVoiceSDK.enterScene:132 letv.voice.VoiceManager.enterScene:59 
04-11 11:25:23.038 32240 32240 D SignalSourceManager: BaseActivity -- onWindowFocusChanged in=>hasFocus is false
04-11 11:25:23.038  1310  1358 E LETV_DEVICE: int get_device_attr(const char*, char*) name=platform
04-11 11:25:23.042  1820  1820 I AppPlugin: AppFragment --  onFragmentShowChanged AppWorkspace.mState : STATE_NORMAL AppFolderWorkspace.mState = STATE_NORMAL
04-11 11:25:23.042  1820  1820 D AppPlugin: AppWorkspace --  recoverState mState = STATE_NORMAL
04-11 11:25:23.042  1820  1820 D AppPlugin: AppWorkspace --  updateEditState new state = STATE_NORMAL older state = STATE_NORMAL
04-11 11:25:23.042  1820  1820 D AppPlugin: AppWorkspace --  updateEditState isFocusOnTab = false force = false
04-11 11:25:23.042  1820  2194 D LetvManager-JNI: get postmsg:action=plugDisappear&desktopId=signal&plugVersion=null&totalTime=7, getmsg:NULL, msgType:tvAction
04-11 11:25:23.042  1820  1820 D AppPlugin: AppWorkspace --  updateEditState state not change return 
04-11 11:25:23.042  1820  1820 I AppPlugin: AppWorkspace --  sendUpdateBroadcastRepeat 
04-11 11:25:23.042  1310  1945 D LetvManager-Service: line:65 fun:onReportLog msgType:tvAction, getmsg:(null), postmsg:action=plugDisappear&desktopId=signal&plugVersion=null&totalTime=7
04-11 11:25:23.042  1310  1945 D LetvManager-LogList: [letv_loglist_write]--------------------list num:2
04-11 11:25:23.046  1820  1820 D wmg0    : recordStart = ALevelMark [mOneLevel=FirstShow, mTwoLevel= , mThirdLevel=null]
04-11 11:25:23.046  1820  1820 I AnalysisLog: FirstShow: ----start:time='49550983'
04-11 11:25:23.046  1820  1820 D GrapUtil: GrapUtil getInstance
04-11 11:25:23.046  1820  2194 W ContextImpl: Calling a method in the system process without a qualified user: android.app.ContextImpl.bindService:1466 android.content.ContextWrapper.bindService:496 com.android.letvmanager.ReportLogManager.connectToService:255 com.android.letvmanager.ReportLogManager.reportToAgnes:370 com.android.letvmanager.LetvManager.reportEvent:520 
04-11 11:25:23.050  1820  1820 D Launcher: [SDK][BaseFragment]:==> onFragmentShowChanged  [null] true, take 16 ms
04-11 11:25:23.050  1820  1820 D Launcher: LauncherAdapterPresenter -- notifyScreenSwitched com.stv.plugin.app total=5
04-11 11:25:23.050  1820  1820 D Launcher: TitleView -- onScreenSelected mPreIndex:0,index:0
04-11 11:25:23.050  1820  1820 D Launcher: LauncherState -- onScreenSwitched com.stv.plugin.app mIsLauncherOnStoped=false
04-11 11:25:23.050  1820  1820 D Launcher: ReportLogUtil -- reportDesktopDisappear
04-11 11:25:23.050  1310  1310 E LETV_DEVICE: int get_device_attr(const char*, char*) name=sn
04-11 11:25:23.050  1820  1820 I AnalysisLog: Activ:onStart----end:time='49550986'
04-11 11:25:23.050  1820  1820 D GrapUtil: GrapUtil getInstance
04-11 11:25:23.050  1820  1820 D Launcher: LauncherApplication --  onActivityResumed ComponentInfo{com.stv.launcher/com.stv.launcher.activity.Launcher}
04-11 11:25:23.050  1820  1820 I Launcher: LauncherActivity -- onResume
04-11 11:25:23.050  1310  1310 E LETV_DEVICE: read env sn Failed
04-11 11:25:23.050  1820  1820 D wmg0    : recordStart = ALevelMark [mOneLevel=Activ, mTwoLevel=onResume, mThirdLevel=null]
04-11 11:25:23.050  1820  1820 I AnalysisLog: Activ:onResume----start:time='49550987'
04-11 11:25:23.050  1820  1820 D GrapUtil: GrapUtil getInstance
04-11 11:25:23.050  1310  1310 D LetvManager-Util: [get_device] get package sn key error
04-11 11:25:23.054  1820  1820 D Launcher: onResume mHandDetectStarted: false mHandDetectType: 0 hasMonitorModeConfirmBackEvent=false
04-11 11:25:23.054  1820  1820 I AnalysisLog: Activ:onResume----end:time='49550988'
04-11 11:25:23.054  1820  1820 D GrapUtil: GrapUtil getInstance
04-11 11:25:23.054  1820  1820 V FragmentManager: moveto RESUMED: AppFragment{445077f0 #0 id=0x7f0d001e}
04-11 11:25:23.054  1820  1820 V FragmentManager: moveto RESUMED: LauncherFragment{42b9d228 #1 id=0x7f0d001e}
04-11 11:25:23.054  1820  1820 D LauncherFragment: LauncherFragment onResume
04-11 11:25:23.054  1820  1820 V FragmentManager: moveto RESUMED: PlayerMainFragment{430debd0 #0 id=0x7f0e0013 PlayerMainFragment}
04-11 11:25:23.054  1820  1820 I TvLiveBaseFragment: onResume
04-11 11:25:23.054  1820  1820 V FragmentManager: moveto RESUMED: VideoFragment{42b5f718 #2 id=0x7f0d001e}
04-11 11:25:23.054  1820  1820 V FragmentManager: moveto RESUMED: SearchFragment{42ac0dc8 #3 id=0x7f0d001e}
04-11 11:25:23.054  1820  1820 V FragmentManager: moveto RESUMED: VideoFragment{42f492b0 #4 id=0x7f0d001e}
04-11 11:25:23.054  1820  1820 I am_on_resume_called: [0,com.stv.launcher.activity.Launcher]
04-11 11:25:23.062  1820  2194 W ContextImpl: Calling a method in the system process without a qualified user: android.app.ContextImpl.bindService:1466 android.content.ContextWrapper.bindService:496 com.android.letvmanager.ReportLogManager.connectToService:255 com.android.letvmanager.ReportLogManager.reportToStargazer:352 com.android.letvmanager.LetvManager.onReportToCloud:504 
04-11 11:25:23.070  1820  2194 D LetvManager-JNI: get postmsg:action=plugDisappear&desktopId=com.stv.plugin.app&plugVersion=1.0.1&totalTime=0, getmsg:NULL, msgType:tvAction
04-11 11:25:23.070  1310  4796 D LetvManager-Service: line:65 fun:onReportLog msgType:tvAction, getmsg:(null), postmsg:action=plugDisappear&desktopId=com.stv.plugin.app&plugVersion=1.0.1&totalTime=0
04-11 11:25:23.070  1310  4796 D LetvManager-LogList: [letv_loglist_write]--------------------list num:3
04-11 11:25:23.070  1820  1820 D AppPlugin: AppWorkspace --  onVisibilityChanged changedView = null visibility = 0
04-11 11:25:23.070  1820  2194 W ContextImpl: Calling a method in the system process without a qualified user: android.app.ContextImpl.bindService:1466 android.content.ContextWrapper.bindService:496 com.android.letvmanager.ReportLogManager.connectToService:255 com.android.letvmanager.ReportLogManager.reportToAgnes:370 com.android.letvmanager.LetvManager.reportEvent:520 
04-11 11:25:23.074  1820  1820 D AppPlugin: AppRecyclerView --  onVisibilityChanged changedView = null visibility = 0
04-11 11:25:23.074  1820  1820 D AppPlugin: AppRecyclerView --  onVisibilityChanged changedView = null visibility = 0
04-11 11:25:23.078 32240 32256 D SignalSourceManager: SourceBase -- receive msg 101
04-11 11:25:23.078  1820  1820 I Launcher: TimeTextView --  onVisibilityChanged true ...
04-11 11:25:23.078  1820  1820 I Launcher: TimeTextView --  onVisibilityChanged true ...
04-11 11:25:23.078  1820  1820 I Launcher: FPSView -- show
04-11 11:25:23.078 32240 32256 D SignalSourceManager: Utils -- ComponentInfo{com.stv.launcher/com.stv.launcher.activity.Launcher}
04-11 11:25:23.078 32240 32256 D SignalSourceManager: SourceBase -- checkTopIsInteraction get top Activity is:ComponentInfo{com.stv.launcher/com.stv.launcher.activity.Launcher}
04-11 11:25:23.078 32240 32256 D SignalSourceManager: SourceBase -- switchToStorage
04-11 11:25:23.078 32240 32256 D SignalManager-mstar: isScanInProgress 
04-11 11:25:23.078 32240 32256 D SignalSourceManager: ChannelManager -- isScanInProgress ---> tv_ts_status:E_TS_NONE
04-11 11:25:23.082  1587  1587 D DesktopManagerService: setStorageMode true
04-11 11:25:23.082 32240 32256 D SignalManager-mstar: switchToStorage
04-11 11:25:23.082 32240 32256 D SignalSourceManager: PortManager -- performPortSwitching ---> In, enumInputSource:E_INPUT_SOURCE_STORAGE
04-11 11:25:23.082 32240 32256 D SignalSourceManager: PortManager -- SetInputSource ---> enumInputSource:E_INPUT_SOURCE_STORAGE
04-11 11:25:23.082 32240 32256 D SignalSourceManager: Utils -- isS40Products in
04-11 11:25:23.082  1310  1946 E LETV_DEVICE: int get_device_attr(const char*, char*) name=sn
04-11 11:25:23.082  1820  1820 D AppPlugin: AppWorkspace --  onWindowVisibilityChanged visibility = 0
04-11 11:25:23.082  1820  1820 D AppPlugin: AppRecyclerView --  onWindowVisibilityChanged visibility = 0
04-11 11:25:23.082  1820  1820 D AppPlugin: AppRecyclerView --  onWindowVisibilityChanged visibility = 0
04-11 11:25:23.082  1310  4797 E LETV_DEVICE: int get_device_attr(const char*, char*) name=Model
04-11 11:25:23.082  1820  1820 I Launcher: FPSView -- show
04-11 11:25:23.086  1310  1946 E LETV_DEVICE: read env sn Failed
04-11 11:25:23.086  1310  1946 D LetvManager-Util: [get_device] get package sn key error
04-11 11:25:23.090  1310  1358 E LETV_DEVICE: int get_device_attr(const char*, char*) name=Model
04-11 11:25:23.090 32240 32256 E TvApp   : SetSourceType:E_INPUT_SOURCE_STORAGE
04-11 11:25:23.090 32240 32256 I TvManager_JNI: setInputSource
04-11 11:25:23.090 32240 32256 D TVResHolder: setInputSource(34) LINE:408,time:26169270
04-11 11:25:23.090 32240 32256 D TvManager: TvManager setInputSource1111
04-11 11:25:23.090 32240 32256 D TvResEngine: g_bResMgrEnable =0
04-11 11:25:23.094  1121  1121 I tvos    : No power-off timer be trigger!!!
04-11 11:25:23.098  1820  1820 I binder_sample: [android.view.IWindowSession,6,13,com.stv.launcher,2]
04-11 11:25:23.142  1310  1357 D LetvManager-LogReport: send msg to server++++++++ msg type:19
04-11 11:25:23.142  1310  1357 D LetvManager-LogReport: ====================== msg type:19, m_bootstart:0
04-11 11:25:23.142  1310  1357 E LETV_DEVICE: int get_device_attr(const char*, char*) name=uitype
04-11 11:25:23.142  1310  1357 D LetvManager-LogReport: [send_msg] ========= m_leurl.ip:1863487699, port:20480, path:/2bx0/api
04-11 11:25:23.142  1310  1357 E LETV_DEVICE: int get_device_attr(const char*, char*) name=uitype
04-11 11:25:23.146  1310  1357 D LetvManager-LogReport: [send_msg] report url = http://develop.bigdata.letv.com:80/2bx0/api/log/tvAction
04-11 11:25:23.146  1310  1357 D LetvManager-http: [HTTPCLIENT]ip=1863487699, port=20480, timeout=10000
04-11 11:25:23.150  1310  1357 I LetvManager-http: ===========Log Post=============
04-11 11:25:23.150  1310  1357 I LetvManager-http: action=appClose&name=SignalSourceManager&packagename=com.stv.signalsourcemanager&versionCode=1&appVersionName=1.0&mark=50&sv=2.0&mac=c80e777673a7&model=S243F&channel=LETV&version=V2201RCN02C060239B04101T&versionName=6.0.239T_0410&uiVersion=6.0&sessionId=ANNveKTTbkQZZhoWFFluCCaIPxxgOVVd&logreportpid=1310&logtime=49514&lognum=862&retry=0&uid=
04-11 11:25:23.150  1310  1357 I LetvManager-http: =========================
04-11 11:25:23.178  1121  1121 I tvos    : [AutoTest][SourceChange][SetInputSourceCmd START][49551109]
04-11 11:25:23.178  1310  1357 I LetvManager-LogReport: [send_msg]line:518 retcode:200 
04-11 11:25:23.178  1310  1357 I LetvManager-LogReport: Response:
04-11 11:25:23.178  1310  1357 D LetvManager-LogReport: send log to server success!
04-11 11:25:23.234  4658  4671 E InternetUtils: java.net.SocketTimeoutException: failed to connect to www.cibn.com/125.39.5.21 (port 80) after 3000ms
04-11 11:25:23.234  1121  1121 I tvos    : setsoundmutestatus, mute hp! 
04-11 11:25:23.234  1121  1121 I tvos    : [CEC] msAPI_CEC_SetMyPhyAddr
04-11 11:25:23.234  1121  1121 I tvos    : [CEC] H&!H msAPI_CEC_RoutingSourceChange->TxMsgActiveSource
04-11 11:25:23.234  4658  4671 D InternetUtils: intenet is false
04-11 11:25:23.234  4658  4671 D InternetUtils: host www.tencent.com/123.125.110.22
04-11 11:25:23.234  4658  4671 D InternetUtils: get int tryConnect
04-11 11:25:23.234  4658  4671 D InternetUtils: get int tryConnect connect!
04-11 11:25:23.234  1121  1121 I tvos    : [CEC] Non-adjacent ARC device exist
04-11 11:25:23.234  1121  1121 I tvos    : [AutoTest][SourceChange][player finalize START][49551170]
04-11 11:25:23.242  1820  1820 D LeleVoiceSDK: sendMessage : {"sceneCommand":["打开超级列表","打开简约列表","启动超级列表","启动简约列表","进入超级列表","进入简约列表","收藏这个频道","收藏该频道","收藏","关闭小窗口","关闭手机","关闭副视角","关掉小窗口","关掉手机","关掉副视角","关小窗口","关手机","关副视角","切换大小窗口","切换主副视角","换大小窗口","换主副视角","切换小窗口","切换副视角","切换手机内容","换小窗口","换副视角","换手机内容","打开小窗口","打开副窗口","打开小手机","启动小窗口","启动副窗口","启动小手机","下一台","切台","换台","上一台","回看","回退","后退","换一场","下一场","换"],"sceneExtraInfo":[""],"sceneType":[],"sceneMap":[]}
04-11 11:25:23.242  2230  3802 D LeVoice_WindowService: inSceneVoice, 29d19734-14cf-42a5-9b3e-a93a83b4e1da, {"sceneCommand":["打开超级列表","打开简约列表","启动超级列表","启动简约列表","进入超级列表","进入简约列表","收藏这个频道","收藏该频道","收藏","关闭小窗口","关闭手机","关闭副视角","关掉小窗口","关掉手机","关掉副视角","关小窗口","关手机","关副视角","切换大小窗口","切换主副视角","换大小窗口","换主副视角","切换小窗口","切换副视角","切换手机内容","换小窗口","换副视角","换手机内容","打开小窗口","打开副窗口","打开小手机","启动小窗口","启动副窗口","启动小手机","下一台","切台","换台","上一台","回看","回退","后退","换一场","下一场","换"],"sceneExtraInfo":[""],"sceneType":[],"sceneMap":[]}
04-11 11:25:23.242  2230  3802 I LeVoice_SDK_VoiceHelper:  - enterScene udid:29d19734-14cf-42a5-9b3e-a93a83b4e1da scene:{"sceneCommand":["打开超级列表","打开简约列表","启动超级列表","启动简约列表","进入超级列表","进入简约列表","收藏这个频道","收藏该频道","收藏","关闭小窗口","关闭手机","关闭副视角","关掉小窗口","关掉手机","关掉副视角","关小窗口","关手机","关副视角","切换大小窗口","切换主副视角","换大小窗口","换主副视角","切换小窗口","切换副视角","切换手机内容","换小窗口","换副视角","换手机内容","打开小窗口","打开副窗口","打开小手机","启动小窗口","启动副窗口","启动小手机","下一台","切台","换台","上一台","回看","回退","后退","换一场","下一场","换"],"sceneExtraInfo":[""],"sceneType":[],"sceneMap":[]}
04-11 11:25:23.242  1121  1121 I tvos    : back_light_value = 0xff
04-11 11:25:23.242  1121  1121 I tvos    : sending mailbox message now ...
04-11 11:25:23.246  4658  4671 D InternetUtils: intenet is true
04-11 11:25:23.310  1121  1121 I tvos    : Unknow Input Type 
04-11 11:25:23.342  1121  1121 I tvos    : [AutoTest][SourceChange][player finalize END][49551274]
04-11 11:25:23.342  1121  1121 I tvos    : [AutoTest][SourceChange][player init START][49551274]
04-11 11:25:23.354  1121  1121 I tvos    : [HAL_TSP_CPU_SetBase][3100] load firmware (address, size) = (0x11c00000, 0x00005400)
04-11 11:25:23.354  1121  1121 I tvos    : firmware 111 0x11c00000 0x00000011 0x0000c000
04-11 11:25:23.366  1121  1121 I tvos    : MApi_DMX_GetCap...........................................64
04-11 11:25:23.366  1121  1121 I tvos    : MM not support PIP now
04-11 11:25:23.370  1587  1652 D WifiStateMachine: handleMessage: E msg.what=131155
04-11 11:25:23.370  1587  1652 D WifiStateMachine: processMsg: ConnectedState
04-11 11:25:23.370  1587  1652 D WifiStateMachine: processMsg: L2ConnectedState
04-11 11:25:23.374  1587  1652 D WifiNative-wlan0: doString: SIGNAL_POLL
04-11 11:25:23.378  1936  1936 D wpa_supplicant: RX ctrl_iface - hexdump(len=11): 53 49 47 4e 41 4c 5f 50 4f 4c 4c
04-11 11:25:23.378  1936  1936 D wpa_supplicant: nl80211: survey data missing!
04-11 11:25:23.382  1121  1121 I tvos    : BW Window:0, PQSource:9, Hsize:1280, Vsize: 720, interlace:0, Vfreq=240
04-11 11:25:23.382  1121  1121 I tvos    : Read Bandwidthtable.bin
04-11 11:25:23.382  1121  1121 I tvos    : [AutoTest][SourceChange][player init END][49551312]
04-11 11:25:23.382  1310  1357 D LetvManager-LogReport: send msg to server++++++++ msg type:19
04-11 11:25:23.382  1310  1357 D LetvManager-LogReport: ====================== msg type:19, m_bootstart:0
04-11 11:25:23.382  1310  1357 E LETV_DEVICE: int get_device_attr(const char*, char*) name=uitype
04-11 11:25:23.382  1310  1357 D LetvManager-LogReport: [send_msg] ========= m_leurl.ip:1863487699, port:20480, path:/2bx0/api
04-11 11:25:23.382  1310  1357 E LETV_DEVICE: int get_device_attr(const char*, char*) name=uitype
04-11 11:25:23.382  1310  1357 D LetvManager-LogReport: [send_msg] report url = http://develop.bigdata.letv.com:80/2bx0/api/log/tvAction
04-11 11:25:23.382  1310  1357 D LetvManager-http: [HTTPCLIENT]ip=1863487699, port=20480, timeout=10000
04-11 11:25:23.382  1292  1292 D AudioPolicyManagerBase: STRATEGY_PHONE ====> device 2
04-11 11:25:23.390  1310  1357 I LetvManager-http: ===========Log Post=============
04-11 11:25:23.390  1310  1357 I LetvManager-http: action=appOpen&name=桌面&packagename=com.stv.launcher&versionCode=20170215&appVersionName=0.5.7&mark=51&sv=2.0&mac=c80e777673a7&model=S243F&channel=LETV&version=V2201RCN02C060239B04101T&versionName=6.0.239T_0410&uiVersion=6.0&sessionId=ANNveKTTbkQZZhoWFFluCCaIPxxgOVVd&logreportpid=1310&logtime=49514&lognum=863&retry=0&uid=
04-11 11:25:23.390  1310  1357 I LetvManager-http: =========================
04-11 11:25:23.390  1587  1652 D WifiStateMachine: handleMessage: X
04-11 11:25:23.398  1121  1121 I tvos    : ===== Check Audio Decoder Protection from hash-key IP =====
04-11 11:25:23.398  1121  1121 I tvos    : Hash-key Support DD.
04-11 11:25:23.398  1121  1121 I tvos    : Hash-key Support DD+.
04-11 11:25:23.398  1121  1121 I tvos    : Hash-key Support Generic HE-AACv1!!
04-11 11:25:23.398  1121  1121 I tvos    : Hash-key Support DTS DMP.
04-11 11:25:23.398  1121  1121 I tvos    : Hash Key Check WMA Fail, no WMA license!!
04-11 11:25:23.398  1121  1121 I tvos    : Hash-key Support DRA.
04-11 11:25:23.398  1121  1121 I tvos    : Hash-key Support SRS_TSHD.
04-11 11:25:23.398  1121  1121 I tvos    : Hash Key Check SRS_THEATERSOUND Fail, no SRS_THEATERSOUND license!!
04-11 11:25:23.398  1121  1121 I tvos    : Hash Key Check DTS_StudioSound3D Fail, no DTS_StudioSound3D license!!
04-11 11:25:23.398  1121  1121 I tvos    : Hash-key Support COOK.
04-11 11:25:23.402  1121  1121 I tvos    : ===== Check Protection IP End                         =====
04-11 11:25:23.402  1121  1121 I tvos    : Audio DSP1 code is same(0x3), no need to reload
04-11 11:25:23.402  1121  1121 I tvos    : <SPDIF_SetMode> spdif_mode=1 
04-11 11:25:23.402  1121  1121 I tvos    : setsoundmutestatus, mute hp! 
04-11 11:25:23.402  1121  1121 I tvos    : setsoundmutestatus, mute hp! 
04-11 11:25:23.402  1121  1121 I tvos    : <SPDIF_SetMode> spdif_mode=1 
04-11 11:25:23.402  1121  1121 I tvos    : setsoundmutestatus, mute hp! 
04-11 11:25:23.402  1121  1121 I tvos    : setsoundmutestatus, mute hp! 
04-11 11:25:23.406  1121  1121 I tvos    : set 40air speaker volume, index=12...
04-11 11:25:23.406  1121  1121 I tvos    : set 40air speaker volume, index=12...
04-11 11:25:23.410  2230  3802 D LeVoice_VoiceViewController: enterScene:29d19734-14cf-42a5-9b3e-a93a83b4e1da
04-11 11:25:23.414  2230  2243 D LeVoice_WindowService: setPrompt, 29d19734-14cf-42a5-9b3e-a93a83b4e1da, 
04-11 11:25:23.414  2230  2243 D LeVoice_VoiceViewController: setPrompt:29d19734-14cf-42a5-9b3e-a93a83b4e1da
04-11 11:25:23.414  1820  1820 D LeleVoiceSDK: -onServiceConnected-
04-11 11:25:23.414  1310  1357 I LetvManager-LogReport: [send_msg]line:518 retcode:200 
04-11 11:25:23.414  1310  1357 I LetvManager-LogReport: Response:
04-11 11:25:23.414  1310  1357 D LetvManager-LogReport: send log to server success!
04-11 11:25:23.414  2230  4771 D LeVoice_WindowService: registerSceneVoiceCallback, a284e033-7fdd-4730-ac49-df5271c2d771
04-11 11:25:23.418  1820  1820 I Launcher: TimeTextView --  handleMessage ...
04-11 11:25:23.418  1820  1820 I Launcher: TimeTextView --  handleMessage ...
04-11 11:25:23.418  1820  1820 D AppPlugin: AppWorkspace --  onWindowFocusChanged hasWindowFocus = true
04-11 11:25:23.422  1820  1820 D AppPlugin: AppRecyclerView --  onWindowFocusChanged hasWindowFocus = true
04-11 11:25:23.422  1820  1820 D AppPlugin: AppRecyclerView --  onWindowFocusChanged hasWindowFocus = true
04-11 11:25:23.454  1772  1772 D LetvPinyinIME: PinyinIME -- onStartInput  ccontentType: 0 Restarting:false
04-11 11:25:23.454  2230  2234 D dalvikvm: GC_CONCURRENT freed 423K, 71% free 4076K/13688K, paused 2ms+23ms, total 120ms
04-11 11:25:23.462  1587  1807 V PackageManager: getApplicationInfo com.android.inputmethod.pinyin: Package{422c4e18 com.android.inputmethod.pinyin}
04-11 11:25:23.478  1121  1121 I tvos    : delay should be great  than 20ms. 
04-11 11:25:23.486 32240 32240 D SignalSourceManager: BaseUIActivity -- Handler msg 6002
04-11 11:25:23.542  1121  1121 I tvos    : [AutoTest][SourceChange][SetInputSourceCmd END][49551476]
04-11 11:25:23.542  1121  1121 I tvos    : Detect >>>>>>>>>>>>>>>> Signal Locked!!!
04-11 11:25:23.542  1121  1121 I tvos    : [AUTO_TEST][source change]: Unmute [49551476]
04-11 11:25:23.542  1121  1121 I tvos    : [AUTO_TEST][source change]: Unmute 
04-11 11:25:23.542  1121  1121 I tvos    : [AUTO_TEST][source change]: Unmute 
04-11 11:25:23.542  1121  1121 I tvos    : [AUTO_TEST][source change]: Unmute 
04-11 11:25:23.542  1121  1121 I tvos    : [AUTO_TEST][source change]: Unmute 
04-11 11:25:23.542  1121  1121 I tvos    : [AT][SN][unmute][49556029]
04-11 11:25:23.542  1121  1121 I tvos    : [AT][T_SN][unmute][49551479]
04-11 11:25:23.546 32240 32256 V RMClient: #1:RMClient::returnAllResourcesAsync
04-11 11:25:23.546 32240 32273 V RMClient: #1:onMessageReceived cret
04-11 11:25:23.546 32240 32273 V RMClient: #1:kWhatCmdReturnAllResources
04-11 11:25:23.550  1122  1201 V RMAllocator: Deallocating resources for #1
04-11 11:25:23.550  1122  1201 V RMAllocator: ~ClientInfo
04-11 11:25:23.550 32240 32273 V RMClient: #1:Done
04-11 11:25:23.550  1122  1201 I RMAllocator: ~ClientInfo this=1083047176,mRMClient=1083035536. id=1
04-11 11:25:23.550  1122  1201 W RMAllocator: returnAllResourcesFor: not registered, nothing to do
04-11 11:25:23.550 32240 32289 V RMClient: #1:handleEvent lret
04-11 11:25:23.550 32240 32273 V RMClient: #1:onMessageReceived lret
04-11 11:25:23.550 32240 32273 V RMClient: #1:kWhatAllResourcesReturned
04-11 11:25:23.550 32240 32273 V RMClient: #1:Done
04-11 11:25:23.550 32240 32256 D SignalSourceManager: PortManager -- performPortSwitching --->end, mCurrentInputSource is E_INPUT_SOURCE_STORAGE
04-11 11:25:23.550 32240 32240 D SignalSourceManager-OnTvPlayerEventListener: onSignalLock in DeskTvPlayerEventListener
04-11 11:25:23.578 32240 32240 D SignalSourceManager: MainActivity -- MyHandler recieve msg:5
04-11 11:25:23.578 32240 32240 D SignalSourceManager: MainActivity -- MyHandler signalLockHandle ---> msg:{ what=5 when=-26ms }
04-11 11:25:23.578 32240 32240 D SignalSourceManager: MainActivity -- enter signalLockHandle
04-11 11:25:23.578 32240 32240 D SignalSourceManager: PortInfoView -- setDolbyVedioEnabled() in=>enabled:false
04-11 11:25:23.578 32240 32240 D SignalManager-mstar: getCurrentPortString
04-11 11:25:23.578 32240 32240 D SignalSourceManager: PortManager -- getCurrentPortName ---> In
04-11 11:25:23.578 32240 32240 D SignalSourceManager: PortManager -- getCurrentPortIndex ---> In
04-11 11:25:23.578 32240 32240 D SignalSourceManager: Utils -- isS40Products in
04-11 11:25:23.582  1310  1945 E LETV_DEVICE: int get_device_attr(const char*, char*) name=Model
04-11 11:25:23.582  1310  1310 E LETV_DEVICE: int get_device_attr(const char*, char*) name=Model
04-11 11:25:23.586 32240 32240 D SignalSourceManager: PortManager -- current port id:34
04-11 11:25:23.586 32240 32240 D SignalSourceManager: PortManager -- current port index:-1
04-11 11:25:23.586 32240 32240 D SignalSourceManager: PortManager -- index:-1
04-11 11:25:23.586 32240 32240 D SignalSourceManager: MainActivity -- signalLockHandle=>currentPortName is 
04-11 11:25:23.586 32240 32240 D SignalSourceManager: MainActivity -- EV_SIGNAL_LOCK received
04-11 11:25:23.598  1587  1600 V reService: handle report_keyevent
04-11 11:25:23.598  1587  1600 I reService: onReportKeyEvent  type=type3 keycode=0*22*0*21*22 
04-11 11:25:23.598  1587  1600 W ContextImpl: Calling a method in the system process without a qualified user: android.app.ContextImpl.bindService:1466 android.content.ContextWrapper.bindService:496 com.android.letvmanager.ReportLogManager.connectToService:255 com.android.letvmanager.ReportLogManager.reportToAgnes:370 com.android.letvmanager.LetvManager.reportEvent:520 
04-11 11:25:23.602  1310  4796 E LETV_DEVICE: int get_device_attr(const char*, char*) name=sn
04-11 11:25:23.606  1310  4796 E LETV_DEVICE: read env sn Failed
04-11 11:25:23.606  1310  4796 D LetvManager-Util: [get_device] get package sn key error
04-11 11:25:23.614  1310  1357 D LetvManager-LogReport: send msg to server++++++++ msg type:19
04-11 11:25:23.614  1310  1357 D LetvManager-LogReport: ====================== msg type:19, m_bootstart:0
04-11 11:25:23.614  1310  1357 E LETV_DEVICE: int get_device_attr(const char*, char*) name=uitype
04-11 11:25:23.618  1310  1357 D LetvManager-LogReport: [send_msg] ========= m_leurl.ip:1863487699, port:20480, path:/2bx0/api
04-11 11:25:23.618  1310  1357 E LETV_DEVICE: int get_device_attr(const char*, char*) name=uitype
04-11 11:25:23.618  1310  1357 D LetvManager-LogReport: [send_msg] report url = http://develop.bigdata.letv.com:80/2bx0/api/log/tvAction
04-11 11:25:23.618  1310  1357 D LetvManager-http: [HTTPCLIENT]ip=1863487699, port=20480, timeout=10000
04-11 11:25:23.622  1310  1357 I LetvManager-http: ===========Log Post=============
04-11 11:25:23.622  1310  1357 I LetvManager-http: action=plugDisappear&desktopId=signal&plugVersion=null&totalTime=7&sv=2.0&mac=c80e777673a7&model=S243F&channel=LETV&version=V2201RCN02C060239B04101T&versionName=6.0.239T_0410&uiVersion=6.0&sessionId=ANNveKTTbkQZZhoWFFluCCaIPxxgOVVd&logreportpid=1310&logtime=49514&lognum=864&retry=0&uid=
04-11 11:25:23.622  1310  1357 I LetvManager-http: =========================
04-11 11:25:23.658  1310  1357 I LetvManager-LogReport: [send_msg]line:518 retcode:200 
04-11 11:25:23.658  1310  1357 I LetvManager-LogReport: Response:
04-11 11:25:23.658  1310  1357 D LetvManager-LogReport: send log to server success!
04-11 11:25:23.838  1861  1961 W System.err: java.lang.IllegalArgumentException: Unknown URL content://com.letv.agnes.InfoProvider
04-11 11:25:23.838  1861  1960 I [T0.9.9]EuiAgnes_MessageProcessor: dealMsg@4220c1a8,pri:1,sendCond:0
04-11 11:25:23.838  1861  1961 E ActivityThread: Failed to find provider info for com.letv.agnes.InfoProvider
04-11 11:25:23.842  1861  1961 W System.err: 	at android.content.ContentResolver.delete(ContentResolver.java:1002)
04-11 11:25:23.842  1861  1961 W System.err: 	at com.letv.tracker2.agnes.a.d(Unknown Source)
04-11 11:25:23.842  1861  1961 W System.err: 	at com.letv.tracker2.agnes.a.bg(Unknown Source)
04-11 11:25:23.842  1861  1961 W System.err: 	at com.letv.tracker2.agnes.o.handleMessage(Unknown Source)
04-11 11:25:23.842  1861  1961 W System.err: 	at android.os.Handler.dispatchMessage(Handler.java:99)
04-11 11:25:23.842  1861  1961 W System.err: 	at android.os.Looper.loop(Looper.java:137)
04-11 11:25:23.842  1861  1961 W System.err: 	at com.letv.tracker2.agnes.f.run(Unknown Source)
04-11 11:25:23.846  1861  1961 W System.err: java.lang.IllegalArgumentException: Unknown URL content://com.letv.agnes.InfoProvider
04-11 11:25:23.846  1861  1961 E ActivityThread: Failed to find provider info for com.letv.agnes.InfoProvider
04-11 11:25:23.850  1861  1961 W System.err: 	at android.content.ContentResolver.insert(ContentResolver.java:910)
04-11 11:25:23.850  1861  1961 W System.err: 	at com.letv.tracker2.agnes.a.bg(Unknown Source)
04-11 11:25:23.850  1861  1961 W System.err: 	at com.letv.tracker2.agnes.o.handleMessage(Unknown Source)
04-11 11:25:23.850  1861  1961 W System.err: 	at android.os.Handler.dispatchMessage(Handler.java:99)
04-11 11:25:23.850  1861  1961 W System.err: 	at android.os.Looper.loop(Looper.java:137)
04-11 11:25:23.850  1861  1961 W System.err: 	at com.letv.tracker2.agnes.f.run(Unknown Source)
04-11 11:25:23.858  1310  1357 D LetvManager-LogReport: send msg to server++++++++ msg type:19
04-11 11:25:23.858  1310  1357 D LetvManager-LogReport: ====================== msg type:19, m_bootstart:0
04-11 11:25:23.858  1310  1357 E LETV_DEVICE: int get_device_attr(const char*, char*) name=uitype
04-11 11:25:23.858  1861  1960 I [T0.9.9]EuiAgnes_sEvt: event:open,app:TVUsageStats,widget:,Send success.
04-11 11:25:23.858  1310  1357 D LetvManager-LogReport: [send_msg] ========= m_leurl.ip:1863487699, port:20480, path:/2bx0/api
04-11 11:25:23.858  1310  1357 E LETV_DEVICE: int get_device_attr(const char*, char*) name=uitype
04-11 11:25:23.862  1310  1357 D LetvManager-LogReport: [send_msg] report url = http://develop.bigdata.letv.com:80/2bx0/api/log/tvAction
04-11 11:25:23.862  1310  1357 D LetvManager-http: [HTTPCLIENT]ip=1863487699, port=20480, timeout=10000
04-11 11:25:23.862  1310  1357 I LetvManager-http: ===========Log Post=============
04-11 11:25:23.862  1310  1357 I LetvManager-http: action=plugDisappear&desktopId=com.stv.plugin.app&plugVersion=1.0.1&totalTime=0&sv=2.0&mac=c80e777673a7&model=S243F&channel=LETV&version=V2201RCN02C060239B04101T&versionName=6.0.239T_0410&uiVersion=6.0&sessionId=ANNveKTTbkQZZhoWFFluCCaIPxxgOVVd&logreportpid=1310&logtime=49514&lognum=865&retry=0&uid=
04-11 11:25:23.862  1310  1357 I LetvManager-http: =========================
04-11 11:25:23.874  1587  1908 D DesktopManagerService: isStorageMode
04-11 11:25:23.874  1820  1820 D LeleVoiceSDK: sendMessage : {"sceneCommand":["工具","打开CIBN推荐应用文件夹","打开工具文件夹","打开工具","工具文件夹","打开CIBN推荐应用","CIBN推荐应用","CIBN推荐应用文件夹"],"sceneExtraInfo":[""],"sceneType":[],"sceneMap":[]}
04-11 11:25:23.874  2230  2242 D LeVoice_WindowService: inSceneVoice, a284e033-7fdd-4730-ac49-df5271c2d771, {"sceneCommand":["工具","打开CIBN推荐应用文件夹","打开工具文件夹","打开工具","工具文件夹","打开CIBN推荐应用","CIBN推荐应用","CIBN推荐应用文件夹"],"sceneExtraInfo":[""],"sceneType":[],"sceneMap":[]}
04-11 11:25:23.874  2230  2242 I LeVoice_SDK_VoiceHelper:  - enterScene udid:a284e033-7fdd-4730-ac49-df5271c2d771 scene:{"sceneCommand":["工具","打开CIBN推荐应用文件夹","打开工具文件夹","打开工具","工具文件夹","打开CIBN推荐应用","CIBN推荐应用","CIBN推荐应用文件夹"],"sceneExtraInfo":[""],"sceneType":[],"sceneMap":[]}
04-11 11:25:23.894  1587  1602 I ActivityManager: Draw ok
04-11 11:25:23.898  2230  2242 D LeVoice_VoiceViewController: enterScene:a284e033-7fdd-4730-ac49-df5271c2d771
04-11 11:25:23.898  2230 17674 D LeVoice_WindowService: setPrompt, a284e033-7fdd-4730-ac49-df5271c2d771, 
04-11 11:25:23.898  2230 17674 D LeVoice_VoiceViewController: setPrompt:a284e033-7fdd-4730-ac49-df5271c2d771
04-11 11:25:23.902  1310  1357 I LetvManager-LogReport: [send_msg]line:518 retcode:200 
04-11 11:25:23.902  1310  1357 I LetvManager-LogReport: Response:
04-11 11:25:23.902  1310  1357 D LetvManager-LogReport: send log to server success!
04-11 11:25:23.902  1820  1820 D Launcher: LauncherActivity -- mEnterActivityAnimationEnd, call adapter onActivityStart
04-11 11:25:23.902  1820  1820 D Launcher: LauncherAdapterPresenter -- onActivityStart --> currentTab=0 currentShow=0  cf=AppFragment{445077f0 #0 id=0x7f0d001e}
04-11 11:25:23.902  1820  1820 I AppPlugin: AppFragment -- === onFragmentShowChanged === gainShow : true
04-11 11:25:23.902  1820  1820 D LeleVoiceSDK: -inFullVoice-STATE_CONNECTED
04-11 11:25:23.902  1310  1946 E LETV_DEVICE: int get_device_attr(const char*, char*) name=platform
04-11 11:25:23.906  1820  1820 I AppPlugin: AppFragment --  onFragmentShowChanged AppWorkspace.mState : STATE_NORMAL AppFolderWorkspace.mState = STATE_NORMAL
04-11 11:25:23.906  1820  1820 D AppPlugin: AppWorkspace --  recoverState mState = STATE_NORMAL
04-11 11:25:23.906  1820  1820 D AppPlugin: AppWorkspace --  updateEditState new state = STATE_NORMAL older state = STATE_NORMAL
04-11 11:25:23.906  1820  1820 D AppPlugin: AppWorkspace --  updateEditState isFocusOnTab = false force = false
04-11 11:25:23.906  1820  1820 D AppPlugin: AppWorkspace --  updateEditState state not change return 
04-11 11:25:23.906  1820  1820 I AppPlugin: AppWorkspace --  sendUpdateBroadcastRepeat 
04-11 11:25:23.906  1820  1820 D wmg0    : recordStart = ALevelMark [mOneLevel=FirstShow, mTwoLevel= , mThirdLevel=null]
04-11 11:25:23.906  1820  1820 I AnalysisLog: FirstShow: ----start:time='49551843'
04-11 11:25:23.906  1820  1820 D GrapUtil: GrapUtil getInstance
04-11 11:25:23.906  1820  1820 D Launcher: [SDK][BaseFragment]:==> onFragmentShowChanged  [null] true, take 7 ms
04-11 11:25:23.910  1820  1820 D Launcher: LauncherAdapterPresenter -- notifyScreenSwitched com.stv.plugin.app total=5
04-11 11:25:23.910  1820  1820 D Launcher: TitleView -- onScreenSelected mPreIndex:0,index:0
04-11 11:25:23.910  1820  1820 D Launcher: LauncherState -- onScreenSwitched com.stv.plugin.app mIsLauncherOnStoped=false
04-11 11:25:23.910  1820  1820 D Launcher: ReportLogUtil -- reportDesktopDisappear
04-11 11:25:23.910  1820  1820 D LeleVoiceSDK: sendMessage : {"sceneCommand":["工具","打开CIBN推荐应用文件夹","打开工具文件夹","打开工具","工具文件夹","打开CIBN推荐应用","CIBN推荐应用","CIBN推荐应用文件夹"],"sceneExtraInfo":[""],"sceneType":[],"sceneMap":[]}
04-11 11:25:23.910  1820  2194 W ContextImpl: Calling a method in the system process without a qualified user: android.app.ContextImpl.bindService:1466 android.content.ContextWrapper.bindService:496 com.android.letvmanager.ReportLogManager.connectToService:255 com.android.letvmanager.ReportLogManager.reportToStargazer:352 com.android.letvmanager.LetvManager.onReportToCloud:504 
04-11 11:25:23.914  2230 16530 D LeVoice_WindowService: inSceneVoice, a284e033-7fdd-4730-ac49-df5271c2d771, {"sceneCommand":["工具","打开CIBN推荐应用文件夹","打开工具文件夹","打开工具","工具文件夹","打开CIBN推荐应用","CIBN推荐应用","CIBN推荐应用文件夹"],"sceneExtraInfo":[""],"sceneType":[],"sceneMap":[]}
04-11 11:25:23.914  2230 16530 I LeVoice_SDK_VoiceHelper:  - enterScene udid:a284e033-7fdd-4730-ac49-df5271c2d771 scene:{"sceneCommand":["工具","打开CIBN推荐应用文件夹","打开工具文件夹","打开工具","工具文件夹","打开CIBN推荐应用","CIBN推荐应用","CIBN推荐应用文件夹"],"sceneExtraInfo":[""],"sceneType":[],"sceneMap":[]}
04-11 11:25:23.914  1820  2194 D LetvManager-JNI: get postmsg:action=plugDisappear&desktopId=com.stv.plugin.app&plugVersion=1.0.1&totalTime=0, getmsg:NULL, msgType:tvAction
04-11 11:25:23.918  1310  4797 D LetvManager-Service: line:65 fun:onReportLog msgType:tvAction, getmsg:(null), postmsg:action=plugDisappear&desktopId=com.stv.plugin.app&plugVersion=1.0.1&totalTime=0
04-11 11:25:23.918  1820  2194 W ContextImpl: Calling a method in the system process without a qualified user: android.app.ContextImpl.bindService:1466 android.content.ContextWrapper.bindService:496 com.android.letvmanager.ReportLogManager.connectToService:255 com.android.letvmanager.ReportLogManager.reportToAgnes:370 com.android.letvmanager.LetvManager.reportEvent:520 
04-11 11:25:23.922  1310  1358 E LETV_DEVICE: int get_device_attr(const char*, char*) name=sn
04-11 11:25:23.922  1310  1358 E LETV_DEVICE: read env sn Failed
04-11 11:25:23.922  1310  1358 D LetvManager-Util: [get_device] get package sn key error
04-11 11:25:23.934  2230 16530 D LeVoice_VoiceViewController: enterScene:a284e033-7fdd-4730-ac49-df5271c2d771
04-11 11:25:23.938  2230  3802 D LeVoice_WindowService: setPrompt, a284e033-7fdd-4730-ac49-df5271c2d771, 
04-11 11:25:23.938  2230  3802 D LeVoice_VoiceViewController: setPrompt:a284e033-7fdd-4730-ac49-df5271c2d771
04-11 11:25:24.102  1310  1357 D LetvManager-LogReport: send msg to server++++++++ msg type:19
04-11 11:25:24.102  1310  1357 D LetvManager-LogReport: ====================== msg type:19, m_bootstart:0
04-11 11:25:24.102  1310  1357 E LETV_DEVICE: int get_device_attr(const char*, char*) name=uitype
04-11 11:25:24.102  1310  1357 D LetvManager-LogReport: [send_msg] ========= m_leurl.ip:1863487699, port:20480, path:/2bx0/api
04-11 11:25:24.102  1310  1357 E LETV_DEVICE: int get_device_attr(const char*, char*) name=uitype
04-11 11:25:24.102  1310  1357 D LetvManager-LogReport: [send_msg] report url = http://develop.bigdata.letv.com:80/2bx0/api/log/tvAction
04-11 11:25:24.102  1310  1357 D LetvManager-http: [HTTPCLIENT]ip=1863487699, port=20480, timeout=10000
04-11 11:25:24.106  1310  1357 I LetvManager-http: ===========Log Post=============
04-11 11:25:24.106  1310  1357 I LetvManager-http: action=plugDisappear&desktopId=com.stv.plugin.app&plugVersion=1.0.1&totalTime=0&sv=2.0&mac=c80e777673a7&model=S243F&channel=LETV&version=V2201RCN02C060239B04101T&versionName=6.0.239T_0410&uiVersion=6.0&sessionId=ANNveKTTbkQZZhoWFFluCCaIPxxgOVVd&logreportpid=1310&logtime=49515&lognum=866&retry=0&uid=
04-11 11:25:24.106  1310  1357 I LetvManager-http: =========================
04-11 11:25:24.142  1310  1357 I LetvManager-LogReport: [send_msg]line:518 retcode:200 
04-11 11:25:24.142  1310  1357 I LetvManager-LogReport: Response:
04-11 11:25:24.142  1310  1357 D LetvManager-LogReport: send log to server success!
04-11 11:25:24.314 32240 32240 D SignalSourceManager: MainActivity -- onStop
04-11 11:25:24.314 32240 32240 D SignalManager-mstar: isScanInProgress 
04-11 11:25:24.314 32240 32240 D SignalSourceManager: ChannelManager -- isScanInProgress ---> tv_ts_status:E_TS_NONE
04-11 11:25:24.314 32240 32240 D SignalSourceManager: MainActivity -- onStop before super
04-11 11:25:24.314 32240 32240 D SignalSourceManager: BaseUIActivity -- onStop
04-11 11:25:24.314 32240 32240 D SignalSourceManager: BaseActivity -- onStop
04-11 11:25:24.318  1587  1909 V PackageManager: isEnabledLock - packageName = com.kuyun.identifer componentName = com.kuyun.identifer.TakePictureAble
04-11 11:25:24.318  1587  1909 V PackageManager: enabledComponents: []
04-11 11:25:24.318  1587  1909 V PackageManager: disabledComponents: []
04-11 11:25:24.318 32240 32240 W ContextImpl: Calling a method in the system process without a qualified user: android.app.ContextImpl.sendBroadcast:1069 android.content.ContextWrapper.sendBroadcast:344 com.stv.signalsourcemanager.BaseActivity.onStop:338 com.stv.signalsourcemanager.BaseUIActivity.onStop:427 com.stv.signalsourcemanager.MainActivity.onStop:327 
04-11 11:25:24.318  1587  1909 D ActivityManager: isFilterBroadcast com.letv.sourcemanager.stop
04-11 11:25:24.322 32240 32240 W ContextImpl: Calling a method in the system process without a qualified user: android.app.ContextImpl.sendBroadcast:1069 android.content.ContextWrapper.sendBroadcast:344 com.stv.signalsourcemanager.BaseActivity.onStop:344 com.stv.signalsourcemanager.BaseUIActivity.onStop:427 com.stv.signalsourcemanager.MainActivity.onStop:327 
04-11 11:25:24.326  3232  3232 D identifer-IdentiferService: action = com.letv.identifer.tvstate.leave
04-11 11:25:24.326  3232  3232 D identifer-TvStatus: identify print current tvStatus -->currentScreen=signal,isEnter=false,channelName=,channel_ename=
04-11 11:25:24.326  3232  3232 D identifer-IdentiferService: clearTVid
04-11 11:25:24.326  1587  6584 I AudioService:  AudioFocus  abandonAudioFocus() from android.media.AudioManager@437cda70com.stv.signalsourcemanager.BaseActivity$3@4218f4d0
04-11 11:25:24.326  1587  1908 D DesktopManagerService: setCurrentPortName(Super TV)
04-11 11:25:24.326  3232  3232 D identifer-App: sendBroadcast...tvId = , tvName = , signal = 0
04-11 11:25:24.330  1587  2130 V PackageManager: isEnabledLock - packageName = com.stv.reportlog componentName = com.stv.reportlog.channel.stargazer.receiver.StargazerCustomReceiver
04-11 11:25:24.330  1587  2130 V PackageManager: enabledComponents: []
04-11 11:25:24.330  1587  2130 V PackageManager: disabledComponents: []
04-11 11:25:24.330  1587  2130 D ActivityManager: isFilterBroadcast com.kuyun.identifer.info
04-11 11:25:24.334  3011  3011 D interact-IdentifyStatusReceiver: tvId=; tvName=;signal=0
04-11 11:25:24.334  3011  3011 D interact-IdentifyStatusReceiver: ***tvName=
04-11 11:25:24.334  3011  3011 D MyService: action = com.kuyun.identifer.info
04-11 11:25:24.334  3011  3011 D interact-MyService: logMsg: tvId=; tvName=;signal=0
04-11 11:25:24.334  3011  3011 D ResourceManager: mInitStateINIT_SUCCESS
04-11 11:25:24.334  3011  3011 I columnmanager: changeTV:null,curent tvid:null
04-11 11:25:24.334  3011  3011 I columnmanager: set tvid:null
04-11 11:25:24.334  3011  3011 D WSCardManager: stop
04-11 11:25:24.334  3011  3011 D WSLiveManager: stop
04-11 11:25:24.334  3011  3011 I columnmanager: set tvid:null
04-11 11:25:24.334  3011  3011 D Event   : No subscribers registered for event class com.kuyun.common.androidtv.base.UIMessageDispatchCenter$ChangeTVCloseCardEvent
04-11 11:25:24.334  3011  3011 D Event   : No subscribers registered for event class de.greenrobot.event.NoSubscriberEvent
04-11 11:25:24.342  1310  1945 E LETV_DEVICE: int get_device_attr(const char*, char*) name=Model
04-11 11:25:24.346  1310  1310 E LETV_DEVICE: int get_device_attr(const char*, char*) name=eth
04-11 11:25:24.350 32240 32240 D SignalSourceManager: MainActivity -- setVolumeMute : false
04-11 11:25:24.350 32240 32240 D SignalManager-mstar: enableMute false
04-11 11:25:24.350 32240 32240 I AudioManager_JNI: native_disableMute 
04-11 11:25:24.350  1121  1121 I tvos    : Audiobsp sssound::SetMute..
04-11 11:25:24.350 32240 32240 D SignalSourceManager: BaseUIActivity -- sendStatusToKuyun()--> infalse
04-11 11:25:24.350  1310  4796 E LETV_DEVICE: int get_device_attr(const char*, char*) name=eth
04-11 11:25:24.350 32240 32240 D SignalSourceManager: SourceBase -- onStop
04-11 11:25:24.350  1587  1599 D DesktopManagerService: isStorageMode
04-11 11:25:24.350 32240 32240 D SignalSourceManager: SourceBase -- onStop switchToStorage storageMode is true
04-11 11:25:24.354  1310  1946 E LETV_DEVICE: int get_device_attr(const char*, char*) name=releaseversion
04-11 11:25:24.354 32240 32240 D SignalSourceManager: KKSDKManager -- mSDKInited is false,so do nothing!
04-11 11:25:24.354 32240 32240 D SignalSourceManager: SourceBase -- onStop end
04-11 11:25:24.354 32240 32240 D SignalSourceManager: MstarSource -- onStop
04-11 11:25:24.354 32240 32240 W ContextImpl: Calling a method in the system process without a qualified user: android.app.ContextImpl.startService:1412 android.content.ContextWrapper.startService:473 com.stv.signalsourcemanager.SourceBase.startReportService:923 com.stv.signalsourcemanager.SourceBase.onStop:211 com.stv.signalsourcemanager.mstar.MstarSource.onStop:40 
04-11 11:25:24.358 32240 32240 D SignalSourceManager: MainActivity -- setVolumeMute : false
04-11 11:25:24.358 32240 32240 D SignalManager-mstar: enableMute false
04-11 11:25:24.358 32240 32240 I AudioManager_JNI: native_disableMute 
04-11 11:25:24.358  1310  4797 E LETV_DEVICE: int get_device_attr(const char*, char*) name=Model
04-11 11:25:24.358  1121  1121 I tvos    : Audiobsp sssound::SetMute..
04-11 11:25:24.358 32240 32240 D SignalSourceManager: MainActivity -- onStop end
04-11 11:25:24.358 32240 32240 D SignalSourceManager: AudienceRatingService -- intent=Intent { act=com.letv.sourcemanager.stop flg=0x10 }
04-11 11:25:24.358 32240 32240 D SignalSourceManager: AudienceRatingService -- Leave source manager stop date report
04-11 11:25:24.358 32240 32240 D SignalSourceManager: AudienceRatingService -- intent=Intent { act=com.kuyun.identifer.info flg=0x10 (has extras) }
04-11 11:25:24.358 32240 32240 D SignalSourceManager: AudienceRatingService --  AudienceRatingService tvSignal=0,  tvId=,   tvName=
04-11 11:25:24.358 32240 32240 D SignalSourceManager: InitService -- onStart 74
04-11 11:25:24.362  1861  5670 I StvLogReport: StargazerReportTask, {"uid":"","app":"信号源","channelName":"","time":1491881124,"model":"S243F","status":"播放","devid":"S243F-c80e777673a7-","seq":207,"mac":"c80e777673a7","signalType":"直播","clientVersion":"6.0.239T_0410"}
04-11 11:25:24.362 32240 32266 D SignalSourceManager: InitService -- handleMessage 0
04-11 11:25:24.362 32240 32266 D SignalSourceManager: InitService -- onNewIntent 2
04-11 11:25:24.362 32240 32266 D SignalSourceManager: InitService -- EVENT_REPORT_LOG get port port_from_db, report id 2
04-11 11:25:24.362 32240 32266 D SignalManager-mstar: getCurrentPortStringFromDb
04-11 11:25:24.362 32240 32266 D SignalSourceManager: PortManager -- getCurrentPortFromDB ---> In
04-11 11:25:24.374 32240 32266 D SignalSourceManager: Utils -- isS40Products in
04-11 11:25:24.374  1310  1358 E LETV_DEVICE: int get_device_attr(const char*, char*) name=Model
04-11 11:25:24.378  1310  1945 E LETV_DEVICE: int get_device_attr(const char*, char*) name=Model
04-11 11:25:24.378 32240 32266 D SignalSourceManager: PortManager -- getCurrentPortFromDB ---> end
04-11 11:25:24.378 32240 32266 D SignalSourceManager: InitService -- EVENT_REPORT_LOG get port HDMI 1
04-11 11:25:24.378 32240 32266 D SignalSourceManager: ReportLogUtil -- report msg signalId=2&signalType=HDMI 1
04-11 11:25:24.382  1121  1121 I tvos    : setsoundmutestatus, mute hp! 
04-11 11:25:24.382  1121  1121 I tvos    : SetSoundMute, audio effect chip is not ready now!
04-11 11:25:24.382 32240 32266 W ContextImpl: Calling a method in the system process without a qualified user: android.app.ContextImpl.bindService:1466 android.content.ContextWrapper.bindService:496 com.android.letvmanager.ReportLogManager.connectToService:255 com.android.letvmanager.ReportLogManager.reportToStargazer:352 com.android.letvmanager.LetvManager.onReportToCloud:504 
04-11 11:25:24.386 32240 32266 D LetvManager-JNI: get postmsg:action=signalSource&signalId=2&signalType=HDMI 1, getmsg:NULL, msgType:tvAction
04-11 11:25:24.386  1310  1310 D LetvManager-Service: line:65 fun:onReportLog msgType:tvAction, getmsg:(null), postmsg:action=signalSource&signalId=2&signalType=HDMI 1
04-11 11:25:24.386 32240 32266 D SignalSourceManager: InitService -- EVENT_REPORT_LOG get reportType -1
04-11 11:25:24.390  1861  5670 I StvLogReport: StargazerReportTask, reponse1 : {"status":"OK","statusCode":200,"message":"succeefully"}
04-11 11:25:24.542  1310  1357 D LetvManager-LogReport: send msg to server++++++++ msg type:19
04-11 11:25:24.542  1310  1357 D LetvManager-LogReport: ====================== msg type:19, m_bootstart:0
