04-11 11:25:31.482  1820  2194 W ContextImpl: Calling a method in the system process without a qualified user: android.app.ContextImpl.bindService:1466 android.content.ContextWrapper.bindService:496 com.android.letvmanager.ReportLogManager.connectToService:255 com.android.letvmanager.ReportLogManager.reportToStargazer:352 com.android.letvmanager.LetvManager.onReportToCloud:504 
04-11 11:25:31.486  1820  2194 D LetvManager-JNI: get postmsg:action=desktopShowTab, getmsg:NULL, msgType:tvAction
04-11 11:25:31.490  1310  1946 D LetvManager-Service: line:65 fun:onReportLog msgType:tvAction, getmsg:(null), postmsg:action=desktopShowTab
04-11 11:25:31.490  1310  1946 D LetvManager-LogList: [letv_loglist_write]--------------------list num:1
04-11 11:25:31.490  1820  2194 W ContextImpl: Calling a method in the system process without a qualified user: android.app.ContextImpl.bindService:1466 android.content.ContextWrapper.bindService:496 com.android.letvmanager.ReportLogManager.connectToService:255 com.android.letvmanager.ReportLogManager.reportToAgnes:370 com.android.letvmanager.LetvManager.reportEvent:520 
04-11 11:25:31.498  1310  1358 E LETV_DEVICE: int get_device_attr(const char*, char*) name=sn
04-11 11:25:31.498  1310  1358 E LETV_DEVICE: read env sn Failed
04-11 11:25:31.498  1310  1358 D LetvManager-Util: [get_device] get package sn key error
04-11 11:25:31.514  1310  1357 D LetvManager-LogReport: send msg to server++++++++ msg type:19
04-11 11:25:31.514  1310  1357 D LetvManager-LogReport: ====================== msg type:19, m_bootstart:0
04-11 11:25:31.514  1310  1357 E LETV_DEVICE: int get_device_attr(const char*, char*) name=uitype
04-11 11:25:31.514  1310  1357 D LetvManager-LogReport: [send_msg] ========= m_leurl.ip:1863487699, port:20480, path:/2bx0/api
04-11 11:25:31.514  1310  1357 E LETV_DEVICE: int get_device_attr(const char*, char*) name=uitype
04-11 11:25:31.514  1310  1357 D LetvManager-LogReport: [send_msg] report url = http://develop.bigdata.letv.com:80/2bx0/api/log/tvAction
04-11 11:25:31.514  1310  1357 D LetvManager-http: [HTTPCLIENT]ip=1863487699, port=20480, timeout=10000
04-11 11:25:31.518  1310  1357 I LetvManager-http: ===========Log Post=============
04-11 11:25:31.518  1310  1357 I LetvManager-http: action=desktopShow&desktop=1&packageName=signal&sv=2.0&mac=c80e777673a7&model=S243F&channel=LETV&version=V2201RCN02C060239B04101T&versionName=6.0.239T_0410&uiVersion=6.0&sessionId=ANNveKTTbkQZZhoWFFluCCaIPxxgOVVd&logreportpid=1310&logtime=49522&lognum=876&retry=0&uid=
04-11 11:25:31.518  1310  1357 I LetvManager-http: =========================
04-11 11:25:31.558  1310  1357 I LetvManager-LogReport: [send_msg]line:518 retcode:200 
04-11 11:25:31.558  1310  1357 I LetvManager-LogReport: Response:
04-11 11:25:31.558  1310  1357 D LetvManager-LogReport: send log to server success!
04-11 11:25:31.682  1820  1820 D Launcher: LauncherAdapterPresenter -- onActivityStop --> currentTab=0 currentShow=0  cf=AppFragment{445077f0 #0 id=0x7f0d001e}
04-11 11:25:31.682  1820  1820 D Launcher: [SDK][BaseFragment]:==> onFragmentShowChanged  [null] false, take 0 ms
04-11 11:25:31.682  1820  1820 D Launcher: LauncherApplication --  onActivityStopped ComponentInfo{com.stv.launcher/com.stv.launcher.activity.Launcher}
04-11 11:25:31.682  1820  1820 V FragmentManager: movefrom STARTED: AppFragment{445077f0 #0 id=0x7f0d001e}
04-11 11:25:31.682  1820  1820 V FragmentManager: movefrom STARTED: LauncherFragment{42b9d228 #1 id=0x7f0d001e}
04-11 11:25:31.682  1820  1820 V FragmentManager: movefrom STARTED: PlayerMainFragment{430debd0 #0 id=0x7f0e0013 PlayerMainFragment}
04-11 11:25:31.682  1820  1820 I TvLiveBaseFragment: onStop
04-11 11:25:31.682  1820  1820 D LauncherFragment: LauncherFragment onStop
04-11 11:25:31.682  1820  1820 V FragmentManager: movefrom STARTED: VideoFragment{42b5f718 #2 id=0x7f0d001e}
04-11 11:25:31.682  1820  1820 V FragmentManager: movefrom STARTED: SearchFragment{42ac0dc8 #3 id=0x7f0d001e}
04-11 11:25:31.682  1820  1820 V FragmentManager: movefrom STARTED: VideoFragment{42f492b0 #4 id=0x7f0d001e}
04-11 11:25:31.682  1820  1820 D Launcher: LauncherActivity -- onStop
04-11 11:25:31.682  1820  1820 D AppPlugin: AppWorkspace --  onVisibilityChanged changedView = null visibility = 4
04-11 11:25:31.686  1820  1820 D AppPlugin: AppRecyclerView --  onVisibilityChanged changedView = null visibility = 4
04-11 11:25:31.686  1820  1820 D AppPlugin: AppRecyclerView --  onVisibilityChanged changedView = null visibility = 4
04-11 11:25:31.686  1820  1820 I Launcher: FPSView -- hide
04-11 11:25:31.686  1820  1820 V FragmentManager: movefrom STOPPED: AppFragment{445077f0 #0 id=0x7f0d001e}
04-11 11:25:31.686  1820  1820 V FragmentManager: movefrom STOPPED: LauncherFragment{42b9d228 #1 id=0x7f0d001e}
04-11 11:25:31.686  1820  1820 V FragmentManager: movefrom STOPPED: PlayerMainFragment{430debd0 #0 id=0x7f0e0013 PlayerMainFragment}
04-11 11:25:31.686  1820  1820 V FragmentManager: movefrom STOPPED: VideoFragment{42b5f718 #2 id=0x7f0d001e}
04-11 11:25:31.690  1820  1820 V FragmentManager: movefrom STOPPED: SearchFragment{42ac0dc8 #3 id=0x7f0d001e}
04-11 11:25:31.690  1820  1820 V FragmentManager: movefrom STOPPED: VideoFragment{42f492b0 #4 id=0x7f0d001e}
04-11 11:25:31.758  1310  1357 D LetvManager-LogReport: send msg to server++++++++ msg type:19
04-11 11:25:31.758  1310  1357 D LetvManager-LogReport: ====================== msg type:19, m_bootstart:0
04-11 11:25:31.758  1310  1357 E LETV_DEVICE: int get_device_attr(const char*, char*) name=uitype
04-11 11:25:31.762  1310  1357 D LetvManager-LogReport: [send_msg] ========= m_leurl.ip:1863487699, port:20480, path:/2bx0/api
04-11 11:25:31.762  1310  1357 E LETV_DEVICE: int get_device_attr(const char*, char*) name=uitype
04-11 11:25:31.762  1310  1357 D LetvManager-LogReport: [send_msg] report url = http://develop.bigdata.letv.com:80/2bx0/api/log/tvAction
04-11 11:25:31.762  1310  1357 D LetvManager-http: [HTTPCLIENT]ip=1863487699, port=20480, timeout=10000
04-11 11:25:31.762  1310  1357 I LetvManager-http: ===========Log Post=============
04-11 11:25:31.762  1310  1357 I LetvManager-http: action=desktopShowTab&sv=2.0&mac=c80e777673a7&model=S243F&channel=LETV&version=V2201RCN02C060239B04101T&versionName=6.0.239T_0410&uiVersion=6.0&sessionId=ANNveKTTbkQZZhoWFFluCCaIPxxgOVVd&logreportpid=1310&logtime=49522&lognum=877&retry=0&uid=
04-11 11:25:31.762  1310  1357 I LetvManager-http: =========================
04-11 11:25:31.798  1310  1357 I LetvManager-LogReport: [send_msg]line:518 retcode:200 
04-11 11:25:31.798  1310  1357 I LetvManager-LogReport: Response:
04-11 11:25:31.798  1310  1357 D LetvManager-LogReport: send log to server success!
04-11 11:25:31.946 32240 32266 D SignalSourceManager: ReportLogUtil -- DesktopExposeRunnable
04-11 11:25:31.946 32240 32266 W ContextImpl: Calling a method in the system process without a qualified user: android.app.ContextImpl.bindService:1466 android.content.ContextWrapper.bindService:496 com.android.letvmanager.ReportLogManager.connectToService:255 com.android.letvmanager.ReportLogManager.reportToAgnes:370 com.android.letvmanager.LetvManager.reportEvent:520 
04-11 11:25:31.950  1310  1945 E LETV_DEVICE: int get_device_attr(const char*, char*) name=sn
04-11 11:25:31.950  1310  1945 E LETV_DEVICE: read env sn Failed
04-11 11:25:31.950  1310  1945 D LetvManager-Util: [get_device] get package sn key error
04-11 11:25:31.954 32240 32266 D SignalSourceManager: ReportLogUtil -- DesktopHttpRunnable
04-11 11:25:31.958 32240 32266 W ContextImpl: Calling a method in the system process without a qualified user: android.app.ContextImpl.bindService:1466 android.content.ContextWrapper.bindService:496 com.android.letvmanager.ReportLogManager.connectToService:255 com.android.letvmanager.ReportLogManager.reportToStargazer:352 com.android.letvmanager.LetvManager.onReportToCloud:504 
04-11 11:25:31.962 32240 32266 D LetvManager-JNI: get postmsg:action=desktopShow&desktop=0&packageName=com.stv.signalsourcemanager, getmsg:NULL, msgType:tvAction
04-11 11:25:31.962  1310  4797 D LetvManager-Service: line:65 fun:onReportLog msgType:tvAction, getmsg:(null), postmsg:action=desktopShow&desktop=0&packageName=com.stv.signalsourcemanager
04-11 11:25:31.998  1310  1357 D LetvManager-LogReport: send msg to server++++++++ msg type:19
04-11 11:25:31.998  1310  1357 D LetvManager-LogReport: ====================== msg type:19, m_bootstart:0
04-11 11:25:31.998  1310  1357 E LETV_DEVICE: int get_device_attr(const char*, char*) name=uitype
04-11 11:25:31.998  1310  1357 D LetvManager-LogReport: [send_msg] ========= m_leurl.ip:1863487699, port:20480, path:/2bx0/api
04-11 11:25:31.998  1310  1357 E LETV_DEVICE: int get_device_attr(const char*, char*) name=uitype
04-11 11:25:31.998  1310  1357 D LetvManager-LogReport: [send_msg] report url = http://develop.bigdata.letv.com:80/2bx0/api/log/tvAction
04-11 11:25:31.998  1310  1357 D LetvManager-http: [HTTPCLIENT]ip=1863487699, port=20480, timeout=10000
04-11 11:25:32.002  1310  1357 I LetvManager-http: ===========Log Post=============
04-11 11:25:32.002  1310  1357 I LetvManager-http: action=desktopShow&desktop=0&packageName=com.stv.signalsourcemanager&sv=2.0&mac=c80e777673a7&model=S243F&channel=LETV&version=V2201RCN02C060239B04101T&versionName=6.0.239T_0410&uiVersion=6.0&sessionId=ANNveKTTbkQZZhoWFFluCCaIPxxgOVVd&logreportpid=1310&logtime=49523&lognum=878&retry=0&uid=
04-11 11:25:32.002  1310  1357 I LetvManager-http: =========================
04-11 11:25:32.038  1310  1357 I LetvManager-LogReport: [send_msg]line:518 retcode:200 
04-11 11:25:32.038  1310  1357 I LetvManager-LogReport: Response:
04-11 11:25:32.038  1310  1357 D LetvManager-LogReport: send log to server success!
04-11 11:25:32.146  1861  1961 W System.err: java.lang.IllegalArgumentException: Unknown URL content://com.letv.agnes.InfoProvider
04-11 11:25:32.146  1861  1961 W System.err: 	at android.content.ContentResolver.delete(ContentResolver.java:1002)
04-11 11:25:32.146  1861  1961 W System.err: 	at com.letv.tracker2.agnes.a.d(Unknown Source)
04-11 11:25:32.146  1861  1961 W System.err: 	at com.letv.tracker2.agnes.a.bg(Unknown Source)
04-11 11:25:32.146  1861  1961 W System.err: 	at com.letv.tracker2.agnes.o.handleMessage(Unknown Source)
04-11 11:25:32.146  1861  1961 W System.err: 	at android.os.Handler.dispatchMessage(Handler.java:99)
04-11 11:25:32.146  1861  1961 W System.err: 	at android.os.Looper.loop(Looper.java:137)
04-11 11:25:32.146  1861  1961 W System.err: 	at com.letv.tracker2.agnes.f.run(Unknown Source)
04-11 11:25:32.146  1861  1960 I [T0.9.9]EuiAgnes_MessageProcessor: dealMsg@42213278,pri:1,sendCond:0
04-11 11:25:32.146  1861  1961 W System.err: java.lang.IllegalArgumentException: Unknown URL content://com.letv.agnes.InfoProvider
04-11 11:25:32.146  1861  1961 E ActivityThread: Failed to find provider info for com.letv.agnes.InfoProvider
04-11 11:25:32.146  1861  1961 E ActivityThread: Failed to find provider info for com.letv.agnes.InfoProvider
04-11 11:25:32.150  1861  1961 W System.err: 	at android.content.ContentResolver.insert(ContentResolver.java:910)
04-11 11:25:32.150  1861  1961 W System.err: 	at com.letv.tracker2.agnes.a.bg(Unknown Source)
04-11 11:25:32.150  1861  1961 W System.err: 	at com.letv.tracker2.agnes.o.handleMessage(Unknown Source)
04-11 11:25:32.150  1861  1961 W System.err: 	at android.os.Handler.dispatchMessage(Handler.java:99)
04-11 11:25:32.150  1861  1961 W System.err: 	at android.os.Looper.loop(Looper.java:137)
04-11 11:25:32.150  1861  1961 W System.err: 	at com.letv.tracker2.agnes.f.run(Unknown Source)
04-11 11:25:32.174  1861  1960 I [T0.9.9]EuiAgnes_sEvt: event:disappear,app:TVDesktop,widget:,Send success.
04-11 11:25:32.182  1587  1606 D ActivityManager-Killer: stopBackgroundIfNeeded()
04-11 11:25:32.182  1587  1606 D ActivityManager-Killer: VISIBLE_APP: com.stv.signalsourcemanager
04-11 11:25:32.182  1587  1606 D ActivityManager-Killer: VISIBLE_APP related service apps: com.stv.reportlog
04-11 11:25:32.182  1587  1606 D ActivityManager-Killer: VISIBLE_APP related service apps: com.stv.voice
04-11 11:25:32.182  1587  1606 D ActivityManager-Killer: VISIBLE_APP related service apps: com.stv.signalsourcemanager
04-11 11:25:32.182  1587  1606 D ActivityManager-Killer: VISIBLE_APP related provider apps: com.mstar.android.providers.tv
04-11 11:25:32.186  1587  1606 D ActivityManager-Killer: VISIBLE_APP related provider apps: android
04-11 11:25:32.186  1587  1606 D ActivityManager-Killer: VISIBLE_APP related provider apps: com.android.location.fused
04-11 11:25:32.186  1587  1606 D ActivityManager-Killer: VISIBLE_APP related provider apps: com.stv.reportService
04-11 11:25:32.186  1587  1606 D ActivityManager-Killer: VISIBLE_APP related provider apps: com.android.providers.settings
04-11 11:25:32.186  1587  1606 D ActivityManager-Killer: VISIBLE_APP related provider apps: com.stv.commonservice
04-11 11:25:32.186  1587  1606 D ActivityManager-Killer: killProcessIfNeeded: Enough memory: 338436/118784
04-11 11:25:32.402  1587  1652 D WifiStateMachine: handleMessage: E msg.what=131155
04-11 11:25:32.402  1587  1652 D WifiStateMachine: processMsg: ConnectedState
04-11 11:25:32.402  1587  1652 D WifiStateMachine: processMsg: L2ConnectedState
04-11 11:25:32.402  1587  1652 D WifiNative-wlan0: doString: SIGNAL_POLL
04-11 11:25:32.402  1936  1936 D wpa_supplicant: RX ctrl_iface - hexdump(len=11): 53 49 47 4e 41 4c 5f 50 4f 4c 4c
04-11 11:25:32.402  1936  1936 D wpa_supplicant: nl80211: survey data missing!
04-11 11:25:32.402  1587  1652 D WifiStateMachine: handleMessage: X
04-11 11:25:32.498  1820  1925 D Launcher: strDate: Tue, 11 Apr 2017 11:25:32 GMT
04-11 11:25:32.498  1820  1925 I Launcher: AdvertisingModel -- getLogoData url = http://beta.plugin.scloud.letv.com/tvplugin/pluginoperation/logo?tvmodel=S243F&mac=c80e777673a7
04-11 11:25:32.498  1820  1925 D Launcher: [SDK_HTTP][HttpManager]:com.stv.plugin.app enqueue http://beta.plugin.scloud.letv.com/tvplugin/pluginoperation/logo?tvmodel=S243F&mac=c80e777673a7
04-11 11:25:32.498  1820  1925 D Launcher: strDate: Tue, 11 Apr 2017 11:25:32 GMT
04-11 11:25:32.498  1820  1925 I Launcher: AdvertisingModel -- getBackgroundData url = http://beta.plugin.scloud.letv.com/tvplugin/pluginoperation/background?tvmodel=S243F&mac=c80e777673a7
04-11 11:25:32.502  1820  1925 D Launcher: [SDK_HTTP][HttpManager]:com.stv.plugin.app enqueue http://beta.plugin.scloud.letv.com/tvplugin/pluginoperation/background?tvmodel=S243F&mac=c80e777673a7
04-11 11:25:32.502  1820  1925 D Launcher: strDate: Tue, 11 Apr 2017 11:25:32 GMT
04-11 11:25:32.502  1820  1925 I Launcher: AdvertisingModel -- getTabData url = http://beta.plugin.scloud.letv.com/tvplugin/pluginoperation/tab?tvmodel=S243F&mac=c80e777673a7
04-11 11:25:32.502  1820  1925 D Launcher: [SDK_HTTP][HttpManager]:com.stv.plugin.app enqueue http://beta.plugin.scloud.letv.com/tvplugin/pluginoperation/tab?tvmodel=S243F&mac=c80e777673a7
04-11 11:25:32.522  1820  4765 W Launcher: AdvertisingModel -- getBackgroundData onFailure request = com.stv.launcher.sdk.http.HttpRequest@46bd0698
04-11 11:25:32.522  1820  4784 W Launcher: AdvertisingModel -- getLogoData onFailure request = com.stv.launcher.sdk.http.HttpRequest@46f8e1a8
04-11 11:25:32.522  1820  4840 W Launcher: AdvertisingModel --  getTabData onFailure request = com.stv.launcher.sdk.http.HttpRequest@46b9bb20
04-11 11:25:32.562  3232  3232 D identifer-IdentiferService: getSignalSourceStatus curScreen: signal -- SignalSourceStatus: letv.desktop.SignalSourceStatus@42224ad8
04-11 11:25:32.562  3232  3232 D identifer-IdentiferService: sss.getLifeCycle() = onstop
04-11 11:25:32.706  1121  1121 I tvos    : Detect >>>>>>>>>>>>>>>> Signal unLocked!!!
04-11 11:25:32.706 32240 32240 D SignalSourceManager-OnTvPlayerEventListener: onSignalUnLock in DeskTvPlayerEventListener
04-11 11:25:32.706 32240 32240 D SignalSourceManager: MainActivity -- MyHandler recieve msg:6
04-11 11:25:32.706 32240 32240 D SignalSourceManager: MainActivity -- MyHandler signalLockHandle ---> msg:{ what=6 when=0 }
04-11 11:25:32.706 32240 32240 D SignalSourceManager: MainActivity -- enter signalLockHandle
04-11 11:25:32.706 32240 32240 D SignalSourceManager: PortInfoView -- setDolbyVedioEnabled() in=>enabled:false
04-11 11:25:32.706 32240 32240 D SignalManager-mstar: getCurrentPortString
04-11 11:25:32.706 32240 32240 D SignalSourceManager: PortManager -- getCurrentPortName ---> In
04-11 11:25:32.706 32240 32240 D SignalSourceManager: PortManager -- getCurrentPortIndex ---> In
04-11 11:25:32.706 32240 32240 D SignalSourceManager: Utils -- isS40Products in
04-11 11:25:32.710  1310  4796 E LETV_DEVICE: int get_device_attr(const char*, char*) name=Model
04-11 11:25:32.710  1310  1310 E LETV_DEVICE: int get_device_attr(const char*, char*) name=Model
04-11 11:25:32.710 32240 32240 D SignalSourceManager: PortManager -- current port id:23
04-11 11:25:32.710 32240 32240 D SignalSourceManager: PortManager -- current port index:5
04-11 11:25:32.710 32240 32240 D SignalSourceManager: PortManager -- index:5
04-11 11:25:32.710 32240 32240 I SignalSourceManager: PortManager -- getCurrentPortName ---> portName is HDMI 1
04-11 11:25:32.710 32240 32240 D SignalSourceManager: MainActivity -- signalLockHandle=>currentPortName is HDMI 1
04-11 11:25:32.714 32240 32240 D SignalSourceManager: MainActivity -- EV_SIGNAL_UNLOCK received
04-11 11:25:32.714 32240 32240 D SignalSourceManager: BaseUIActivity -- showNoSignal ---> In, isShow:true
04-11 11:25:32.714 32240 32240 D SignalSourceManager: MainActivity -- openScreenSaver ---> In
04-11 11:25:32.714 32240 32240 D SignalSourceManager: MainActivity -- mSurfaceView ---> setKeepScreenOn:false
04-11 11:25:32.714 32240 32240 D SignalSourceManager: MainActivity -- mSurfaceHolder ---> setKeepScreenOn:false
04-11 11:25:32.714 32240 32240 D SignalSourceManager: BootFinishUtil -- check boot finishfinish1
04-11 11:25:32.714 32240 32240 D SignalSourceManager: BaseUIActivity -- hide loading animation
04-11 11:25:32.714 32240 32240 D SignalSourceManager: BaseUIActivity -- showLoading false
04-11 11:25:32.714 32240 32240 D SignalSourceManager: BaseUIActivity -- show force display port info when no signal
04-11 11:25:32.714 32240 32240 D SignalSourceManager: BaseUIActivity -- showPortInfo ---> In
04-11 11:25:32.714 32240 32240 D SignalSourceManager: BaseUIActivity -- delay 300ms to avoid error port info
04-11 11:25:32.714 32240 32240 D SignalSourceManager: BaseUIActivity -- mPortInfoView.hidePortInfo()
04-11 11:25:32.714  1587  1739 D DesktopManagerService: getCurrentPortName(), mCurrentPortName:HDMI 1
04-11 11:25:32.714 32240 32240 D SignalManager-mstar: detctSignalStatus HDMI 1
04-11 11:25:32.714 32240 32240 D SignalSourceManager: PortManager -- isDetechSource source:HDMI 1
04-11 11:25:32.714 32240 32240 D SignalSourceManager: PortManager -- getPortType ---> In str:HDMI 1
04-11 11:25:32.714 32240 32240 I PlayerImpl_JNI: native_detectInputSource
04-11 11:25:32.718 32240 32240 D SignalSourceManager: PortManager -- isDetechSource result:false
04-11 11:25:32.718 32240 32240 D SignalSourceManager: PortInfoView -- currentPortName:HDMI 1     status: false
04-11 11:25:32.718 32240 32240 D SignalSourceManager: Utils -- sUSVersion cibn
04-11 11:25:32.718 32240 32240 D SignalSourceManager: Utils -- isUSVersion in
04-11 11:25:32.718 32240 32240 D SignalSourceManager: Utils -- sFullUSVersion cibn
04-11 11:25:32.718 32240 32240 D SignalSourceManager: BaseUIActivity -- showUnsupportTiming ---> isShow:false
04-11 11:25:32.718 32240 32240 D SignalSourceManager: BaseUIActivity -- sendStatusToKuyun()--> infalse
04-11 11:25:33.010  1861  1865 D dalvikvm: GC_CONCURRENT freed 357K, 20% free 3232K/3996K, paused 3ms+1ms, total 22ms
04-11 11:25:33.042 32240 32240 D SignalSourceManager: BaseUIActivity -- Handler msg 6004
04-11 11:25:33.042 32240 32240 D SignalSourceManager: BootFinishUtil -- check boot finishfinish1
04-11 11:25:33.042 32240 32240 D SignalManager-mstar: getCurrentPortString
04-11 11:25:33.042 32240 32240 D SignalSourceManager: PortManager -- getCurrentPortName ---> In
04-11 11:25:33.042 32240 32240 D SignalSourceManager: PortManager -- getCurrentPortIndex ---> In
04-11 11:25:33.042 32240 32240 D SignalSourceManager: Utils -- isS40Products in
04-11 11:25:33.042  1310  1946 E LETV_DEVICE: int get_device_attr(const char*, char*) name=Model
04-11 11:25:33.046  1861  1861 D dalvikvm: GC_FOR_ALLOC freed 285K, 21% free 3215K/4060K, paused 22ms, total 22ms
04-11 11:25:33.046  1310  1358 E LETV_DEVICE: int get_device_attr(const char*, char*) name=Model
04-11 11:25:33.046 32240 32240 D SignalSourceManager: PortManager -- current port id:23
04-11 11:25:33.046 32240 32240 D SignalSourceManager: PortManager -- current port index:5
04-11 11:25:33.046 32240 32240 D SignalSourceManager: PortManager -- index:5
04-11 11:25:33.046 32240 32240 I SignalSourceManager: PortManager -- getCurrentPortName ---> portName is HDMI 1
04-11 11:25:33.050 32240 32240 D SignalSourceManager: MainActivity -- handleShowPortInfoMsg HDMI 1
04-11 11:25:33.050 32240 32240 D SignalManager-mstar: isVideoStable 
04-11 11:25:33.050 32240 32240 I PlayerImpl_JNI: isSignalStable
04-11 11:25:33.050 32240 32240 D SignalSourceManager: PortManager -- isVideoStable:false
04-11 11:25:33.050 32240 32240 D SignalSourceManager: MainActivity -- isVideoStable stablefalse
04-11 11:25:33.050 32240 32240 D SignalSourceManager: MainActivity -- curPort:HDMI 1
04-11 11:25:33.050 32240 32240 D SignalSourceManager: PortInfoView -- showPortInfo HDMI 1&&, isAutoHide false
04-11 11:25:33.066  1861  1861 D dalvikvm: GC_FOR_ALLOC freed 95K, 21% free 3220K/4060K, paused 16ms, total 16ms
04-11 11:25:33.086  1861  1861 D dalvikvm: GC_FOR_ALLOC freed 105K, 21% free 3220K/4060K, paused 16ms, total 16ms
04-11 11:25:33.106  1861  1861 D dalvikvm: GC_FOR_ALLOC freed 109K, 21% free 3216K/4060K, paused 15ms, total 15ms
04-11 11:25:33.126  1861  1861 D dalvikvm: GC_FOR_ALLOC freed 100K, 21% free 3219K/4060K, paused 16ms, total 16ms
04-11 11:25:33.146  1861  1861 D dalvikvm: GC_FOR_ALLOC freed 109K, 21% free 3216K/4060K, paused 17ms, total 17ms
04-11 11:25:33.166  1861  1861 D dalvikvm: GC_FOR_ALLOC freed 95K, 21% free 3220K/4060K, paused 15ms, total 15ms
04-11 11:25:33.174  1861  1961 W System.err: java.lang.IllegalArgumentException: Unknown URL content://com.letv.agnes.InfoProvider
04-11 11:25:33.174  1861  1961 E ActivityThread: Failed to find provider info for com.letv.agnes.InfoProvider
04-11 11:25:33.178  1861  1961 W System.err: 	at android.content.ContentResolver.delete(ContentResolver.java:1002)
04-11 11:25:33.178  1861  1961 W System.err: 	at com.letv.tracker2.agnes.a.d(Unknown Source)
04-11 11:25:33.178  1861  1961 W System.err: 	at com.letv.tracker2.agnes.a.bg(Unknown Source)
04-11 11:25:33.178  1861  1961 W System.err: 	at com.letv.tracker2.agnes.o.handleMessage(Unknown Source)
04-11 11:25:33.178  1861  1960 I [T0.9.9]EuiAgnes_MessageProcessor: dealMsg@4217db28,pri:1,sendCond:0
04-11 11:25:33.178  1861  1961 W System.err: 	at android.os.Handler.dispatchMessage(Handler.java:99)
04-11 11:25:33.178  1861  1961 W System.err: 	at android.os.Looper.loop(Looper.java:137)
04-11 11:25:33.178  1861  1961 W System.err: 	at com.letv.tracker2.agnes.f.run(Unknown Source)
04-11 11:25:33.182  1861  1961 W System.err: java.lang.IllegalArgumentException: Unknown URL content://com.letv.agnes.InfoProvider
04-11 11:25:33.182  1861  1961 W System.err: 	at android.content.ContentResolver.insert(ContentResolver.java:910)
04-11 11:25:33.182  1861  1961 W System.err: 	at com.letv.tracker2.agnes.a.bg(Unknown Source)
04-11 11:25:33.182  1861  1961 W System.err: 	at com.letv.tracker2.agnes.o.handleMessage(Unknown Source)
04-11 11:25:33.182  1861  1961 W System.err: 	at android.os.Handler.dispatchMessage(Handler.java:99)
04-11 11:25:33.182  1861  1961 W System.err: 	at android.os.Looper.loop(Looper.java:137)
04-11 11:25:33.182  1861  1961 W System.err: 	at com.letv.tracker2.agnes.f.run(Unknown Source)
04-11 11:25:33.182  1861  1961 E ActivityThread: Failed to find provider info for com.letv.agnes.InfoProvider
04-11 11:25:33.214  1861  1960 I [T0.9.9]EuiAgnes_sEvt: event:disappear,app:TVDesktop,widget:,Send success.
04-11 11:25:33.254  4658  4671 E InternetUtils: java.net.SocketTimeoutException: failed to connect to www.cibn.com/125.39.5.21 (port 80) after 3000ms
04-11 11:25:33.254  4658  4671 D InternetUtils: intenet is false
04-11 11:25:33.254  4658  4671 D InternetUtils: host www.tencent.com/123.125.110.22
04-11 11:25:33.254  4658  4671 D InternetUtils: get int tryConnect
04-11 11:25:33.254  4658  4671 D InternetUtils: get int tryConnect connect!
04-11 11:25:33.266  4658  4671 D InternetUtils: intenet is true
04-11 11:25:33.530  1587  1625 D InputDispatcher: notifyKey - eventTime=49561465467000, deviceId=3, source=0x301, policyFlags=0x2, action=0x0, flags=0x8, keyCode=22, scanCode=106, metaState=0x0, downTime=49561465467000
04-11 11:25:33.530  1587  1624 W ContextImpl: Calling a method in the system process without a qualified user: android.app.ContextImpl.sendBroadcast:1069 com.android.internal.policy.impl.PhoneWindowManager.interceptKeyBeforeDispatching:2609 com.android.server.wm.InputMonitor.interceptKeyBeforeDispatching:354 com.android.server.input.InputManagerService.interceptKeyBeforeDispatching:1463 dalvik.system.NativeStart.run:-2 
04-11 11:25:33.538  1587  1625 D InputDispatcher: notifyKey - eventTime=49561473488000, deviceId=3, source=0x301, policyFlags=0x0, action=0x1, flags=0x8, keyCode=22, scanCode=106, metaState=0x0, downTime=49561465467000
04-11 11:25:33.538  1587  1624 W ContextImpl: Calling a method in the system process without a qualified user: android.app.ContextImpl.sendBroadcast:1069 com.android.internal.policy.impl.PhoneWindowManager.interceptKeyBeforeDispatching:2609 com.android.server.wm.InputMonitor.interceptKeyBeforeDispatching:354 com.android.server.input.InputManagerService.interceptKeyBeforeDispatching:1463 dalvik.system.NativeStart.run:-2 
04-11 11:25:33.550  1772  1772 D LetvPinyinIME: record_sound -- onKeyDown keyCode:22
04-11 11:25:33.566 32240 32240 D SignalSourceManager: BaseUIActivity -- dispatchKeyEvent received, with code:22
04-11 11:25:33.566 32240 32240 D SignalSourceManager: BaseUIActivity -- onKeyDown received, with code : 22
04-11 11:25:33.566 32240 32240 D SignalSourceManager: SourceBase -- onKeyDown KeyEvent { action=ACTION_DOWN, keyCode=KEYCODE_DPAD_RIGHT, scanCode=106, metaState=0, flags=0x8, repeatCount=0, eventTime=49561465, downTime=49561465, deviceId=3, source=0x301 }
04-11 11:25:33.566 32240 32240 D SignalSourceManager: SourceBase -- onKeyDown return false
04-11 11:25:33.570 32240 32240 D SignalSourceManager: MstarSource -- onKeyDownKeyEvent { action=ACTION_DOWN, keyCode=KEYCODE_DPAD_RIGHT, scanCode=106, metaState=0, flags=0x8, repeatCount=0, eventTime=49561465, downTime=49561465, deviceId=3, source=0x301 }
04-11 11:25:33.570 32240 32240 D SignalSourceManager: BaseUIActivity -- onKeyDown ---> DPAD_RIGHT or GESTURE_RIGHT
04-11 11:25:33.570 32240 32240 D SignalSourceManager: BaseUIActivity -- toRightDesktop ---> In remove Video Mute
04-11 11:25:33.570 32240 32256 D SignalSourceManager: SourceBase -- receive msg 4
04-11 11:25:33.570 32240 32256 I SoundEffectUtil: enter : func playSoundEffect
04-11 11:25:33.570  1587  1807 D DesktopManagerService: setCurrentPortName(Super TV)
04-11 11:25:33.570  1587  2128 D DesktopManagerService: switchToRightDesktop(): mCurrentScreenTag = signal
04-11 11:25:33.570  1587  2128 D DesktopManagerService: getDesktopIndexByTag: isRight = true, mCurrentScreenTagsignal
04-11 11:25:33.570  1587  2128 D DesktopManagerService: nextDesktopIndex = 1
04-11 11:25:33.570  1587  2128 D DesktopManagerService: switchToDesktop(bundle=Bundle[{extraWithAnim=true, extraDirection=true, toDesktopName=com.stv.plugin.app}])
04-11 11:25:33.574  1587  2128 E ContextImpl: startAdManager() intent contains not android.intent.category.LAUNCHER
04-11 11:25:33.574  1587  2128 V PackageManager: isEnabledLock - packageName = com.stv.launcher componentName = com.stv.launcher.activity.Launcher
04-11 11:25:33.574  1587  2128 V PackageManager: enabledComponents: []
04-11 11:25:33.574  1587  2128 V PackageManager: disabledComponents: []
04-11 11:25:33.574  1292  1426 D AudioPolicyManagerBase: STRATEGY_PHONE ====> device 2
04-11 11:25:33.574  1587  2128 W ContextImpl: Calling a method in the system process without a qualified user: android.app.ContextImpl.startActivity:964 letv.desktop.DesktopManagerService.switchToDesktop:278 letv.desktop.DesktopManagerService.switchToRightDesktop:336 letv.desktop.IDesktopManager$Stub.onTransact:216 android.os.Binder.execTransact:388 
04-11 11:25:33.574  1587  2128 W ContextImpl: Calling a method in the system process without a qualified user: android.app.ContextImpl.startActivity:976 android.app.ContextImpl.startActivity:965 letv.desktop.DesktopManagerService.switchToDesktop:278 letv.desktop.DesktopManagerService.switchToRightDesktop:336 letv.desktop.IDesktopManager$Stub.onTransact:216 
04-11 11:25:33.574  1587  2128 I ActivityManager: START u0 {act=android.intent.action.MAIN cat=[android.intent.category.HOME] flg=0x10200000 pkg=com.stv.launcher cmp=com.stv.launcher/.activity.Launcher (has extras)} from pid 1587
04-11 11:25:33.662  1587  1591 D dalvikvm: GC_CONCURRENT freed 1066K, 60% free 8411K/20592K, paused 3ms+4ms, total 53ms
04-11 11:25:33.662  1587  2128 D dalvikvm: WAIT_FOR_CONCURRENT_GC blocked 4ms
04-11 11:25:33.666  1587  2128 I am_pause_activity: [0,1113194184,com.stv.signalsourcemanager/.MainActivity]
04-11 11:25:33.666  1587  2128 I am_task_to_front: [0,2]
04-11 11:25:33.666  1587  2128 I am_new_intent: [0,1112205464,2,com.stv.launcher/.activity.Launcher,android.intent.action.MAIN,NULL,NULL,274726912]
04-11 11:25:33.670 32240 32240 D SignalSourceManager: MainActivity -- onPause
04-11 11:25:33.670 32240 32240 D SignalSourceManager: MainActivity -- onPause before super
04-11 11:25:33.670 32240 32240 D SignalSourceManager: BaseUIActivity -- onPause
04-11 11:25:33.670 32240 32240 D SignalSourceManager: BaseActivity -- onPause
04-11 11:25:33.670 32240 32240 W ContextImpl: Calling a method in the system process without a qualified user: android.app.ContextImpl.sendBroadcast:1069 android.content.ContextWrapper.sendBroadcast:344 com.stv.signalsourcemanager.BaseActivity.doPause:322 com.stv.signalsourcemanager.BaseActivity.onPause:311 com.stv.signalsourcemanager.BaseUIActivity.onPause:332 
04-11 11:25:33.674 32240 32240 D SignalSourceManager: SourceBase -- onPause
04-11 11:25:33.674 32240 32240 D LeleVoiceSDK: -exitFullVoice-
04-11 11:25:33.674  2230 16530 D LeVoice_WindowService: exitSceneVoice, 82128a48-303c-42de-9c30-6a168dd25772
04-11 11:25:33.674  2230 16530 I LeVoice_SDK_VoiceHelper:  - exitScene udid:82128a48-303c-42de-9c30-6a168dd25772
04-11 11:25:33.674 32240 32240 D LeleVoiceSDK: -unbindService-
04-11 11:25:33.674 32240 32240 D SignalSourceManager: SourceBase -- clearThreadMessage
04-11 11:25:33.674 32240 32240 D KktvUtil: isLiveMatchMode in=> false
04-11 11:25:33.674 32240 32240 D SignalSourceManager: SourceBase -- onPause end
04-11 11:25:33.674 32240 32240 D SignalSourceManager: MstarSource -- onPause
04-11 11:25:33.674 32240 32240 D SignalSourceManager: MainActivity -- onPause end 
04-11 11:25:33.674 32240 32240 I am_on_paused_called: [0,com.stv.signalsourcemanager.MainActivity]
04-11 11:25:33.682  1587  1587 V ActivityManager: add to pkglist=com.android.gallery3d
04-11 11:25:33.686  1587  1587 I PictureManager_JNI: keepScalerOutput4k2k
04-11 11:25:33.686  1587  1587 V ActivityManager: !!!!!not keep the scalar to 4k2k30hz
04-11 11:25:33.686  1587  1587 V ActivityManager: r1) packageName=com.stv.launcher finishing=false
04-11 11:25:33.686  1587  1587 V ActivityManager: r0) packageName=com.stv.signalsourcemanager finishing=false
04-11 11:25:33.690  1587  1587 I am_resume_activity: [0,1110800432,2,com.stv.launcher/.activity.Launcher]
04-11 11:25:33.694  1587  1587 V PackageManager: getPackageInfo com.stv.signalsourcemanager: Package{4224ab50 com.stv.signalsourcemanager}
04-11 11:25:33.694  1587  1587 V PackageManager: getApplicationInfo com.stv.signalsourcemanager: Package{4224ab50 com.stv.signalsourcemanager}
04-11 11:25:33.694  1310  1945 D LetvManager-Service: line:55 fun:isRunReportLog is call!
04-11 11:25:33.694  1820  1820 D AppPlugin: AppWorkspace --  onWindowVisibilityChanged visibility = 4
04-11 11:25:33.694  1820  1820 D AppPlugin: AppRecyclerView --  onWindowVisibilityChanged visibility = 4
04-11 11:25:33.694  1587  1587 W ContextImpl: Calling a method in the system process without a qualified user: android.app.ContextImpl.bindService:1466 com.android.letvmanager.ReportLogManager.connectToService:255 com.android.letvmanager.ReportLogManager.reportToStargazer:352 com.android.letvmanager.LetvManager.onReportToCloud:504 com.android.letvmanager.LetvManager.onReportLog:468 
04-11 11:25:33.698  1820  1820 D AppPlugin: AppRecyclerView --  onWindowVisibilityChanged visibility = 4
04-11 11:25:33.698  1820  1820 I Launcher: FPSView -- hide
04-11 11:25:33.698  1310  4797 E LETV_DEVICE: int get_device_attr(const char*, char*) name=Model
04-11 11:25:33.698  1587  1587 D LetvManager-JNI: get postmsg:action=appClose&name=SignalSourceManager&packagename=com.stv.signalsourcemanager&versionCode=1&appVersionName=1.0&mark=52, getmsg:NULL, msgType:tvAction
04-11 11:25:33.698  1310  4796 D LetvManager-Service: line:65 fun:onReportLog msgType:tvAction, getmsg:(null), postmsg:action=appClose&name=SignalSourceManager&packagename=com.stv.signalsourcemanager&versionCode=1&appVersionName=1.0&mark=52
04-11 11:25:33.698  1310  1310 E LETV_DEVICE: int get_device_attr(const char*, char*) name=eth
04-11 11:25:33.702  1310  1946 E LETV_DEVICE: int get_device_attr(const char*, char*) name=eth
04-11 11:25:33.702  1310  1358 E LETV_DEVICE: int get_device_attr(const char*, char*) name=sn
04-11 11:25:33.702  1587  1587 W ContextImpl: Calling a method in the system process without a qualified user: android.app.ContextImpl.bindService:1466 com.android.letvmanager.ReportLogManager.connectToService:255 com.android.letvmanager.ReportLogManager.reportToAgnes:370 com.android.letvmanager.LetvManager.reportEvent:520 com.android.server.am.UsageStatsService.onLetvLogReport:770 
04-11 11:25:33.702  1820  1820 W ContextImpl: Calling a method in the system process without a qualified user: android.app.ContextImpl.sendBroadcast:1069 android.content.ContextWrapper.sendBroadcast:344 com.stv.launcher.activity.Launcher.onNewIntent:556 android.app.Instrumentation.callActivityOnNewIntent:1181 android.app.ActivityThread.deliverNewIntents:2330 
04-11 11:25:33.706  1310  1358 E LETV_DEVICE: read env sn Failed
04-11 11:25:33.706  1310  1358 D LetvManager-Util: [get_device] get package sn key error
04-11 11:25:33.706  1310  1945 E LETV_DEVICE: int get_device_attr(const char*, char*) name=releaseversion
04-11 11:25:33.706  1310  4797 E LETV_DEVICE: int get_device_attr(const char*, char*) name=Model
04-11 11:25:33.706  1587  1587 V PackageManager: getPackageInfo com.stv.launcher: Package{4230dec0 com.stv.launcher}
04-11 11:25:33.706  1587  1587 V PackageManager: getApplicationInfo com.stv.launcher: Package{4230dec0 com.stv.launcher}
04-11 11:25:33.710  1310  4796 D LetvManager-Service: line:55 fun:isRunReportLog is call!
04-11 11:25:33.710  1861  3696 I StvLogReport: StargazerReportTask, action=appClose&name=SignalSourceManager&packagename=com.stv.signalsourcemanager&versionCode=1&appVersionName=1.0&mark=52
04-11 11:25:33.710  1587  1587 W ContextImpl: Calling a method in the system process without a qualified user: android.app.ContextImpl.bindService:1466 com.android.letvmanager.ReportLogManager.connectToService:255 com.android.letvmanager.ReportLogManager.reportToStargazer:352 com.android.letvmanager.LetvManager.onReportToCloud:504 com.android.letvmanager.LetvManager.onReportLog:468 
04-11 11:25:33.714  1587  1587 D LetvManager-JNI: get postmsg:action=appOpen&name=桌面&packagename=com.stv.launcher&versionCode=20170215&appVersionName=0.5.7&mark=53, getmsg:NULL, msgType:tvAction
04-11 11:25:33.714  1310  1310 D LetvManager-Service: line:65 fun:onReportLog msgType:tvAction, getmsg:(null), postmsg:action=appOpen&name=桌面&packagename=com.stv.launcher&versionCode=20170215&appVersionName=0.5.7&mark=53
04-11 11:25:33.714  1310  1310 D LetvManager-LogList: [letv_loglist_write]--------------------list num:1
04-11 11:25:33.714  1310  1946 E LETV_DEVICE: int get_device_attr(const char*, char*) name=sn
04-11 11:25:33.714  1587  1587 W ContextImpl: Calling a method in the system process without a qualified user: android.app.ContextImpl.bindService:1466 com.android.letvmanager.ReportLogManager.connectToService:255 com.android.letvmanager.ReportLogManager.reportToAgnes:370 com.android.letvmanager.LetvManager.reportEvent:520 com.android.server.am.UsageStatsService.onLetvLogReport:773 
04-11 11:25:33.718  1310  1946 E LETV_DEVICE: read env sn Failed
04-11 11:25:33.718  1310  1946 D LetvManager-Util: [get_device] get package sn key error
04-11 11:25:33.722  1820  1820 I Launcher: LauncherActivity -- onNewIntent [caller=DesktopManager, current=signal, to=com.stv.plugin.app, jumpParams=, jumpType=, mStopped=true, mIsTopActivity=false, mBlockKeyEvent=false]
04-11 11:25:33.722  1820  1820 D Launcher: LauncherActivity -- resetStateWhenFromSignal, to=com.stv.plugin.app
04-11 11:25:33.722  1820  1820 D Launcher: LauncherAdapterPresenter -- notifyScreenSwitched com.stv.plugin.app total=5
04-11 11:25:33.722  1820  1820 D Launcher: TitleView -- onScreenSelected mPreIndex:0,index:0
04-11 11:25:33.722  1820  1820 D Launcher: LauncherState -- onScreenSwitched com.stv.plugin.app mIsLauncherOnStoped=true
04-11 11:25:33.722  1820  1820 D Launcher: ReportLogUtil -- reportDesktopDisappear
04-11 11:25:33.726  1772  1772 D LetvPinyinIME: record_sound -- onKeyUp keyCode:22
04-11 11:25:33.726  1861  3696 I StvLogReport: StargazerReportTask, reponse2 : {"status":"OK","statusCode":200,"message":"succeefully"}
04-11 11:25:33.726  1820  1820 D wmg0    : recordStart = ALevelMark [mOneLevel=Activ, mTwoLevel=onStart, mThirdLevel=null]
04-11 11:25:33.726  1820  1820 I AnalysisLog: Activ:onStart----start:time='49561662'
04-11 11:25:33.726  1820  1820 D GrapUtil: GrapUtil getInstance
04-11 11:25:33.726  1587  2119 D DesktopManagerService: setCurrentDesktopVisibility(isVisible=true)
04-11 11:25:33.726  1820  1820 D Launcher: LauncherApplication --  onActivityStarted ComponentInfo{com.stv.launcher/com.stv.launcher.activity.Launcher}
04-11 11:25:33.726  1820  1820 V FragmentManager: moveto STARTED: AppFragment{445077f0 #0 id=0x7f0d001e}
04-11 11:25:33.730  1820  1820 V FragmentManager: moveto STARTED: LauncherFragment{42b9d228 #1 id=0x7f0d001e}
04-11 11:25:33.730  1820  1820 V FragmentManager: moveto STARTED: PlayerMainFragment{430debd0 #0 id=0x7f0e0013 PlayerMainFragment}
04-11 11:25:33.730  1820  1820 I TvLiveBaseFragment: onStart
04-11 11:25:33.730  1820  1820 I TvliveStartSpeedTest: playerMainFragment onFragmentStart
04-11 11:25:33.730  1820  1820 I PlayerMainFragment: onFragmentStart
04-11 11:25:33.730  1820  1820 I LiveVoice: enterScene
04-11 11:25:33.730  1820  1820 D LeleVoiceSDK: -inFullVoice-STATE_CONNECTED
04-11 11:25:33.730  1820  1820 V FragmentManager: moveto STARTED: VideoFragment{42b5f718 #2 id=0x7f0d001e}
04-11 11:25:33.730  1820  1820 V FragmentManager: moveto STARTED: SearchFragment{42ac0dc8 #3 id=0x7f0d001e}
04-11 11:25:33.730 32240 32240 D SignalSourceManager: BaseUIActivity -- dispatchKeyEvent received, with code:22
04-11 11:25:33.730 32240 32240 D SignalSourceManager: BaseUIActivity -- onKeyUp received, with code : 22
04-11 11:25:33.730 32240 32240 D SignalSourceManager: SourceBase -- onKeyUp KeyEvent { action=ACTION_UP, keyCode=KEYCODE_DPAD_RIGHT, scanCode=106, metaState=0, flags=0x28, repeatCount=0, eventTime=49561635, downTime=49561465, deviceId=3, source=0x301 }
04-11 11:25:33.730  1820  1820 V FragmentManager: moveto STARTED: VideoFragment{42f492b0 #4 id=0x7f0d001e}
04-11 11:25:33.730  1820  1820 D Launcher: LauncherActivity -- onStart, hasChangeTab=false
04-11 11:25:33.730 32240 32240 D SignalSourceManager: MstarSource -- onKeyUp KeyEvent { action=ACTION_UP, keyCode=KEYCODE_DPAD_RIGHT, scanCode=106, metaState=0, flags=0x28, repeatCount=0, eventTime=49561635, downTime=49561465, deviceId=3, source=0x301 }
04-11 11:25:33.730  1820  2194 W ContextImpl: Calling a method in the system process without a qualified user: android.app.ContextImpl.bindService:1466 android.content.ContextWrapper.bindService:496 com.android.letvmanager.ReportLogManager.connectToService:255 com.android.letvmanager.ReportLogManager.reportToStargazer:352 com.android.letvmanager.LetvManager.onReportToCloud:504 
04-11 11:25:33.734  1820  1820 D Launcher: LauncherAdapterPresenter -- onActivityStart --> currentTab=0 currentShow=0  cf=AppFragment{445077f0 #0 id=0x7f0d001e}
04-11 11:25:33.734  1820  1820 I AppPlugin: AppFragment -- === onFragmentShowChanged === gainShow : true
04-11 11:25:33.734  1820  1820 D LeleVoiceSDK: -inFullVoice-STATE_DISCONNECT
04-11 11:25:33.734  1820  1820 D LeleVoiceSDK: -bindService-
04-11 11:25:33.734  1820  1820 I PluginFramework -- WidgetManager: getWidget id =#com.stv.plugin.app#
04-11 11:25:33.734  1820  1820 I PluginFramework -- WidgetManager: getWidget widget = Widget{, mWidgetId=com.stv.plugin.app, mState=15, mLocation='/data/data/com.stv.launcher/files/plugins/com.stv.plugin.app_LetvAppPlugin_1.0.1_2017040714.apk', mVersionName='1.0.1', mVersionCode=2017040714, mName='LetvAppPlugin', mDexDir='/data/data/com.stv.launcher/files/plugins_data/com.stv.plugin.app/dex/', mLibDir='/data/data/com.stv.launcher/files/plugins_data/com.stv.plugin.app/libs/', mDataDir='/data/data/com.stv.launcher/files/plugins_data/com.stv.plugin.app'}
04-11 11:25:33.734  1820  1820 W PluginFramework -- WidgetContextWrapper: Bind other app Service for intent: Intent { act=com.stv.voice.ISceneService pkg=com.stv.voice }
04-11 11:25:33.738  1820  2194 D LetvManager-JNI: get postmsg:action=plugDisappear&desktopId=signal&plugVersion=null&totalTime=4, getmsg:NULL, msgType:tvAction
04-11 11:25:33.738  1310  1358 D LetvManager-Service: line:65 fun:onReportLog msgType:tvAction, getmsg:(null), postmsg:action=plugDisappear&desktopId=signal&plugVersion=null&totalTime=4
04-11 11:25:33.738 32240 32240 D SignalSourceManager: BaseActivity -- onWindowFocusChanged in=>hasFocus is false
04-11 11:25:33.738  1310  1358 D LetvManager-LogList: [letv_loglist_write]--------------------list num:2
04-11 11:25:33.738  1310  1945 E LETV_DEVICE: int get_device_attr(const char*, char*) name=platform
04-11 11:25:33.738  1820  1820 W ContextImpl: Calling a method in the system process without a qualified user: android.app.ContextImpl.bindService:1466 letv.plugin.framework.core.WidgetContextWrapper.bindService:509 com.stv.voice.LeleVoiceSDK.bindService:143 com.stv.voice.LeleVoiceSDK.enterScene:132 letv.voice.VoiceManager.enterScene:59 
04-11 11:25:33.738  1820  2194 W ContextImpl: Calling a method in the system process without a qualified user: android.app.ContextImpl.bindService:1466 android.content.ContextWrapper.bindService:496 com.android.letvmanager.ReportLogManager.connectToService:255 com.android.letvmanager.ReportLogManager.reportToAgnes:370 com.android.letvmanager.LetvManager.reportEvent:520 
04-11 11:25:33.742  1820  1820 I AppPlugin: AppFragment --  onFragmentShowChanged AppWorkspace.mState : STATE_NORMAL AppFolderWorkspace.mState = STATE_NORMAL
04-11 11:25:33.742  1820  1820 D AppPlugin: AppWorkspace --  recoverState mState = STATE_NORMAL
04-11 11:25:33.742  1820  1820 D AppPlugin: AppWorkspace --  updateEditState new state = STATE_NORMAL older state = STATE_NORMAL
04-11 11:25:33.742  1820  1820 D AppPlugin: AppWorkspace --  updateEditState isFocusOnTab = false force = false
04-11 11:25:33.742  1820  1820 D AppPlugin: AppWorkspace --  updateEditState state not change return 
04-11 11:25:33.742  1820  1820 I AppPlugin: AppWorkspace --  sendUpdateBroadcastRepeat 
04-11 11:25:33.746  1310  4797 E LETV_DEVICE: int get_device_attr(const char*, char*) name=sn
04-11 11:25:33.746  1820  1820 D wmg0    : recordStart = ALevelMark [mOneLevel=FirstShow, mTwoLevel= , mThirdLevel=null]
04-11 11:25:33.746  1820  1820 I AnalysisLog: FirstShow: ----start:time='49561683'
04-11 11:25:33.746  1820  1820 D GrapUtil: GrapUtil getInstance
04-11 11:25:33.746  1820  1820 D Launcher: [SDK][BaseFragment]:==> onFragmentShowChanged  [null] true, take 14 ms
04-11 11:25:33.750  1820  1820 D Launcher: LauncherAdapterPresenter -- notifyScreenSwitched com.stv.plugin.app total=5
04-11 11:25:33.750  1820  1820 D Launcher: TitleView -- onScreenSelected mPreIndex:0,index:0
04-11 11:25:33.750  1820  1820 D Launcher: LauncherState -- onScreenSwitched com.stv.plugin.app mIsLauncherOnStoped=false
04-11 11:25:33.750  1310  4797 E LETV_DEVICE: read env sn Failed
04-11 11:25:33.750  1310  4797 D LetvManager-Util: [get_device] get package sn key error
04-11 11:25:33.750  1820  1820 D Launcher: ReportLogUtil -- reportDesktopDisappear
04-11 11:25:33.750  1820  1820 I AnalysisLog: Activ:onStart----end:time='49561685'
04-11 11:25:33.750  1820  1820 D GrapUtil: GrapUtil getInstance
04-11 11:25:33.750  1820  1820 D Launcher: LauncherApplication --  onActivityResumed ComponentInfo{com.stv.launcher/com.stv.launcher.activity.Launcher}
04-11 11:25:33.750  1820  1820 I Launcher: LauncherActivity -- onResume
04-11 11:25:33.750  1820  1820 D wmg0    : recordStart = ALevelMark [mOneLevel=Activ, mTwoLevel=onResume, mThirdLevel=null]
04-11 11:25:33.750  1820  1820 I AnalysisLog: Activ:onResume----start:time='49561686'
04-11 11:25:33.750  1820  1820 D GrapUtil: GrapUtil getInstance
04-11 11:25:33.750  1820  1820 D Launcher: onResume mHandDetectStarted: false mHandDetectType: 0 hasMonitorModeConfirmBackEvent=false
04-11 11:25:33.754  1820  1820 I AnalysisLog: Activ:onResume----end:time='49561688'
04-11 11:25:33.754  1820  1820 D GrapUtil: GrapUtil getInstance
04-11 11:25:33.754  1820  1820 V FragmentManager: moveto RESUMED: AppFragment{445077f0 #0 id=0x7f0d001e}
04-11 11:25:33.754  1820  1820 V FragmentManager: moveto RESUMED: LauncherFragment{42b9d228 #1 id=0x7f0d001e}
04-11 11:25:33.754  1820  1820 D LauncherFragment: LauncherFragment onResume
04-11 11:25:33.754  1820  1820 V FragmentManager: moveto RESUMED: P