04-11 11:25:13.894  2230  3802 D LeVoice_VoiceViewController: setPrompt:29d19734-14cf-42a5-9b3e-a93a83b4e1da
04-11 11:25:13.894  1820  1820 D LeleVoiceSDK: sendMessage : {"sceneCommand":["工具","打开CIBN推荐应用文件夹","打开工具文件夹","打开工具","工具文件夹","打开CIBN推荐应用","CIBN推荐应用","CIBN推荐应用文件夹"],"sceneExtraInfo":[""],"sceneType":[],"sceneMap":[]}
04-11 11:25:13.894  2230  2243 D LeVoice_WindowService: inSceneVoice, a284e033-7fdd-4730-ac49-df5271c2d771, {"sceneCommand":["工具","打开CIBN推荐应用文件夹","打开工具文件夹","打开工具","工具文件夹","打开CIBN推荐应用","CIBN推荐应用","CIBN推荐应用文件夹"],"sceneExtraInfo":[""],"sceneType":[],"sceneMap":[]}
04-11 11:25:13.894  2230  2243 I LeVoice_SDK_VoiceHelper:  - enterScene udid:a284e033-7fdd-4730-ac49-df5271c2d771 scene:{"sceneCommand":["工具","打开CIBN推荐应用文件夹","打开工具文件夹","打开工具","工具文件夹","打开CIBN推荐应用","CIBN推荐应用","CIBN推荐应用文件夹"],"sceneExtraInfo":[""],"sceneType":[],"sceneMap":[]}
04-11 11:25:13.898  2230  2234 D dalvikvm: GC_CONCURRENT freed 414K, 71% free 4071K/13688K, paused 2ms+4ms, total 45ms
04-11 11:25:13.918 32240 32266 D SignalSourceManager: ReportLogUtil -- DesktopExposeRunnable
04-11 11:25:13.922 32240 32266 W ContextImpl: Calling a method in the system process without a qualified user: android.app.ContextImpl.bindService:1466 android.content.ContextWrapper.bindService:496 com.android.letvmanager.ReportLogManager.connectToService:255 com.android.letvmanager.ReportLogManager.reportToAgnes:370 com.android.letvmanager.LetvManager.reportEvent:520 
04-11 11:25:13.926  2230  2243 D LeVoice_VoiceViewController: enterScene:a284e033-7fdd-4730-ac49-df5271c2d771
04-11 11:25:13.926  2230  2242 D LeVoice_WindowService: setPrompt, a284e033-7fdd-4730-ac49-df5271c2d771, 
04-11 11:25:13.926  2230  2242 D LeVoice_VoiceViewController: setPrompt:a284e033-7fdd-4730-ac49-df5271c2d771
04-11 11:25:13.926  1820  1820 I Choreographer: Skipped 30 frames!  The application may be doing too much work on its main thread.
04-11 11:25:13.926  1310  1310 E LETV_DEVICE: int get_device_attr(const char*, char*) name=sn
04-11 11:25:13.926  1820  1820 D Launcher: LauncherActivity -- mEnterActivityAnimationEnd, call adapter onActivityStart
04-11 11:25:13.926  1820  1820 D Launcher: LauncherAdapterPresenter -- onActivityStart --> currentTab=0 currentShow=0  cf=AppFragment{445077f0 #0 id=0x7f0d001e}
04-11 11:25:13.926  1820  1820 I AppPlugin: AppFragment -- === onFragmentShowChanged === gainShow : true
04-11 11:25:13.926  1820  1820 D LeleVoiceSDK: -inFullVoice-STATE_CONNECTED
04-11 11:25:13.930  1310  1358 E LETV_DEVICE: int get_device_attr(const char*, char*) name=platform
04-11 11:25:13.930  1310  1310 E LETV_DEVICE: read env sn Failed
04-11 11:25:13.930  1310  1310 D LetvManager-Util: [get_device] get package sn key error
04-11 11:25:13.930  1310  1357 D LetvManager-LogReport: send msg to server++++++++ msg type:19
04-11 11:25:13.930  1310  1357 D LetvManager-LogReport: ====================== msg type:19, m_bootstart:0
04-11 11:25:13.930  1310  1357 E LETV_DEVICE: int get_device_attr(const char*, char*) name=uitype
04-11 11:25:13.930  1820  1820 I AppPlugin: AppFragment --  onFragmentShowChanged AppWorkspace.mState : STATE_NORMAL AppFolderWorkspace.mState = STATE_NORMAL
04-11 11:25:13.930  1820  1820 D AppPlugin: AppWorkspace --  recoverState mState = STATE_NORMAL
04-11 11:25:13.930  1820  1820 D AppPlugin: AppWorkspace --  updateEditState new state = STATE_NORMAL older state = STATE_NORMAL
04-11 11:25:13.930  1820  1820 D AppPlugin: AppWorkspace --  updateEditState isFocusOnTab = false force = false
04-11 11:25:13.930  1310  1357 D LetvManager-LogReport: [send_msg] ========= m_leurl.ip:1863487699, port:20480, path:/2bx0/api
04-11 11:25:13.930  1310  1357 E LETV_DEVICE: int get_device_attr(const char*, char*) name=uitype
04-11 11:25:13.930  1820  1820 D AppPlugin: AppWorkspace --  updateEditState state not change return 
04-11 11:25:13.930  1820  1820 I AppPlugin: AppWorkspace --  sendUpdateBroadcastRepeat 
04-11 11:25:13.930  1310  1357 D LetvManager-LogReport: [send_msg] report url = http://develop.bigdata.letv.com:80/2bx0/api/log/tvAction
04-11 11:25:13.930  1310  1357 D LetvManager-http: [HTTPCLIENT]ip=1863487699, port=20480, timeout=10000
04-11 11:25:13.934  1820  1820 D wmg0    : recordStart = ALevelMark [mOneLevel=FirstShow, mTwoLevel= , mThirdLevel=null]
04-11 11:25:13.934  1820  1820 I AnalysisLog: FirstShow: ----start:time='49541868'
04-11 11:25:13.934  1820  1820 D GrapUtil: GrapUtil getInstance
04-11 11:25:13.934  1820  1820 D Launcher: [SDK][BaseFragment]:==> onFragmentShowChanged  [null] true, take 6 ms
04-11 11:25:13.934  1820  1820 D Launcher: LauncherAdapterPresenter -- notifyScreenSwitched com.stv.plugin.app total=5
04-11 11:25:13.934  1820  1820 D Launcher: TitleView -- onScreenSelected mPreIndex:0,index:0
04-11 11:25:13.934  1820  1820 D Launcher: LauncherState -- onScreenSwitched com.stv.plugin.app mIsLauncherOnStoped=false
04-11 11:25:13.934  1820  1820 D Launcher: ReportLogUtil -- reportDesktopDisappear
04-11 11:25:13.934  1310  1357 I LetvManager-http: ===========Log Post=============
04-11 11:25:13.934  1310  1357 I LetvManager-http: action=plugDisappear&desktopId=com.stv.plugin.app&plugVersion=1.0.1&totalTime=0&sv=2.0&mac=c80e777673a7&model=S243F&channel=LETV&version=V2201RCN02C060239B04101T&versionName=6.0.239T_0410&uiVersion=6.0&sessionId=ANNveKTTbkQZZhoWFFluCCaIPxxgOVVd&logreportpid=1310&logtime=49505&lognum=847&retry=0&uid=
04-11 11:25:13.934  1310  1357 I LetvManager-http: =========================
04-11 11:25:13.938  1820  1820 D LeleVoiceSDK: sendMessage : {"sceneCommand":["工具","打开CIBN推荐应用文件夹","打开工具文件夹","打开工具","工具文件夹","打开CIBN推荐应用","CIBN推荐应用","CIBN推荐应用文件夹"],"sceneExtraInfo":[""],"sceneType":[],"sceneMap":[]}
04-11 11:25:13.938  2230 16530 D LeVoice_WindowService: inSceneVoice, a284e033-7fdd-4730-ac49-df5271c2d771, {"sceneCommand":["工具","打开CIBN推荐应用文件夹","打开工具文件夹","打开工具","工具文件夹","打开CIBN推荐应用","CIBN推荐应用","CIBN推荐应用文件夹"],"sceneExtraInfo":[""],"sceneType":[],"sceneMap":[]}
04-11 11:25:13.938  2230 16530 I LeVoice_SDK_VoiceHelper:  - enterScene udid:a284e033-7fdd-4730-ac49-df5271c2d771 scene:{"sceneCommand":["工具","打开CIBN推荐应用文件夹","打开工具文件夹","打开工具","工具文件夹","打开CIBN推荐应用","CIBN推荐应用","CIBN推荐应用文件夹"],"sceneExtraInfo":[""],"sceneType":[],"sceneMap":[]}
04-11 11:25:13.938 32240 32266 D SignalSourceManager: ReportLogUtil -- DesktopHttpRunnable
04-11 11:25:13.942 32240 32266 W ContextImpl: Calling a method in the system process without a qualified user: android.app.ContextImpl.bindService:1466 android.content.ContextWrapper.bindService:496 com.android.letvmanager.ReportLogManager.connectToService:255 com.android.letvmanager.ReportLogManager.reportToStargazer:352 com.android.letvmanager.LetvManager.onReportToCloud:504 
04-11 11:25:13.946  1820  2194 W ContextImpl: Calling a method in the system process without a qualified user: android.app.ContextImpl.bindService:1466 android.content.ContextWrapper.bindService:496 com.android.letvmanager.ReportLogManager.connectToService:255 com.android.letvmanager.ReportLogManager.reportToStargazer:352 com.android.letvmanager.LetvManager.onReportToCloud:504 
04-11 11:25:13.962  1861  1865 D dalvikvm: GC_CONCURRENT freed 451K, 20% free 3181K/3964K, paused 3ms+1ms, total 27ms
04-11 11:25:13.966  1820  2194 D LetvManager-JNI: get postmsg:action=plugDisappear&desktopId=com.stv.plugin.app&plugVersion=1.0.1&totalTime=0, getmsg:NULL, msgType:tvAction
04-11 11:25:13.966  2230 16530 D LeVoice_VoiceViewController: enterScene:a284e033-7fdd-4730-ac49-df5271c2d771
04-11 11:25:13.966 32240 32266 D LetvManager-JNI: get postmsg:action=desktopShowLonger&desktop=0&packageName=com.stv.signalsourcemanager, getmsg:NULL, msgType:tvAction
04-11 11:25:13.966  2230  3802 D LeVoice_WindowService: setPrompt, a284e033-7fdd-4730-ac49-df5271c2d771, 
04-11 11:25:13.966  2230  3802 D LeVoice_VoiceViewController: setPrompt:a284e033-7fdd-4730-ac49-df5271c2d771
04-11 11:25:13.966  1310  1946 D LetvManager-Service: line:65 fun:onReportLog msgType:tvAction, getmsg:(null), postmsg:action=plugDisappear&desktopId=com.stv.plugin.app&plugVersion=1.0.1&totalTime=0
04-11 11:25:13.966  1310  1946 D LetvManager-LogList: [letv_loglist_write]--------------------list num:1
04-11 11:25:13.966  1310  1945 D LetvManager-Service: line:65 fun:onReportLog msgType:tvAction, getmsg:(null), postmsg:action=desktopShowLonger&desktop=0&packageName=com.stv.signalsourcemanager
04-11 11:25:13.966  1310  1945 D LetvManager-LogList: [letv_loglist_write]--------------------list num:2
04-11 11:25:13.970  1820  2194 W ContextImpl: Calling a method in the system process without a qualified user: android.app.ContextImpl.bindService:1466 android.content.ContextWrapper.bindService:496 com.android.letvmanager.ReportLogManager.connectToService:255 com.android.letvmanager.ReportLogManager.reportToAgnes:370 com.android.letvmanager.LetvManager.reportEvent:520 
04-11 11:25:13.974  1310  1310 E LETV_DEVICE: int get_device_attr(const char*, char*) name=sn
04-11 11:25:13.978  1310  1310 E LETV_DEVICE: read env sn Failed
04-11 11:25:13.978  1310  1310 D LetvManager-Util: [get_device] get package sn key error
04-11 11:25:13.978  1310  1357 I LetvManager-LogReport: [send_msg]line:518 retcode:200 
04-11 11:25:13.978  1310  1357 I LetvManager-LogReport: Response:
04-11 11:25:13.978  1310  1357 D LetvManager-LogReport: send log to server success!
04-11 11:25:14.178  1310  1357 D LetvManager-LogReport: send msg to server++++++++ msg type:19
04-11 11:25:14.182  1310  1357 D LetvManager-LogReport: ====================== msg type:19, m_bootstart:0
04-11 11:25:14.182  1310  1357 E LETV_DEVICE: int get_device_attr(const char*, char*) name=uitype
04-11 11:25:14.182  1310  1357 D LetvManager-LogReport: [send_msg] ========= m_leurl.ip:1863487699, port:20480, path:/2bx0/api
04-11 11:25:14.182  1310  1357 E LETV_DEVICE: int get_device_attr(const char*, char*) name=uitype
04-11 11:25:14.182  1310  1357 D LetvManager-LogReport: [send_msg] report url = http://develop.bigdata.letv.com:80/2bx0/api/log/tvAction
04-11 11:25:14.182  1310  1357 D LetvManager-http: [HTTPCLIENT]ip=1863487699, port=20480, timeout=10000
04-11 11:25:14.186  1310  1357 I LetvManager-http: ===========Log Post=============
04-11 11:25:14.186  1310  1357 I LetvManager-http: action=plugDisappear&desktopId=com.stv.plugin.app&plugVersion=1.0.1&totalTime=0&sv=2.0&mac=c80e777673a7&model=S243F&channel=LETV&version=V2201RCN02C060239B04101T&versionName=6.0.239T_0410&uiVersion=6.0&sessionId=ANNveKTTbkQZZhoWFFluCCaIPxxgOVVd&logreportpid=1310&logtime=49505&lognum=848&retry=0&uid=
04-11 11:25:14.186  1310  1357 I LetvManager-http: =========================
04-11 11:25:14.194 32240 32240 D SignalSourceManager: MainActivity -- onStop
04-11 11:25:14.194 32240 32240 D SignalManager-mstar: isScanInProgress 
04-11 11:25:14.198 32240 32240 D SignalSourceManager: ChannelManager -- isScanInProgress ---> tv_ts_status:E_TS_NONE
04-11 11:25:14.198 32240 32240 D SignalSourceManager: MainActivity -- onStop before super
04-11 11:25:14.198 32240 32240 D SignalSourceManager: BaseUIActivity -- onStop
04-11 11:25:14.198 32240 32240 D SignalSourceManager: BaseActivity -- onStop
04-11 11:25:14.198  1587  1739 V PackageManager: isEnabledLock - packageName = com.kuyun.identifer componentName = com.kuyun.identifer.TakePictureAble
04-11 11:25:14.198  1587  1739 V PackageManager: enabledComponents: []
04-11 11:25:14.198 32240 32240 W ContextImpl: Calling a method in the system process without a qualified user: android.app.ContextImpl.sendBroadcast:1069 android.content.ContextWrapper.sendBroadcast:344 com.stv.signalsourcemanager.BaseActivity.onStop:338 com.stv.signalsourcemanager.BaseUIActivity.onStop:427 com.stv.signalsourcemanager.MainActivity.onStop:327 
04-11 11:25:14.202  1587  1739 V PackageManager: disabledComponents: []
04-11 11:25:14.202  1587  1739 D ActivityManager: isFilterBroadcast com.letv.sourcemanager.stop
04-11 11:25:14.202 32240 32240 W ContextImpl: Calling a method in the system process without a qualified user: android.app.ContextImpl.sendBroadcast:1069 android.content.ContextWrapper.sendBroadcast:344 com.stv.signalsourcemanager.BaseActivity.onStop:344 com.stv.signalsourcemanager.BaseUIActivity.onStop:427 com.stv.signalsourcemanager.MainActivity.onStop:327 
04-11 11:25:14.206  1587  2130 I AudioService:  AudioFocus  abandonAudioFocus() from android.media.AudioManager@437cda70com.stv.signalsourcemanager.BaseActivity$3@4218f4d0
04-11 11:25:14.206  1587  1868 D DesktopManagerService: setCurrentPortName(Super TV)
04-11 11:25:14.210  3232  3232 D identifer-IdentiferService: action = com.letv.identifer.tvstate.leave
04-11 11:25:14.214  3232  3232 D identifer-TvStatus: identify print current tvStatus -->currentScreen=signal,isEnter=false,channelName=,channel_ename=
04-11 11:25:14.214  3232  3232 D identifer-IdentiferService: clearTVid
04-11 11:25:14.214  3232  3232 D identifer-App: sendBroadcast...tvId = , tvName = , signal = 0
04-11 11:25:14.214  1310  1357 I LetvManager-LogReport: [send_msg]line:518 retcode:200 
04-11 11:25:14.214  1310  1357 I LetvManager-LogReport: Response:
04-11 11:25:14.214  1310  1357 D LetvManager-LogReport: send log to server success!
04-11 11:25:14.218  1587  6584 V PackageManager: isEnabledLock - packageName = com.stv.reportlog componentName = com.stv.reportlog.channel.stargazer.receiver.StargazerCustomReceiver
04-11 11:25:14.218  1587  6584 V PackageManager: enabledComponents: []
04-11 11:25:14.218  1587  6584 V PackageManager: disabledComponents: []
04-11 11:25:14.218  1587  6584 D ActivityManager: isFilterBroadcast com.kuyun.identifer.info
04-11 11:25:14.222  3011  3011 D interact-IdentifyStatusReceiver: tvId=; tvName=;signal=0
04-11 11:25:14.222  3011  3011 D interact-IdentifyStatusReceiver: ***tvName=
04-11 11:25:14.222  3011  3011 D MyService: action = com.kuyun.identifer.info
04-11 11:25:14.222  3011  3011 D interact-MyService: logMsg: tvId=; tvName=;signal=0
04-11 11:25:14.222  3011  3011 D ResourceManager: mInitStateINIT_SUCCESS
04-11 11:25:14.222  3011  3011 I columnmanager: changeTV:null,curent tvid:null
04-11 11:25:14.222  3011  3011 I columnmanager: set tvid:null
04-11 11:25:14.222  3011  3011 D WSCardManager: stop
04-11 11:25:14.222  3011  3011 D WSLiveManager: stop
04-11 11:25:14.222  3011  3011 I columnmanager: set tvid:null
04-11 11:25:14.222  3011  3011 D Event   : No subscribers registered for event class com.kuyun.common.androidtv.base.UIMessageDispatchCenter$ChangeTVCloseCardEvent
04-11 11:25:14.222  3011  3011 D Event   : No subscribers registered for event class de.greenrobot.event.NoSubscriberEvent
04-11 11:25:14.230 32240 32240 D SignalSourceManager: MainActivity -- setVolumeMute : false
04-11 11:25:14.230 32240 32240 D SignalManager-mstar: enableMute false
04-11 11:25:14.230 32240 32240 I AudioManager_JNI: native_disableMute 
04-11 11:25:14.230  1121  1121 I tvos    : Audiobsp sssound::SetMute..
04-11 11:25:14.230 32240 32240 D SignalSourceManager: BaseUIActivity -- sendStatusToKuyun()--> infalse
04-11 11:25:14.234 32240 32240 D SignalSourceManager: SourceBase -- onStop
04-11 11:25:14.234  1587  1599 D DesktopManagerService: isStorageMode
04-11 11:25:14.234  1310  1358 E LETV_DEVICE: int get_device_attr(const char*, char*) name=Model
04-11 11:25:14.238 32240 32240 D SignalSourceManager: SourceBase -- onStop switchToStorage storageMode is true
04-11 11:25:14.238 32240 32240 W ContextImpl: Calling a method in the system process without a qualified user: android.app.ContextImpl.startService:1412 android.content.ContextWrapper.startService:473 com.stv.signalsourcemanager.SourceBase.startReportService:923 com.stv.signalsourcemanager.SourceBase.onStop:211 com.stv.signalsourcemanager.mstar.MstarSource.onStop:40 
04-11 11:25:14.242  1310  1945 E LETV_DEVICE: int get_device_attr(const char*, char*) name=eth
04-11 11:25:14.242 32240 32240 D SignalSourceManager: KKSDKManager -- mSDKInited is false,so do nothing!
04-11 11:25:14.242 32240 32240 D SignalSourceManager: SourceBase -- onStop end
04-11 11:25:14.242 32240 32240 D SignalSourceManager: MstarSource -- onStop
04-11 11:25:14.242 32240 32240 D SignalSourceManager: MainActivity -- setVolumeMute : false
04-11 11:25:14.242 32240 32240 D SignalManager-mstar: enableMute false
04-11 11:25:14.242 32240 32240 I AudioManager_JNI: native_disableMute 
04-11 11:25:14.246  1310  1946 E LETV_DEVICE: int get_device_attr(const char*, char*) name=eth
04-11 11:25:14.246  1121  1121 I tvos    : Audiobsp sssound::SetMute..
04-11 11:25:14.246 32240 32240 D SignalSourceManager: MainActivity -- onStop end
04-11 11:25:14.246 32240 32240 D SignalSourceManager: AudienceRatingService -- intent=Intent { act=com.letv.sourcemanager.stop flg=0x10 }
04-11 11:25:14.246 32240 32240 D SignalSourceManager: AudienceRatingService -- Leave source manager stop date report
04-11 11:25:14.246  1310  1310 E LETV_DEVICE: int get_device_attr(const char*, char*) name=releaseversion
04-11 11:25:14.246 32240 32240 D SignalSourceManager: AudienceRatingService -- intent=Intent { act=com.kuyun.identifer.info flg=0x10 (has extras) }
04-11 11:25:14.246 32240 32240 D SignalSourceManager: AudienceRatingService --  AudienceRatingService tvSignal=0,  tvId=,   tvName=
04-11 11:25:14.250 32240 32240 D SignalSourceManager: InitService -- onStart 71
04-11 11:25:14.250 32240 32266 D SignalSourceManager: InitService -- handleMessage 0
04-11 11:25:14.250  1310  1358 E LETV_DEVICE: int get_device_attr(const char*, char*) name=Model
04-11 11:25:14.250 32240 32266 D SignalSourceManager: InitService -- onNewIntent 2
04-11 11:25:14.250 32240 32266 D SignalSourceManager: InitService -- EVENT_REPORT_LOG get port port_from_db, report id 2
04-11 11:25:14.250 32240 32266 D SignalManager-mstar: getCurrentPortStringFromDb
04-11 11:25:14.250 32240 32266 D SignalSourceManager: PortManager -- getCurrentPortFromDB ---> In
04-11 11:25:14.254  1861  2565 I StvLogReport: StargazerReportTask, {"uid":"","app":"信号源","channelName":"","time":1491881114,"model":"S243F","status":"播放","devid":"S243F-c80e777673a7-","seq":201,"mac":"c80e777673a7","signalType":"直播","clientVersion":"6.0.239T_0410"}
04-11 11:25:14.262  1861  2565 I StvLogReport: StargazerReportTask, reponse1 : {"status":"OK","statusCode":200,"message":"succeefully"}
04-11 11:25:14.266 32240 32266 D SignalSourceManager: Utils -- isS40Products in
04-11 11:25:14.266  1310  1945 E LETV_DEVICE: int get_device_attr(const char*, char*) name=Model
04-11 11:25:14.270  1310  1946 E LETV_DEVICE: int get_device_attr(const char*, char*) name=Model
04-11 11:25:14.270 32240 32266 D SignalSourceManager: PortManager -- getCurrentPortFromDB ---> end
04-11 11:25:14.270 32240 32266 D SignalSourceManager: InitService -- EVENT_REPORT_LOG get port HDMI 1
04-11 11:25:14.274 32240 32266 D SignalSourceManager: ReportLogUtil -- report msg signalId=2&signalType=HDMI 1
04-11 11:25:14.274 32240 32266 W ContextImpl: Calling a method in the system process without a qualified user: android.app.ContextImpl.bindService:1466 android.content.ContextWrapper.bindService:496 com.android.letvmanager.ReportLogManager.connectToService:255 com.android.letvmanager.ReportLogManager.reportToStargazer:352 com.android.letvmanager.LetvManager.onReportToCloud:504 
04-11 11:25:14.282 32240 32266 D LetvManager-JNI: get postmsg:action=signalSource&signalId=2&signalType=HDMI 1, getmsg:NULL, msgType:tvAction
04-11 11:25:14.282  1310  1310 D LetvManager-Service: line:65 fun:onReportLog msgType:tvAction, getmsg:(null), postmsg:action=signalSource&signalId=2&signalType=HDMI 1
04-11 11:25:14.282  1310  1310 D LetvManager-LogList: [letv_loglist_write]--------------------list num:1
04-11 11:25:14.282 32240 32266 D SignalSourceManager: InitService -- EVENT_REPORT_LOG get reportType -1
04-11 11:25:14.314  1121  1121 I tvos    : setsoundmutestatus, mute hp! 
04-11 11:25:14.314  1121  1121 I tvos    : SetSoundMute, audio effect chip is not ready now!
04-11 11:25:14.354  1587  1652 D WifiStateMachine: handleMessage: E msg.what=131155
04-11 11:25:14.354  1587  1652 D WifiStateMachine: processMsg: ConnectedState
04-11 11:25:14.354  1587  1652 D WifiStateMachine: processMsg: L2ConnectedState
04-11 11:25:14.354  1587  1652 D WifiNative-wlan0: doString: SIGNAL_POLL
04-11 11:25:14.354  1936  1936 D wpa_supplicant: RX ctrl_iface - hexdump(len=11): 53 49 47 4e 41 4c 5f 50 4f 4c 4c
04-11 11:25:14.354  1936  1936 D wpa_supplicant: nl80211: survey data missing!
04-11 11:25:14.358  1587  1652 D WifiStateMachine: handleMessage: X
04-11 11:25:14.414  1310  1357 D LetvManager-LogReport: send msg to server++++++++ msg type:19
04-11 11:25:14.414  1310  1357 D LetvManager-LogReport: ====================== msg type:19, m_bootstart:0
04-11 11:25:14.414  1310  1357 E LETV_DEVICE: int get_device_attr(const char*, char*) name=uitype
04-11 11:25:14.414  1310  1357 D LetvManager-LogReport: [send_msg] ========= m_leurl.ip:1863487699, port:20480, path:/2bx0/api
04-11 11:25:14.414  1310  1357 E LETV_DEVICE: int get_device_attr(const char*, char*) name=uitype
04-11 11:25:14.418  1310  1357 D LetvManager-LogReport: [send_msg] report url = http://develop.bigdata.letv.com:80/2bx0/api/log/tvAction
04-11 11:25:14.418  1310  1357 D LetvManager-http: [HTTPCLIENT]ip=1863487699, port=20480, timeout=10000
04-11 11:25:14.426  1310  1357 I LetvManager-http: ===========Log Post=============
04-11 11:25:14.426  1310  1357 I LetvManager-http: action=desktopShowLonger&desktop=0&packageName=com.stv.signalsourcemanager&sv=2.0&mac=c80e777673a7&model=S243F&channel=LETV&version=V2201RCN02C060239B04101T&versionName=6.0.239T_0410&uiVersion=6.0&sessionId=ANNveKTTbkQZZhoWFFluCCaIPxxgOVVd&logreportpid=1310&logtime=49505&lognum=849&retry=0&uid=
04-11 11:25:14.426  1310  1357 I LetvManager-http: =========================
04-11 11:25:14.454  1310  1357 I LetvManager-LogReport: [send_msg]line:518 retcode:200 
04-11 11:25:14.454  1310  1357 I LetvManager-LogReport: Response:
04-11 11:25:14.454  1310  1357 D LetvManager-LogReport: send log to server success!
04-11 11:25:14.514  1861  1960 I [T0.9.9]EuiAgnes_MessageProcessor: dealMsg@4218adb8,pri:1,sendCond:0
04-11 11:25:14.514  1861  1961 W System.err: java.lang.IllegalArgumentException: Unknown URL content://com.letv.agnes.InfoProvider
04-11 11:25:14.514  1861  1961 W System.err: 	at android.content.ContentResolver.delete(ContentResolver.java:1002)
04-11 11:25:14.514  1861  1961 W System.err: 	at com.letv.tracker2.agnes.a.d(Unknown Source)
04-11 11:25:14.514  1861  1961 W System.err: 	at com.letv.tracker2.agnes.a.bg(Unknown Source)
04-11 11:25:14.514  1861  1961 W System.err: 	at com.letv.tracker2.agnes.o.handleMessage(Unknown Source)
04-11 11:25:14.514  1861  1961 E ActivityThread: Failed to find provider info for com.letv.agnes.InfoProvider
04-11 11:25:14.518  1861  1961 W System.err: 	at android.os.Handler.dispatchMessage(Handler.java:99)
04-11 11:25:14.518  1861  1961 W System.err: 	at android.os.Looper.loop(Looper.java:137)
04-11 11:25:14.518  1861  1961 W System.err: 	at com.letv.tracker2.agnes.f.run(Unknown Source)
04-11 11:25:14.518  1861  1961 W System.err: java.lang.IllegalArgumentException: Unknown URL content://com.letv.agnes.InfoProvider
04-11 11:25:14.518  1861  1961 W System.err: 	at android.content.ContentResolver.insert(ContentResolver.java:910)
04-11 11:25:14.518  1861  1961 E ActivityThread: Failed to find provider info for com.letv.agnes.InfoProvider
04-11 11:25:14.522  1861  1961 W System.err: 	at com.letv.tracker2.agnes.a.bg(Unknown Source)
04-11 11:25:14.522  1861  1961 W System.err: 	at com.letv.tracker2.agnes.o.handleMessage(Unknown Source)
04-11 11:25:14.522  1861  1961 W System.err: 	at android.os.Handler.dispatchMessage(Handler.java:99)
04-11 11:25:14.522  1861  1961 W System.err: 	at android.os.Looper.loop(Looper.java:137)
04-11 11:25:14.522  1861  1961 W System.err: 	at com.letv.tracker2.agnes.f.run(Unknown Source)
04-11 11:25:14.542  1861  1960 I [T0.9.9]EuiAgnes_sEvt: event:close,app:TVUsageStats,widget:,Send success.
04-11 11:25:14.654  1310  1357 D LetvManager-LogReport: send msg to server++++++++ msg type:19
04-11 11:25:14.654  1310  1357 D LetvManager-LogReport: ====================== msg type:19, m_bootstart:0
04-11 11:25:14.654  1310  1357 E LETV_DEVICE: int get_device_attr(const char*, char*) name=uitype
04-11 11:25:14.658  1310  1357 D LetvManager-LogReport: [send_msg] ========= m_leurl.ip:1863487699, port:20480, path:/2bx0/api
04-11 11:25:14.658  1310  1357 E LETV_DEVICE: int get_device_attr(const char*, char*) name=uitype
04-11 11:25:14.658  1310  1357 D LetvManager-LogReport: [send_msg] report url = http://develop.bigdata.letv.com:80/2bx0/api/log/tvAction
04-11 11:25:14.658  1310  1357 D LetvManager-http: [HTTPCLIENT]ip=1863487699, port=20480, timeout=10000
04-11 11:25:14.662  1310  1357 I LetvManager-http: ===========Log Post=============
04-11 11:25:14.662  1310  1357 I LetvManager-http: action=signalSource&signalId=2&signalType=HDMI 1&sv=2.0&mac=c80e777673a7&model=S243F&channel=LETV&version=V2201RCN02C060239B04101T&versionName=6.0.239T_0410&uiVersion=6.0&sessionId=ANNveKTTbkQZZhoWFFluCCaIPxxgOVVd&logreportpid=1310&logtime=49505&lognum=850&retry=0&uid=
04-11 11:25:14.662  1310  1357 I LetvManager-http: =========================
04-11 11:25:14.686  1310  1357 I LetvManager-LogReport: [send_msg]line:518 retcode:200 
04-11 11:25:14.686  1310  1357 I LetvManager-LogReport: Response:
04-11 11:25:14.686  1310  1357 D LetvManager-LogReport: send log to server success!
04-11 11:25:14.694  1587  1606 D ActivityManager-Killer: stopBackgroundIfNeeded()
04-11 11:25:14.698  1587  1606 D ActivityManager-Killer: VISIBLE_APP: com.stv.launcher
04-11 11:25:14.702  1587  1606 D ActivityManager-Killer: VISIBLE_APP related service apps: com.stv.cdeapk
04-11 11:25:14.702  1587  1606 D ActivityManager-Killer: VISIBLE_APP related service apps: com.stv.launcher
04-11 11:25:14.702  1587  1606 D ActivityManager-Killer: VISIBLE_APP related service apps: com.stv.reportlog
04-11 11:25:14.702  1587  1606 D ActivityManager-Killer: VISIBLE_APP related service apps: com.letv.tv
04-11 11:25:14.702  1587  1606 D ActivityManager-Killer: VISIBLE_APP related service apps: com.stv.voice
04-11 11:25:14.702  1587  1606 D ActivityManager-Killer: VISIBLE_APP related provider apps: android
04-11 11:25:14.702  1587  1606 D ActivityManager-Killer: VISIBLE_APP related provider apps: com.android.location.fused
04-11 11:25:14.702  1587  1606 D ActivityManager-Killer: VISIBLE_APP related provider apps: com.stv.reportService
04-11 11:25:14.702  1587  1606 D ActivityManager-Killer: VISIBLE_APP related provider apps: com.android.providers.settings
04-11 11:25:14.702  1587  1606 D ActivityManager-Killer: VISIBLE_APP related provider apps: com.stv.commonservice
04-11 11:25:14.706  1587  1606 D ActivityManager-Killer: killProcessIfNeeded: Enough memory: 331176/118784
04-11 11:25:15.546  1861  1961 W System.err: java.lang.IllegalArgumentException: Unknown URL content://com.letv.agnes.InfoProvider
04-11 11:25:15.546  1861  1961 W System.err: 	at android.content.ContentResolver.delete(ContentResolver.java:1002)
04-11 11:25:15.546  1861  1960 I [T0.9.9]EuiAgnes_MessageProcessor: dealMsg@42204cf0,pri:1,sendCond:0
04-11 11:25:15.546  1861  1961 W System.err: 	at com.letv.tracker2.agnes.a.d(Unknown Source)
04-11 11:25:15.546  1861  1961 W System.err: 	at com.letv.tracker2.agnes.a.bg(Unknown Source)
04-11 11:25:15.546  1861  1961 W System.err: 	at com.letv.tracker2.agnes.o.handleMessage(Unknown Source)
04-11 11:25:15.546  1861  1961 W System.err: 	at android.os.Handler.dispatchMessage(Handler.java:99)
04-11 11:25:15.546  1861  1961 W System.err: 	at android.os.Looper.loop(Looper.java:137)
04-11 11:25:15.546  1861  1961 W System.err: 	at com.letv.tracker2.agnes.f.run(Unknown Source)
04-11 11:25:15.546  1861  1961 W System.err: java.lang.IllegalArgumentException: Unknown URL content://com.letv.agnes.InfoProvider
04-11 11:25:15.546  1861  1961 E ActivityThread: Failed to find provider info for com.letv.agnes.InfoProvider
04-11 11:25:15.546  1861  1961 E ActivityThread: Failed to find provider info for com.letv.agnes.InfoProvider
04-11 11:25:15.550  1861  1961 W System.err: 	at android.content.ContentResolver.insert(ContentResolver.java:910)
04-11 11:25:15.550  1861  1961 W System.err: 	at com.letv.tracker2.agnes.a.bg(Unknown Source)
04-11 11:25:15.550  1861  1961 W System.err: 	at com.letv.tracker2.agnes.o.handleMessage(Unknown Source)
04-11 11:25:15.550  1861  1961 W System.err: 	at android.os.Handler.dispatchMessage(Handler.java:99)
04-11 11:25:15.550  1861  1961 W System.err: 	at android.os.Looper.loop(Looper.java:137)
04-11 11:25:15.550  1861  1961 W System.err: 	at com.letv.tracker2.agnes.f.run(Unknown Source)
04-11 11:25:15.570  1861  1960 I [T0.9.9]EuiAgnes_sEvt: event:open,app:TVUsageStats,widget:,Send success.
04-11 11:25:15.794  1587  1625 D InputDispatcher: notifyKey - eventTime=49543731541000, deviceId=3, source=0x301, policyFlags=0x2, action=0x0, flags=0x8, keyCode=21, scanCode=105, metaState=0x0, downTime=49543731541000
04-11 11:25:15.798  1587  1624 W ContextImpl: Calling a method in the system process without a qualified user: android.app.ContextImpl.sendBroadcast:1069 com.android.internal.policy.impl.PhoneWindowManager.interceptKeyBeforeDispatching:2609 com.android.server.wm.InputMonitor.interceptKeyBeforeDispatching:354 com.android.server.input.InputManagerService.interceptKeyBeforeDispatching:1463 dalvik.system.NativeStart.run:-2 
04-11 11:25:15.814  1772  1772 D LetvPinyinIME: record_sound -- onKeyDown keyCode:21
04-11 11:25:15.838  1820  1820 D Launcher: TabSpace -- findNextFocus com.stv.launcher.widget.TabItemNew{435fcf70 V.E...C. ........ 0,7-232,67}
04-11 11:25:15.838  1820  1820 D Launcher: TabSpace -- dispatchKeyEvent handled = false
04-11 11:25:15.842  1820  1820 D Launcher: LauncherActivity -- handle left key to Signal, desktopIndex=0
04-11 11:25:15.842  1820  1820 I SoundEffectUtil: enter : func playSoundEffect
04-11 11:25:15.842  1292  1633 D AudioPolicyManagerBase: STRATEGY_PHONE ====> device 2
04-11 11:25:15.850  1587  2119 V PackageManager: getActivityInfo ComponentInfo{com.stv.signalsourcemanager/com.stv.signalsourcemanager.MainActivity}: Activity{4219fd70 com.stv.signalsourcemanager/.MainActivity}
04-11 11:25:15.850  1587  2119 V PackageManager: isEnabledLock - packageName = com.stv.signalsourcemanager componentName = com.stv.signalsourcemanager.MainActivity
04-11 11:25:15.850  1587  2119 V PackageManager: enabledComponents: []
04-11 11:25:15.850  1587  2119 V PackageManager: disabledComponents: []
04-11 11:25:15.854  1587  2119 I ActivityManager: START u0 {cmp=com.stv.signalsourcemanager/.MainActivity} from pid 1820
04-11 11:25:15.922  1292  1292 D AudioPolicyManagerBase: STRATEGY_PHONE ====> device 2
04-11 11:25:15.934  1820  2194 W ContextImpl: Calling a method in the system process without a qualified user: android.app.ContextImpl.bindService:1466 android.content.ContextWrapper.bindService:496 com.android.letvmanager.ReportLogManager.connectToService:255 com.android.letvmanager.ReportLogManager.reportToStargazer:352 com.android.letvmanager.LetvManager.onReportToCloud:504 
04-11 11:25:15.938  1587  2119 D dalvikvm: GC_FOR_ALLOC freed 1571K, 61% free 8126K/20592K, paused 50ms, total 50ms
04-11 11:25:15.938  1587  2119 I am_pause_activity: [0,1110800432,com.stv.launcher/.activity.Launcher]
04-11 11:25:15.938  1587  2119 I am_task_to_front: [0,4]
04-11 11:25:15.938  1587  2119 I am_new_intent: [0,1112553744,4,com.stv.signalsourcemanager/.MainActivity,NULL,NULL,NULL,4194304]
04-11 11:25:15.942  1310  1358 E LETV_DEVICE: int get_device_attr(const char*, char*) name=Model
04-11 11:25:15.942  1820  2194 D LetvManager-JNI: get postmsg:action=desktopShow&desktop=5&packageName=com.stv.plugin.app, getmsg:NULL, msgType:tvAction
04-11 11:25:15.942  1310  1945 D LetvManager-Service: line:65 fun:onReportLog msgType:tvAction, getmsg:(null), postmsg:action=desktopShow&desktop=5&packageName=com.stv.plugin.app
04-11 11:25:15.942  1820  1820 D Launcher: ReportLogUtil -- reportDesktopDisappear
04-11 11:25:15.942  1820  1820 D Launcher: LauncherAdapterPresenter -- onActivityStop --> currentTab=0 currentShow=0  cf=AppFragment{445077f0 #0 id=0x7f0d001e}
04-11 11:25:15.942  1820  1820 I AppPlugin: AppFragment -- === onFragmentShowChanged === gainShow : false
04-11 11:25:15.942  1820  1820 D LeleVoiceSDK: -exitFullVoice-
04-11 11:25:15.942  2230  2243 D LeVoice_WindowService: exitSceneVoice, a284e033-7fdd-4730-ac49-df5271c2d771
04-11 11:25:15.942  2230  2243 I LeVoice_SDK_VoiceHelper:  - exitScene udid:a284e033-7fdd-4730-ac49-df5271c2d771
04-11 11:25:15.942  1820  1820 D LeleVoiceSDK: -unbindService-
04-11 11:25:15.942  1820  1820 W PluginFramework -- WidgetContextWrapper: 框架unbind操作失败，则交给Context自己处理
04-11 11:25:15.946  1310  1946 E LETV_DEVICE: int get_device_attr(const char*, char*) name=eth
04-11 11:25:15.946  1310  1310 E LETV_DEVICE: int get_device_attr(const char*, char*) name=eth
04-11 11:25:15.946  1820  2194 W ContextImpl: Calling a method in the system process without a qualified user: android.app.ContextImpl.bindService:1466 android.content.ContextWrapper.bindService:496 com.android.letvmanager.ReportLogManager.connectToService:255 com.android.letvmanager.ReportLogManager.reportToAgnes:370 com.android.letvmanager.LetvManager.reportEvent:520 
04-11 11:25:15.950  1310  1358 E LETV_DEVICE: int get_device_attr(const char*, char*) name=platform
04-11 11:25:15.950  1310  1946 E LETV_DEVICE: int get_device_attr(const char*, char*) name=releaseversion
04-11 11:25:15.950  1820  1820 I AppPlugin: AppFragment --  onFragmentShowChanged AppWorkspace.mState : STATE_NORMAL AppFolderWorkspace.mState = STATE_NORMAL
04-11 11:25:15.950  1820  1820 I AppPlugin: AppWorkspace --  cancelUpdateBroadcast 
04-11 11:25:15.950  1310  1945 E LETV_DEVICE: int get_device_attr(const char*, char*) name=Model
04-11 11:25:15.954  1310  1310 E LETV_DEVICE: int get_device_attr(const char*, char*) name=sn
04-11 11:25:15.954  1820  1820 D Launcher: [SDK][BaseFragment]:==> onFragmentShowChanged  [null] false, take 9 ms
04-11 11:25:15.954  1820  1820 D Launcher: LauncherActivity -- switch to signal true
04-11 11:25:15.954  1310  1310 E LETV_DEVICE: read env sn Failed
04-11 11:25:15.954  1310  1310 D LetvManager-Util: [get_device] get package sn key error
04-11 11:25:15.954  1861  2659 I StvLogReport: StargazerReportTask, action=desktopShow&desktop=5&packageName=com.stv.plugin.app
04-11 11:25:15.958  1820  2194 W ContextImpl: Calling a method in the system process without a qualified user: android.app.ContextImpl.bindService:1466 android.content.ContextWrapper.bindService:496 com.android.letvmanager.ReportLogManager.connectToService:255 com.android.letvmanager.ReportLogManager.reportToStargazer:352 com.android.letvmanager.LetvManager.onReportToCloud:504 
04-11 11:25:15.962  1820  2194 D LetvManager-JNI: get postmsg:action=desktopShowTab, getmsg:NULL, msgType:tvAction
04-11 11:25:15.962  1310  4796 D LetvManager-Service: line:65 fun:onReportLog msgType:tvAction, getmsg:(null), postmsg:action=desktopShowTab
04-11 11:25:15.962  1310  4796 D LetvManager-LogList: [letv_loglist_write]--------------------list num:1
04-11 11:25:15.962  1861  2659 I StvLogReport: StargazerReportTask, reponse2 : {"status":"OK","statusCode":200,"message":"succeefully"}
04-11 11:25:15.962  1587  1625 D InputDispatcher: notifyKey - eventTime=49543899719000, deviceId=3, source=0x301, policyFlags=0x0, action=0x1, flags=0x8, keyCode=21, scanCode=105, metaState=0x0, downTime=49543731541000
04-11 11:25:15.962  1820  2194 W ContextImpl: Calling a method in the system process without a qualified user: android.app.ContextImpl.bindService:1466 android.content.ContextWrapper.bindService:496 com.android.letvmanager.ReportLogManager.connectToService:255 com.android.letvmanager.ReportLogManager.reportToAgnes:370 com.android.letvmanager.LetvManager.reportEvent:520 
04-11 11:25:15.966  1587  1624 W ContextImpl: Calling a method in the system process without a qualified user: android.app.ContextImpl.sendBroadcast:1069 com.android.internal.policy.impl.PhoneWindowManager.interceptKeyBeforeDispatching:2609 com.android.server.wm.InputMonitor.interceptKeyBeforeDispatching:354 com.android.server.input.InputManagerService.interceptKeyBeforeDispatching:1463 dalvik.system.NativeStart.run:-2 
04-11 11:25:15.970  1310  4797 E LETV_DEVICE: int get_device_attr(const char*, char*) name=sn
04-11 11:25:15.970  1310  4797 E LETV_DEVICE: read env sn Failed
04-11 11:25:15.970  1310  4797 D LetvManager-Util: [get_device] get package sn key error
04-11 11:25:15.970  1820  1820 D Launcher: LauncherApplication --  onActivityPaused ComponentInfo{com.stv.launcher/com.stv.launcher.activity.Launcher}
04-11 11:25:15.970  1820  1820 V FragmentManager: movefrom RESUMED: AppFragment{445077f0 #0 id=0x7f0d001e}
04-11 11:25:15.974  1820  1820 V FragmentManager: movefrom RESUMED: LauncherFragment{42b9d228 #1 id=0x7f0d001e}
04-11 11:25:15.974  1820  1820 V FragmentManager: movefrom RESUMED: PlayerMainFragment{430debd0 #0 id=0x7f0e0013 PlayerMainFragment}
04-11 11:25:15.974  1820  1820 I TvLiveBaseFragment: onPause
04-11 11:25:15.974  1820  1820 I PlayerMainFragment: PlayMainFragment onFragmentPause
04-11 11:25:15.974  1820  1820 D LauncherFragment: LauncherFragment onPause
04-11 11:25:15.974  1820  1820 V FragmentManager: movefrom RESUMED: VideoFragment{42b5f718 #2 id=0x7f0d001e}
04-11 11:25:15.974  1820  1820 V FragmentManager: movefrom RESUMED: SearchFragment{42ac0dc8 #3 id=0x7f0d001e}
04-11 11:25:15.974  1820  1820 V FragmentManager: movefrom RESUMED: VideoFragment{42f492b0 #4 id=0x7f0d001e}
04-11 11:25:15.974  1820  1820 I Launcher: LauncherActivity -- onPause  mBootSignalFirst=false
04-11 11:25:15.974  1820  1820 I Launcher: ===== enalbeAllKey =====
04-11 11:25:15.974  1587  1740 D WindowManager: setBlockVoiceKey = false
04-11 11:25:15.974  1587  1599 D WindowManager: setBlockSourceKey = false
04-11 11:25:15.974  1587  1598 D WindowManager: setBlockSettingKey = false
04-11 11:25:15.974  1587  1868 D WindowManager: setBlockFunctionKeys = false
04-11 11:25:15.974  1587  6584 D WindowManager: setBlockHomeKey = false
04-11 11:25:15.974  1820  1820 I am_on_paused_called: [0,com.stv.launcher.activity.Launcher]
04-11 11:25:15.974  1820  2194 W ContextImpl: Calling a method in the system process without a qualified user: android.app.ContextImpl.bindService:1466 android.content.ContextWrapper.bindService:496 com.android.letvmanager.ReportLogManager.connectToService:255 com.android.letvmanager.ReportLogManager.reportToStargazer:352 com.android.letvmanager.LetvManager.onReportToCloud:504 
04-11 11:25:15.982  1820  2194 D LetvManager-JNI: get postmsg:action=plugDisappear&desktopId=com.stv.plugin.app&plugVersion=1.0.1&totalTime=2, getmsg:NULL, msgType:tvAction
04-11 11:25:15.982  1310  1358 D LetvManager-Service: line:65 fun:onReportLog msgType:tvAction, getmsg:(null), postmsg:action=plugDisappear&desktopId=com.stv.plugin.app&plugVersion=1.0.1&totalTime=2
04-11 11:25:15.982  1310  1358 D LetvManager-LogList: [letv_loglist_write]--------------------list num:2
04-11 11:25:15.982  1820  2194 W ContextImpl: Calling a method in the system process without a qualified user: android.app.ContextImpl.bindService:1466 android.content.ContextWrapper.bindService:496 com.android.letvmanager.ReportLogManager.connectToService:255 com.android.letvmanager.ReportLogManager.reportToAgnes:370 com.android.letvmanager.LetvManager.reportEvent:520 
04-11 11:25:15.982  1587  8134 V ActivityManager: add to pkglist=com.android.gallery3d
04-11 11:25:15.986  1587  8134 I PictureManager_JNI: keepScalerOutput4k2k
04-11 11:25:15.986  1587  8134 V ActivityManager: !!!!!not keep the scalar to 4k2k30hz
04-11 11:25:15.986  1587  8134 V ActivityManager: r1) packageName=com.stv.signalsourcemanager finishing=false
04-11 11:25:15.986  1587  8134 V ActivityManager: r0) packageName=com.stv.launcher finishing=false
04-11 11:25:15.994 32240 32240 D SignalSourceManager: MainActivity -- onNewIntent
04-11 11:25:15.994 32240 32240 D SignalSourceManager: BaseUIActivity -- onNewIntent
04-11 11:25:15.994 32240 32240 D SignalSourceManager: SourceBase -- onNewIntent
04-11 11:25:15.994 32240 32240 D SignalSourceManager: MstarSource -- onNewIntent
04-11 11:25:15.994 32240 32240 D SignalManager-mstar: registerCallback 
04-11 11:25:15.994 32240 32240 D TvApp   : setHandler:0
04-11 11:25:15.994 32240 32240 D TvApp   : setHandler:1
04-11 11:25:15.994 32240 32240 D TvApp   : setHandler:5
04-11 11:25:15.994 32240 32240 D SignalSourceManager: MainActivity -- onNewIntent end
04-11 11:25:15.994  1587  8134 V PackageManager: getPackageInfo com.stv.launcher: Package{4230dec0 com.stv.launcher}
04-11 11:25:15.994  1587  8134 V PackageManager: getApplicationInfo com.stv.launcher: Package{4230dec0 com.stv.launcher}
04-11 11:25:15.994 32240 32240 D SignalSourceManager: MainActivity -- onStart
04-11 11:25:15.994 32240 32240 D SignalSourceManager: SourceBase -- getParentLockStatus  ----------> in
04-11 11:25:15.994  1310  1946 D LetvManager-Service: line:55 fun:isRunReportLog is call!
04-11 11:25:15.994  1587  1908 D DesktopManagerService: getAllLockedDesktopTags
04-11 11:25:15.994 32240 32240 D SignalSourceManager: SourceBase -- getParentLockStatus  ----------> in map = null
04-11 11:25:15.994 32240 32240 D SignalSourceManager: BootFinishUtil -- check boot finishfinish1
04-11 11:25:15.994 32240 32240 D SignalSourceManager: BaseUIActivity -- show loading animation
04-11 11:25:15.994 32240 32240 D SignalSourceManager: BaseUIActivity -- showNoSignal ---> In, isShow:false
04-11 11:25:15.994 32240 32240 D SignalSourceManager: MainActivity -- closeScreenSaver ---> In
04-11 11:25:15.994  1587  8134 I am_resume_activity: [0,1113194184,4,com.stv.signalsourcemanager/.MainActivity]
04-11 11:25:15.998 32240 32240 D SignalSourceManager: MainActivity -- mSurfaceView ---> setKeepScreenOn:true
04-11 11:25:15.998 32240 32240 D SignalSourceManager: MainActivity -- mSurfaceHolder ---> setKeepScreenOn:true
04-11 11:25:15.998 32240 32240 D SignalSourceManager: BaseUIActivity -- mPortInfoView.hideNoSignal()
04-11 11:25:15.998 32240 32240 D SignalSourceManager: BaseUIActivity -- adjustLoadingProgressShow() in
04-11 11:25:15.998 32240 32240 D SignalSourceManager: BaseUIActivity -- showLoading true
04-11 11:25:15.998 32240 32240 D SignalSourceManager: BaseUIActivity -- showUnsupportTiming ---> isShow:false
04-11 11:25:15.998 32240 32240 D SignalSourceManager: BaseUIActivity -- showPortInfo ---> In
04-11 11:25:15.998 32240 32240 D SignalSourceManager: BaseUIActivity -- delay 300ms to avoid error port info
04-11 11:25:15.998 32240 32240 D SignalSourceManager: BaseUIActivity -- onStart
04-11 11:25:15.998 32240 32240 D SignalSourceManager: BaseActivity -- onStart
04-11 11:25:15.998  1587  8134 W ContextImpl: Calling a method in the system process without a qualified user: android.app.ContextImpl.bindService:1466 com.android.letvmanager.ReportLogManager.connectToService:255 com.android.letvmanager.ReportLogManager.reportToStargazer:352 com.android.letvmanager.LetvManager.onReportToCloud:504 com.android.letvmanager.LetvManager.onReportLog:468 
04-11 11:25:16.002  1587  8134 D LetvManager-JNI: get postmsg:action=appClose&name=桌面&packagename=com.stv.launcher&versionCode=20170215&appVersionName=0.5.7&mark=49, getmsg:NULL, msgType:tvAction
04-11 11:25:16.002  1310  1945 E LETV_DEVICE: int get_device_attr(const char*, char*) name=Model
04-11 11:25:16.002  1310  1310 D LetvManager-Service: line:65 fun:onReportLog msgType:tvAction, getmsg:(null), postmsg:action=appClose&name=桌面&packagename=com.stv.launcher&versionCode=20170215&appVersionName=0.5.7&mark=49
04-11 11:25:16.002  1310  1310 D LetvManager-LogList: [letv_loglist_write]--------------------list num:3
04-11 11:25:16.002  1310  4797 E LETV_DEVICE: int get_device_attr(const char*, char*) name=eth
04-11 11:25:16.002  1587  8134 W ContextImpl: Calling a method in the system process without a qualified user: android.app.ContextImpl.bindService:1466 com.android.letvmanager.ReportLogManager.connectToService:255 com.android.letvmanager.ReportLogManager.reportToAgnes:370 com.android.letvmanager.LetvManager.reportEvent:520 com.android.server.am.UsageStatsService.onLetvLogReport:770 
04-11 11:25:16.006  1310  1358 E LETV_DEVICE: int get_device_attr(const char*, char*) name=sn
04-11 11:25:16.006  1310  1946 E LETV_DEVICE: int get_device_attr(const char*, char*) name=eth
04-11 11:25:16.006  1310  1358 E LETV_DEVICE: read env sn Failed
04-11 11:25:16.006  1310  1358 D LetvManager-Util: [get_device] get package sn key error
04-11 11:25:16.010  1587  8134 V PackageManager: getPackageInfo com.stv.signalsourcemanager: Package{4224ab50 com.stv.signalsourcemanager}
04-11 11:25:16.010  1587  8134 V PackageManager: getApplicationInfo com.stv.signalsourcemanager: Package{4224ab50 com.stv.signalsourcemanager}
04-11 11:25:16.010  1310  1310 E LETV_DEVICE: int get_device_attr(const char*, char*) name=releaseversion
04-11 11:25:16.010  1310  4796 D LetvManager-Service: line:55 fun:isRunReportLog is call!
04-11 11:25:16.010  1310  1945 E LETV_DEVICE: int get_device_attr(const char*, char*) name=Model
04-11 11:25:16.014  1861  3696 I StvLogReport: StargazerReportTask, action=appClose&name=桌面&packagename=com.stv.launcher&versionCode=20170215&appVersionName=0.5.7&mark=49
04-11 11:25:16.014  1587  8134 D LetvManager-JNI: get postmsg:action=appOpen&name=SignalSourceManager&packagename=com.stv.signalsourcemanager&versionCode=1&appVersionName=1.0&mark=50, getmsg:NULL, msgType:tvAction
04-11 11:25:16.014  1310  4797 D LetvManager-Service: line:65 fun:onReportLog msgType:tvAction, getmsg:(null), postmsg:action=appOpen&name=SignalSourceManager&packagename=com.stv.signalsourcemanager&versionCode=1&appVersionName=1.0&mark=50
04-11 11:25:16.014  1310  4797 D LetvManager-LogList: [letv_loglist_write]--------------------list num:4
04-11 11:25:16.014  1587  8134 W ContextImpl: Calling a method in the system process without a qualified user: android.app.ContextImpl.bindService:1466 com.android.letvmanager.ReportLogManager.connectToService:255 com.android.letvmanager.ReportLogManager.reportToStargazer:352 com.android.letvmanager.LetvManager.onReportToCloud:504 com.android.letvmanager.LetvManager.onReportLog:468 
04-11 11:25:16.018  1310  1358 E LETV_DEVICE: int get_device_attr(const char*, char*) name=sn
04-11 11:25:16.018  1587  8134 W ContextImpl: Calling a method in the system process without a qualified user: android.app.ContextImpl.bindService:1466 com.android.letvmanager.ReportLogManager.connectToService:255 com.android.letvmanager.ReportLogManager.reportToAgnes:370 com.android.letvmanager.LetvManager.reportEvent:520 com.android.server.am.UsageStatsService.onLetvLogReport:773 
04-11 11:25:16.022  1310  1358 E LETV_DEVICE: read env sn Failed
04-11 11:25:16.022  1310  1358 D LetvManager-Util: [get_device] get package sn key error
04-11 11:25:16.026  1861  3696 I StvLogReport: StargazerReportTask, reponse2 : {"status":"OK","statusCode":200,"message":"succeefully"}
04-11 11:25:16.030  1772  1772 D LetvPinyinIME: record_sound -- onKeyUp keyCode:21
04-11 11:25:16.030 32240 32240 D SignalSourceManager: BaseActivity -- onStart after register
04-11 11:25:16.030  1310  1946 E LETV_DEVICE: int get_device_attr(const char*, char*) name=sn
04-11 11:25:16.030 32240 32240 W ContextImpl: Calling a method in the system process without a qualified user: android.app.ContextImpl.sendStickyBroadcast:1227 android.content.ContextWrapper.sendStickyBroadcast:406 com.stv.signalsourcemanager.BaseActivity.onStart:214 com.stv.signalsourcemanager.BaseUIActivity.onStart:376 com.stv.signalsourcemanager.MainActivity.onStart:308 
04-11 11:25:16.034 32240 32240 D SignalSourceManager: BaseActivity -- onStart after sendStickyBroadcast
04-11 11:25:16.034  1587  1868 D DesktopManagerService: setCurrentDesktopVisibility(isVisible=true)
04-11 11:25:16.034  3232  3232 D identifer-IdentiferService: action = com.letv.identifer.tvstate.enter
04-11 11:25:16.034  1587  6584 D DesktopManagerService: setCurrentDesktopIndex(desktopIndex=0)
04-11 11:25:16.034  3232  3232 D identifer-TvStatus: identify print current tvStatus -->currentScreen=signal,isEnter=true,channelName=null,channel_ename=null
04-11 11:25:16.034  3232  3232 D identifer-IdentiferService: clearTVid
04-11 11:25:16.034  3232  3232 D identifer-App: sendBroadcast...tvId = , tvName = , signal = 0
04-11 11:25:16.034  1820  1925 D Launcher: strDate: Tue, 11 Apr 2017 11:25:16 GMT
04-11 11:25:16.034  1820  1925 I Launcher: AdvertisingModel -- getLogoData url = http://beta.plugin.scloud.letv.com/tvplugin/pluginoperation/logo?tvmodel=S243F&mac=c80e777673a7
04-11 11:25:16.034  1820  1925 D Launcher: [SDK_HTTP][HttpManager]:com.stv.plugin.app enqueue http://beta.plugin.scloud.letv.com/tvplugin/pluginoperation/logo?tvmodel=S243F&mac=c80e777673a7
04-11 11:25:16.038  1587  1908 V PackageManager: isEnabledLock - packageName = com.stv.reportlog componentName = com.stv.reportlog.channel.stargazer.receiver.StargazerCustomReceiver
04-11 11:25:16.038  1587  1908 V PackageManager: enabledComponents: []
04-11 11:25:16.038  1587  1908 V PackageManager: disabledComponents: []
04-11 11:25:16.038 32240 32240 D SignalSourceManager: BaseActivity -- onStart after setCurrentDesktopIndex
04-11 11:25:16.038  3011  3011 D interact-IdentifyStatusReceiver: tvId=; tvName=;signal=0
04-11 11:25:16.038  3011  3011 D interact-IdentifyStatusReceiver: ***tvName=
04-11 11:25:16.038  3011  3011 D MyService: action = com.kuyun.identifer.info
04-11 11:25:16.038  3011  3011 D interact-MyService: logMsg: tvId=; tvName=;signal=0
04-11 11:25:16.038  1587  1908 D ActivityManager: isFilterBroadcast com.kuyun.identifer.info
